Archive member included to satisfy reference by file (symbol)

c:/program files/st/stm32cubeide_1.11.2/stm32cubeide/plugins/com.st.stm32cube.ide.mcu.externaltools.gnu-tools-for-stm32.10.3-2021.10.win32_1.0.100.202210260954/tools/bin/../lib/gcc/arm-none-eabi/10.3.1/../../../../arm-none-eabi/lib/thumb/v6-m/nofp\libc_nano.a(lib_a-exit.o)
                              c:/program files/st/stm32cubeide_1.11.2/stm32cubeide/plugins/com.st.stm32cube.ide.mcu.externaltools.gnu-tools-for-stm32.10.3-2021.10.win32_1.0.100.202210260954/tools/bin/../lib/gcc/arm-none-eabi/10.3.1/../../../../arm-none-eabi/lib/thumb/v6-m/nofp/crt0.o (exit)
c:/program files/st/stm32cubeide_1.11.2/stm32cubeide/plugins/com.st.stm32cube.ide.mcu.externaltools.gnu-tools-for-stm32.10.3-2021.10.win32_1.0.100.202210260954/tools/bin/../lib/gcc/arm-none-eabi/10.3.1/../../../../arm-none-eabi/lib/thumb/v6-m/nofp\libc_nano.a(lib_a-impure.o)
                              c:/program files/st/stm32cubeide_1.11.2/stm32cubeide/plugins/com.st.stm32cube.ide.mcu.externaltools.gnu-tools-for-stm32.10.3-2021.10.win32_1.0.100.202210260954/tools/bin/../lib/gcc/arm-none-eabi/10.3.1/../../../../arm-none-eabi/lib/thumb/v6-m/nofp\libc_nano.a(lib_a-exit.o) (_global_impure_ptr)
c:/program files/st/stm32cubeide_1.11.2/stm32cubeide/plugins/com.st.stm32cube.ide.mcu.externaltools.gnu-tools-for-stm32.10.3-2021.10.win32_1.0.100.202210260954/tools/bin/../lib/gcc/arm-none-eabi/10.3.1/../../../../arm-none-eabi/lib/thumb/v6-m/nofp\libc_nano.a(lib_a-init.o)
                              c:/program files/st/stm32cubeide_1.11.2/stm32cubeide/plugins/com.st.stm32cube.ide.mcu.externaltools.gnu-tools-for-stm32.10.3-2021.10.win32_1.0.100.202210260954/tools/bin/../lib/gcc/arm-none-eabi/10.3.1/../../../../arm-none-eabi/lib/thumb/v6-m/nofp/crt0.o (__libc_init_array)
c:/program files/st/stm32cubeide_1.11.2/stm32cubeide/plugins/com.st.stm32cube.ide.mcu.externaltools.gnu-tools-for-stm32.10.3-2021.10.win32_1.0.100.202210260954/tools/bin/../lib/gcc/arm-none-eabi/10.3.1/../../../../arm-none-eabi/lib/thumb/v6-m/nofp\libc_nano.a(lib_a-memset.o)
                              c:/program files/st/stm32cubeide_1.11.2/stm32cubeide/plugins/com.st.stm32cube.ide.mcu.externaltools.gnu-tools-for-stm32.10.3-2021.10.win32_1.0.100.202210260954/tools/bin/../lib/gcc/arm-none-eabi/10.3.1/../../../../arm-none-eabi/lib/thumb/v6-m/nofp/crt0.o (memset)
c:/program files/st/stm32cubeide_1.11.2/stm32cubeide/plugins/com.st.stm32cube.ide.mcu.externaltools.gnu-tools-for-stm32.10.3-2021.10.win32_1.0.100.202210260954/tools/bin/../lib/gcc/arm-none-eabi/10.3.1/thumb/v6-m/nofp\libgcc.a(_udivsi3.o)
                              ./Core/Src/led_driver.o (__aeabi_uidiv)
c:/program files/st/stm32cubeide_1.11.2/stm32cubeide/plugins/com.st.stm32cube.ide.mcu.externaltools.gnu-tools-for-stm32.10.3-2021.10.win32_1.0.100.202210260954/tools/bin/../lib/gcc/arm-none-eabi/10.3.1/thumb/v6-m/nofp\libgcc.a(_dvmd_tls.o)
                              c:/program files/st/stm32cubeide_1.11.2/stm32cubeide/plugins/com.st.stm32cube.ide.mcu.externaltools.gnu-tools-for-stm32.10.3-2021.10.win32_1.0.100.202210260954/tools/bin/../lib/gcc/arm-none-eabi/10.3.1/thumb/v6-m/nofp\libgcc.a(_udivsi3.o) (__aeabi_idiv0)
c:/program files/st/stm32cubeide_1.11.2/stm32cubeide/plugins/com.st.stm32cube.ide.mcu.externaltools.gnu-tools-for-stm32.10.3-2021.10.win32_1.0.100.202210260954/tools/bin/../lib/gcc/arm-none-eabi/10.3.1/thumb/v6-m/nofp\libgcc.a(_aeabi_uldivmod.o)
                              ./Drivers/STM32L0xx_HAL_Driver/Src/stm32l0xx_hal_rcc.o (__aeabi_uldivmod)
c:/program files/st/stm32cubeide_1.11.2/stm32cubeide/plugins/com.st.stm32cube.ide.mcu.externaltools.gnu-tools-for-stm32.10.3-2021.10.win32_1.0.100.202210260954/tools/bin/../lib/gcc/arm-none-eabi/10.3.1/thumb/v6-m/nofp\libgcc.a(_muldi3.o)
                              ./Drivers/STM32L0xx_HAL_Driver/Src/stm32l0xx_hal_rcc.o (__aeabi_lmul)
c:/program files/st/stm32cubeide_1.11.2/stm32cubeide/plugins/com.st.stm32cube.ide.mcu.externaltools.gnu-tools-for-stm32.10.3-2021.10.win32_1.0.100.202210260954/tools/bin/../lib/gcc/arm-none-eabi/10.3.1/thumb/v6-m/nofp\libgcc.a(_udivmoddi4.o)
                              c:/program files/st/stm32cubeide_1.11.2/stm32cubeide/plugins/com.st.stm32cube.ide.mcu.externaltools.gnu-tools-for-stm32.10.3-2021.10.win32_1.0.100.202210260954/tools/bin/../lib/gcc/arm-none-eabi/10.3.1/thumb/v6-m/nofp\libgcc.a(_aeabi_uldivmod.o) (__udivmoddi4)
c:/program files/st/stm32cubeide_1.11.2/stm32cubeide/plugins/com.st.stm32cube.ide.mcu.externaltools.gnu-tools-for-stm32.10.3-2021.10.win32_1.0.100.202210260954/tools/bin/../lib/gcc/arm-none-eabi/10.3.1/thumb/v6-m/nofp\libgcc.a(_clzdi2.o)
                              c:/program files/st/stm32cubeide_1.11.2/stm32cubeide/plugins/com.st.stm32cube.ide.mcu.externaltools.gnu-tools-for-stm32.10.3-2021.10.win32_1.0.100.202210260954/tools/bin/../lib/gcc/arm-none-eabi/10.3.1/thumb/v6-m/nofp\libgcc.a(_udivmoddi4.o) (__clzdi2)
[...]
Memory Configuration

Name             Origin             Length             Attributes
RAM              0x0000000020000000 0x0000000000002000 xrw
FLASH            0x0000000008000000 0x0000000000008000 xr
*default*        0x0000000000000000 0xffffffffffffffff

Linker script and memory map

LOAD c:/program files/st/stm32cubeide_1.11.2/stm32cubeide/plugins/com.st.stm32cube.ide.mcu.externaltools.gnu-tools-for-stm32.10.3-2021.10.win32_1.0.100.202210260954/tools/bin/../lib/gcc/arm-none-eabi/10.3.1/thumb/v6-m/nofp/crti.o
LOAD c:/program files/st/stm32cubeide_1.11.2/stm32cubeide/plugins/com.st.stm32cube.ide.mcu.externaltools.gnu-tools-for-stm32.10.3-2021.10.win32_1.0.100.202210260954/tools/bin/../lib/gcc/arm-none-eabi/10.3.1/thumb/v6-m/nofp/crtbegin.o
LOAD c:/program files/st/stm32cubeide_1.11.2/stm32cubeide/plugins/com.st.stm32cube.ide.mcu.externaltools.gnu-tools-for-stm32.10.3-2021.10.win32_1.0.100.202210260954/tools/bin/../lib/gcc/arm-none-eabi/10.3.1/../../../../arm-none-eabi/lib/thumb/v6-m/nofp/crt0.o
LOAD ./Core/Src/dma.o
LOAD ./Core/Src/gpio.o
LOAD ./Core/Src/i2c.o
LOAD ./Core/Src/input_handler.o
LOAD ./Core/Src/led_driver.o
LOAD ./Core/Src/main.o
LOAD ./Core/Src/output_handler.o
LOAD ./Core/Src/output_mixer.o
LOAD ./Core/Src/settings_sm.o
LOAD ./Core/Src/spi.o
LOAD ./Core/Src/stm32l0xx_hal_msp.o
LOAD ./Core/Src/stm32l0xx_it.o
LOAD ./Core/Src/system_stm32l0xx.o
LOAD ./Core/Src/tim.o
LOAD ./Core/Src/time_hander.o
LOAD ./Core/Startup/startup_stm32l031f6px.o
LOAD ./Drivers/STM32L0xx_HAL_Driver/Src/stm32l0xx_hal.o
LOAD ./Drivers/STM32L0xx_HAL_Driver/Src/stm32l0xx_hal_cortex.o
LOAD ./Drivers/STM32L0xx_HAL_Driver/Src/stm32l0xx_hal_dma.o
LOAD ./Drivers/STM32L0xx_HAL_Driver/Src/stm32l0xx_hal_exti.o
LOAD ./Drivers/STM32L0xx_HAL_Driver/Src/stm32l0xx_hal_flash.o
LOAD ./Drivers/STM32L0xx_HAL_Driver/Src/stm32l0xx_hal_flash_ex.o
LOAD ./Drivers/STM32L0xx_HAL_Driver/Src/stm32l0xx_hal_flash_ramfunc.o
LOAD ./Drivers/STM32L0xx_HAL_Driver/Src/stm32l0xx_hal_gpio.o
LOAD ./Drivers/STM32L0xx_HAL_Driver/Src/stm32l0xx_hal_i2c.o
LOAD ./Drivers/STM32L0xx_HAL_Driver/Src/stm32l0xx_hal_i2c_ex.o
LOAD ./Drivers/STM32L0xx_HAL_Driver/Src/stm32l0xx_hal_pwr.o
LOAD ./Drivers/STM32L0xx_HAL_Driver/Src/stm32l0xx_hal_pwr_ex.o
LOAD ./Drivers/STM32L0xx_HAL_Driver/Src/stm32l0xx_hal_rcc.o
LOAD ./Drivers/STM32L0xx_HAL_Driver/Src/stm32l0xx_hal_rcc_ex.o
LOAD ./Drivers/STM32L0xx_HAL_Driver/Src/stm32l0xx_hal_spi.o
LOAD ./Drivers/STM32L0xx_HAL_Driver/Src/stm32l0xx_hal_tim.o
LOAD ./Drivers/STM32L0xx_HAL_Driver/Src/stm32l0xx_hal_tim_ex.o
START GROUP
LOAD c:/program files/st/stm32cubeide_1.11.2/stm32cubeide/plugins/com.st.stm32cube.ide.mcu.externaltools.gnu-tools-for-stm32.10.3-2021.10.win32_1.0.100.202210260954/tools/bin/../lib/gcc/arm-none-eabi/10.3.1/../../../../arm-none-eabi/lib/thumb/v6-m/nofp\libstdc++_nano.a
LOAD c:/program files/st/stm32cubeide_1.11.2/stm32cubeide/plugins/com.st.stm32cube.ide.mcu.externaltools.gnu-tools-for-stm32.10.3-2021.10.win32_1.0.100.202210260954/tools/bin/../lib/gcc/arm-none-eabi/10.3.1/../../../../arm-none-eabi/lib/thumb/v6-m/nofp\libsupc++_nano.a
END GROUP
LOAD c:/program files/st/stm32cubeide_1.11.2/stm32cubeide/plugins/com.st.stm32cube.ide.mcu.externaltools.gnu-tools-for-stm32.10.3-2021.10.win32_1.0.100.202210260954/tools/bin/../lib/gcc/arm-none-eabi/10.3.1/../../../../arm-none-eabi/lib/thumb/v6-m/nofp\libstdc++_nano.a
LOAD c:/program files/st/stm32cubeide_1.11.2/stm32cubeide/plugins/com.st.stm32cube.ide.mcu.externaltools.gnu-tools-for-stm32.10.3-2021.10.win32_1.0.100.202210260954/tools/bin/../lib/gcc/arm-none-eabi/10.3.1/../../../../arm-none-eabi/lib/thumb/v6-m/nofp\libm.a
LOAD c:/program files/st/stm32cubeide_1.11.2/stm32cubeide/plugins/com.st.stm32cube.ide.mcu.externaltools.gnu-tools-for-stm32.10.3-2021.10.win32_1.0.100.202210260954/tools/bin/../lib/gcc/arm-none-eabi/10.3.1/../../../../arm-none-eabi/lib/thumb/v6-m/nofp\libc_nano.a
START GROUP
LOAD c:/program files/st/stm32cubeide_1.11.2/stm32cubeide/plugins/com.st.stm32cube.ide.mcu.externaltools.gnu-tools-for-stm32.10.3-2021.10.win32_1.0.100.202210260954/tools/bin/../lib/gcc/arm-none-eabi/10.3.1/thumb/v6-m/nofp\libgcc.a
LOAD c:/program files/st/stm32cubeide_1.11.2/stm32cubeide/plugins/com.st.stm32cube.ide.mcu.externaltools.gnu-tools-for-stm32.10.3-2021.10.win32_1.0.100.202210260954/tools/bin/../lib/gcc/arm-none-eabi/10.3.1/../../../../arm-none-eabi/lib/thumb/v6-m/nofp\libc_nano.a
END GROUP
START GROUP
LOAD c:/program files/st/stm32cubeide_1.11.2/stm32cubeide/plugins/com.st.stm32cube.ide.mcu.externaltools.gnu-tools-for-stm32.10.3-2021.10.win32_1.0.100.202210260954/tools/bin/../lib/gcc/arm-none-eabi/10.3.1/thumb/v6-m/nofp\libgcc.a
LOAD c:/program files/st/stm32cubeide_1.11.2/stm32cubeide/plugins/com.st.stm32cube.ide.mcu.externaltools.gnu-tools-for-stm32.10.3-2021.10.win32_1.0.100.202210260954/tools/bin/../lib/gcc/arm-none-eabi/10.3.1/../../../../arm-none-eabi/lib/thumb/v6-m/nofp\libc_nano.a
LOAD c:/program files/st/stm32cubeide_1.11.2/stm32cubeide/plugins/com.st.stm32cube.ide.mcu.externaltools.gnu-tools-for-stm32.10.3-2021.10.win32_1.0.100.202210260954/tools/bin/../lib/gcc/arm-none-eabi/10.3.1/../../../../arm-none-eabi/lib/thumb/v6-m/nofp\libnosys.a
END GROUP
START GROUP
LOAD c:/program files/st/stm32cubeide_1.11.2/stm32cubeide/plugins/com.st.stm32cube.ide.mcu.externaltools.gnu-tools-for-stm32.10.3-2021.10.win32_1.0.100.202210260954/tools/bin/../lib/gcc/arm-none-eabi/10.3.1/thumb/v6-m/nofp\libgcc.a
LOAD c:/program files/st/stm32cubeide_1.11.2/stm32cubeide/plugins/com.st.stm32cube.ide.mcu.externaltools.gnu-tools-for-stm32.10.3-2021.10.win32_1.0.100.202210260954/tools/bin/../lib/gcc/arm-none-eabi/10.3.1/../../../../arm-none-eabi/lib/thumb/v6-m/nofp\libc_nano.a
LOAD c:/program files/st/stm32cubeide_1.11.2/stm32cubeide/plugins/com.st.stm32cube.ide.mcu.externaltools.gnu-tools-for-stm32.10.3-2021.10.win32_1.0.100.202210260954/tools/bin/../lib/gcc/arm-none-eabi/10.3.1/../../../../arm-none-eabi/lib/thumb/v6-m/nofp\libnosys.a
END GROUP
LOAD c:/program files/st/stm32cubeide_1.11.2/stm32cubeide/plugins/com.st.stm32cube.ide.mcu.externaltools.gnu-tools-for-stm32.10.3-2021.10.win32_1.0.100.202210260954/tools/bin/../lib/gcc/arm-none-eabi/10.3.1/thumb/v6-m/nofp/crtend.o
LOAD c:/program files/st/stm32cubeide_1.11.2/stm32cubeide/plugins/com.st.stm32cube.ide.mcu.externaltools.gnu-tools-for-stm32.10.3-2021.10.win32_1.0.100.202210260954/tools/bin/../lib/gcc/arm-none-eabi/10.3.1/thumb/v6-m/nofp/crtn.o
                0x0000000020002000                _estack = (ORIGIN (RAM) + LENGTH (RAM))
                0x0000000000000200                _Min_Heap_Size = 0x200
                0x0000000000000400                _Min_Stack_Size = 0x400

.isr_vector     0x0000000008000000       0xc0
                0x0000000008000000                . = ALIGN (0x4)
 *(.isr_vector)
 .isr_vector    0x0000000008000000       0xc0 ./Core/Startup/startup_stm32l031f6px.o
                0x0000000008000000                g_pfnVectors
                0x00000000080000c0                . = ALIGN (0x4)

.text           0x00000000080000c0     0x69e0
                0x00000000080000c0                . = ALIGN (0x4)
 *(.text)
 .text          0x00000000080000c0       0x48 c:/program files/st/stm32cubeide_1.11.2/stm32cubeide/plugins/com.st.stm32cube.ide.mcu.externaltools.gnu-tools-for-stm32.10.3-2021.10.win32_1.0.100.202210260954/tools/bin/../lib/gcc/arm-none-eabi/10.3.1/thumb/v6-m/nofp/crtbegin.o
 .text          0x0000000008000108      0x114 c:/program files/st/stm32cubeide_1.11.2/stm32cubeide/plugins/com.st.stm32cube.ide.mcu.externaltools.gnu-tools-for-stm32.10.3-2021.10.win32_1.0.100.202210260954/tools/bin/../lib/gcc/arm-none-eabi/10.3.1/thumb/v6-m/nofp\libgcc.a(_udivsi3.o)
                0x0000000008000108                __aeabi_uidiv
                0x0000000008000108                __udivsi3
                0x0000000008000214                __aeabi_uidivmod
 .text          0x000000000800021c        0x4 c:/program files/st/stm32cubeide_1.11.2/stm32cubeide/plugins/com.st.stm32cube.ide.mcu.externaltools.gnu-tools-for-stm32.10.3-2021.10.win32_1.0.100.202210260954/tools/bin/../lib/gcc/arm-none-eabi/10.3.1/thumb/v6-m/nofp\libgcc.a(_dvmd_tls.o)
                0x000000000800021c                __aeabi_idiv0
                0x000000000800021c                __aeabi_ldiv0
 .text          0x0000000008000220       0x40 c:/program files/st/stm32cubeide_1.11.2/stm32cubeide/plugins/com.st.stm32cube.ide.mcu.externaltools.gnu-tools-for-stm32.10.3-2021.10.win32_1.0.100.202210260954/tools/bin/../lib/gcc/arm-none-eabi/10.3.1/thumb/v6-m/nofp\libgcc.a(_aeabi_uldivmod.o)
                0x0000000008000220                __aeabi_uldivmod
 .text          0x0000000008000260       0x5c c:/program files/st/stm32cubeide_1.11.2/stm32cubeide/plugins/com.st.stm32cube.ide.mcu.externaltools.gnu-tools-for-stm32.10.3-2021.10.win32_1.0.100.202210260954/tools/bin/../lib/gcc/arm-none-eabi/10.3.1/thumb/v6-m/nofp\libgcc.a(_muldi3.o)
                0x0000000008000260                __muldi3
                0x0000000008000260                __aeabi_lmul
 .text          0x00000000080002bc      0x198 c:/program files/st/stm32cubeide_1.11.2/stm32cubeide/plugins/com.st.stm32cube.ide.mcu.externaltools.gnu-tools-for-stm32.10.3-2021.10.win32_1.0.100.202210260954/tools/bin/../lib/gcc/arm-none-eabi/10.3.1/thumb/v6-m/nofp\libgcc.a(_udivmoddi4.o)
                0x00000000080002bc                __udivmoddi4
 .text          0x0000000008000454       0x18 c:/program files/st/stm32cubeide_1.11.2/stm32cubeide/plugins/com.st.stm32cube.ide.mcu.externaltools.gnu-tools-for-stm32.10.3-2021.10.win32_1.0.100.202210260954/tools/bin/../lib/gcc/arm-none-eabi/10.3.1/thumb/v6-m/nofp\libgcc.a(_clzdi2.o)
                0x0000000008000454                __clzdi2
 .text          0x000000000800046c       0x3c c:/program files/st/stm32cubeide_1.11.2/stm32cubeide/plugins/com.st.stm32cube.ide.mcu.externaltools.gnu-tools-for-stm32.10.3-2021.10.win32_1.0.100.202210260954/tools/bin/../lib/gcc/arm-none-eabi/10.3.1/thumb/v6-m/nofp\libgcc.a(_clzsi2.o)
                0x000000000800046c                __clzsi2
 *(.text*)
 .text.MX_DMA_Init
                0x00000000080004a8       0x3c ./Core/Src/dma.o
                0x00000000080004a8                MX_DMA_Init
 .text.MX_GPIO_Init
                0x00000000080004e4       0xdc ./Core/Src/gpio.o
                0x00000000080004e4                MX_GPIO_Init
 .text.MX_I2C1_Init
                0x00000000080005c0       0x80 ./Core/Src/i2c.o
                0x00000000080005c0                MX_I2C1_Init
 .text.HAL_I2C_MspInit
                0x0000000008000640       0x88 ./Core/Src/i2c.o
                0x0000000008000640                HAL_I2C_MspInit
 .text._Z17run_input_handlerv
                0x00000000080006c8       0x98 ./Core/Src/input_handler.o
                0x00000000080006c8                run_input_handler()
 .text._Z9debouncerv
                0x0000000008000760      0x168 ./Core/Src/input_handler.o
                0x0000000008000760                debouncer()
 .text._Z7decoderh
                0x00000000080008c8       0xcc ./Core/Src/input_handler.o
                0x00000000080008c8                decoder(unsigned char)
 .text._Z12push_handlerh
                0x0000000008000994       0x90 ./Core/Src/input_handler.o
                0x0000000008000994                push_handler(unsigned char)
 .text._Z9set_colorhmh
                0x0000000008000a24      0x110 ./Core/Src/led_driver.o
                0x0000000008000a24                set_color(unsigned char, unsigned long, unsigned char)
 .text._Z9send_datab
                0x0000000008000b34      0x124 ./Core/Src/led_driver.o
                0x0000000008000b34                send_data(bool)
 .text.HAL_TIM_PWM_PulseFinishedCallback
                0x0000000008000c58       0x28 ./Core/Src/led_driver.o
                0x0000000008000c58                HAL_TIM_PWM_PulseFinishedCallback
 .text.main     0x0000000008000c80       0x8c ./Core/Src/main.o
                0x0000000008000c80                main
 .text._Z18SystemClock_Configv
                0x0000000008000d0c      0x100 ./Core/Src/main.o
                0x0000000008000d0c                SystemClock_Config()
 .text.counter_update_it
                0x0000000008000e0c       0x18 ./Core/Src/main.o
                0x0000000008000e0c                counter_update_it
 .text.start_timer_ms
                0x0000000008000e24       0x20 ./Core/Src/main.o
                0x0000000008000e24                start_timer_ms
 .text.timeout  0x0000000008000e44       0x24 ./Core/Src/main.o
                0x0000000008000e44                timeout
 .text.Error_Handler
                0x0000000008000e68        0xa ./Core/Src/main.o
                0x0000000008000e68                Error_Handler
 *fill*         0x0000000008000e72        0x2 
 .text._Z9spi_writev
                0x0000000008000e74       0x3c ./Core/Src/output_handler.o
                0x0000000008000e74                spi_write()
 .text._Z10set_numberhh
                0x0000000008000eb0      0x12c ./Core/Src/output_handler.o
                0x0000000008000eb0                set_number(unsigned char, unsigned char)
 .text._Z9set_pointhb
                0x0000000008000fdc       0xdc ./Core/Src/output_handler.o
                0x0000000008000fdc                set_point(unsigned char, bool)
 .text._Z10set_outputv
                0x00000000080010b8       0x24 ./Core/Src/output_handler.o
                0x00000000080010b8                set_output()
 .text._Z17set_flyback_stateb
                0x00000000080010dc       0x78 ./Core/Src/output_handler.o
                0x00000000080010dc                set_flyback_state(bool)
 .text._Z16run_output_mixerh
                0x0000000008001154      0x4b4 ./Core/Src/output_mixer.o
                0x0000000008001154                run_output_mixer(unsigned char)
 .text._Z22submenu_0_display_timev
                0x0000000008001608       0xd8 ./Core/Src/output_mixer.o
                0x0000000008001608                submenu_0_display_time()
 .text._Z18submenu_1_set_timehb
                0x00000000080016e0      0x2ec ./Core/Src/output_mixer.o
                0x00000000080016e0                submenu_1_set_time(unsigned char, bool)
 .text._Z18submenu_2_set_datehb
                0x00000000080019cc      0x3d8 ./Core/Src/output_mixer.o
                0x00000000080019cc                submenu_2_set_date(unsigned char, bool)
 .text._Z19submenu_3_set_onoffhb
                0x0000000008001da4      0x464 ./Core/Src/output_mixer.o
                0x0000000008001da4                submenu_3_set_onoff(unsigned char, bool)
 .text._Z21submenu_9_menu_selecth
                0x0000000008002208       0x78 ./Core/Src/output_mixer.o
                0x0000000008002208                submenu_9_menu_select(unsigned char)
 .text.MX_SPI1_Init
                0x0000000008002280       0x70 ./Core/Src/spi.o
                0x0000000008002280                MX_SPI1_Init
 .text.HAL_SPI_MspInit
                0x00000000080022f0       0x88 ./Core/Src/spi.o
                0x00000000080022f0                HAL_SPI_MspInit
 .text.HAL_MspInit
                0x0000000008002378       0x28 ./Core/Src/stm32l0xx_hal_msp.o
                0x0000000008002378                HAL_MspInit
 .text.NMI_Handler
                0x00000000080023a0        0x6 ./Core/Src/stm32l0xx_it.o
                0x00000000080023a0                NMI_Handler
 .text.HardFault_Handler
                0x00000000080023a6        0x6 ./Core/Src/stm32l0xx_it.o
                0x00000000080023a6                HardFault_Handler
 .text.SVC_Handler
                0x00000000080023ac        0xa ./Core/Src/stm32l0xx_it.o
                0x00000000080023ac                SVC_Handler
 .text.PendSV_Handler
                0x00000000080023b6        0xa ./Core/Src/stm32l0xx_it.o
                0x00000000080023b6                PendSV_Handler
 .text.SysTick_Handler
                0x00000000080023c0        0xe ./Core/Src/stm32l0xx_it.o
                0x00000000080023c0                SysTick_Handler
 *fill*         0x00000000080023ce        0x2 
 .text.DMA1_Channel1_IRQHandler
                0x00000000080023d0       0x18 ./Core/Src/stm32l0xx_it.o
                0x00000000080023d0                DMA1_Channel1_IRQHandler
 .text.TIM21_IRQHandler
                0x00000000080023e8       0x1c ./Core/Src/stm32l0xx_it.o
                0x00000000080023e8                TIM21_IRQHandler
 .text.SystemInit
                0x0000000008002404        0xa ./Core/Src/system_stm32l0xx.o
                0x0000000008002404                SystemInit
 *fill*         0x000000000800240e        0x2 
 .text.MX_TIM2_Init
                0x0000000008002410       0xfc ./Core/Src/tim.o
                0x0000000008002410                MX_TIM2_Init
 .text.MX_TIM21_Init
                0x000000000800250c      0x108 ./Core/Src/tim.o
                0x000000000800250c                MX_TIM21_Init
 .text.HAL_TIM_Base_MspInit
                0x0000000008002614       0xb8 ./Core/Src/tim.o
                0x0000000008002614                HAL_TIM_Base_MspInit
 .text.HAL_TIM_MspPostInit
                0x00000000080026cc       0x78 ./Core/Src/tim.o
                0x00000000080026cc                HAL_TIM_MspPostInit
 .text._Z16run_time_handlerv
                0x0000000008002744       0x78 ./Core/Src/time_hander.o
                0x0000000008002744                run_time_handler()
 .text._Z13read_time_i2cv
                0x00000000080027bc       0xb0 ./Core/Src/time_hander.o
                0x00000000080027bc                read_time_i2c()
 .text._Z14write_time_i2cv
                0x000000000800286c       0xbc ./Core/Src/time_hander.o
                0x000000000800286c                write_time_i2c()
 .text._Z13read_date_i2cv
                0x0000000008002928      0x100 ./Core/Src/time_hander.o
                0x0000000008002928                read_date_i2c()
 .text._Z14write_date_i2cv
                0x0000000008002a28       0xf4 ./Core/Src/time_hander.o
                0x0000000008002a28                write_date_i2c()
 .text._Z9dls_checkb
                0x0000000008002b1c      0x190 ./Core/Src/time_hander.o
                0x0000000008002b1c                dls_check(bool)
 .text._Z16write_i2c_singlehh
                0x0000000008002cac       0x40 ./Core/Src/time_hander.o
                0x0000000008002cac                write_i2c_single(unsigned char, unsigned char)
 .text._Z15read_i2c_singleh
                0x0000000008002cec       0x48 ./Core/Src/time_hander.o
                0x0000000008002cec                read_i2c_single(unsigned char)
 .text.Reset_Handler
                0x0000000008002d34       0x50 ./Core/Startup/startup_stm32l031f6px.o
                0x0000000008002d34                Reset_Handler
 .text.Default_Handler
                0x0000000008002d84        0x2 ./Core/Startup/startup_stm32l031f6px.o
                0x0000000008002d84                ADC1_COMP_IRQHandler
                0x0000000008002d84                PVD_IRQHandler
                0x0000000008002d84                I2C1_IRQHandler
                0x0000000008002d84                SPI1_IRQHandler
                0x0000000008002d84                EXTI2_3_IRQHandler
                0x0000000008002d84                RTC_IRQHandler
                0x0000000008002d84                DMA1_Channel4_5_6_7_IRQHandler
                0x0000000008002d84                EXTI4_15_IRQHandler
                0x0000000008002d84                RCC_IRQHandler
                0x0000000008002d84                Default_Handler
                0x0000000008002d84                TIM22_IRQHandler
                0x0000000008002d84                EXTI0_1_IRQHandler
                0x0000000008002d84                WWDG_IRQHandler
                0x0000000008002d84                LPUART1_IRQHandler
                0x0000000008002d84                TIM2_IRQHandler
                0x0000000008002d84                DMA1_Channel2_3_IRQHandler
                0x0000000008002d84                USART2_IRQHandler
                0x0000000008002d84                FLASH_IRQHandler
                0x0000000008002d84                LPTIM1_IRQHandler
 *fill*         0x0000000008002d86        0x2 
 .text.HAL_Init
                0x0000000008002d88       0x40 ./Drivers/STM32L0xx_HAL_Driver/Src/stm32l0xx_hal.o
                0x0000000008002d88                HAL_Init
 .text.HAL_InitTick
                0x0000000008002dc8       0x68 ./Drivers/STM32L0xx_HAL_Driver/Src/stm32l0xx_hal.o
                0x0000000008002dc8                HAL_InitTick
 .text.HAL_IncTick
                0x0000000008002e30       0x24 ./Drivers/STM32L0xx_HAL_Driver/Src/stm32l0xx_hal.o
                0x0000000008002e30                HAL_IncTick
 .text.HAL_GetTick
                0x0000000008002e54       0x14 ./Drivers/STM32L0xx_HAL_Driver/Src/stm32l0xx_hal.o
                0x0000000008002e54                HAL_GetTick
 .text.__NVIC_EnableIRQ
                0x0000000008002e68       0x34 ./Drivers/STM32L0xx_HAL_Driver/Src/stm32l0xx_hal_cortex.o
 .text.__NVIC_SetPriority
                0x0000000008002e9c       0xdc ./Drivers/STM32L0xx_HAL_Driver/Src/stm32l0xx_hal_cortex.o
 .text.SysTick_Config
                0x0000000008002f78       0x48 ./Drivers/STM32L0xx_HAL_Driver/Src/stm32l0xx_hal_cortex.o
 .text.HAL_NVIC_SetPriority
                0x0000000008002fc0       0x2a ./Drivers/STM32L0xx_HAL_Driver/Src/stm32l0xx_hal_cortex.o
                0x0000000008002fc0                HAL_NVIC_SetPriority
 .text.HAL_NVIC_EnableIRQ
                0x0000000008002fea       0x20 ./Drivers/STM32L0xx_HAL_Driver/Src/stm32l0xx_hal_cortex.o
                0x0000000008002fea                HAL_NVIC_EnableIRQ
 .text.HAL_SYSTICK_Config
                0x000000000800300a       0x1a ./Drivers/STM32L0xx_HAL_Driver/Src/stm32l0xx_hal_cortex.o
                0x000000000800300a                HAL_SYSTICK_Config
 .text.HAL_DMA_Init
                0x0000000008003024       0xf0 ./Drivers/STM32L0xx_HAL_Driver/Src/stm32l0xx_hal_dma.o
                0x0000000008003024                HAL_DMA_Init
 .text.HAL_DMA_Start_IT
                0x0000000008003114       0xcc ./Drivers/STM32L0xx_HAL_Driver/Src/stm32l0xx_hal_dma.o
                0x0000000008003114                HAL_DMA_Start_IT
 .text.HAL_DMA_Abort_IT
                0x00000000080031e0       0x8e ./Drivers/STM32L0xx_HAL_Driver/Src/stm32l0xx_hal_dma.o
                0x00000000080031e0                HAL_DMA_Abort_IT
 .text.HAL_DMA_IRQHandler
                0x000000000800326e      0x15c ./Drivers/STM32L0xx_HAL_Driver/Src/stm32l0xx_hal_dma.o
                0x000000000800326e                HAL_DMA_IRQHandler
 .text.DMA_SetConfig
                0x00000000080033ca       0x5c ./Drivers/STM32L0xx_HAL_Driver/Src/stm32l0xx_hal_dma.o
 *fill*         0x0000000008003426        0x2 
 .text.HAL_GPIO_Init
                0x0000000008003428      0x2dc ./Drivers/STM32L0xx_HAL_Driver/Src/stm32l0xx_hal_gpio.o
                0x0000000008003428                HAL_GPIO_Init
 .text.HAL_GPIO_ReadPin
                0x0000000008003704       0x3a ./Drivers/STM32L0xx_HAL_Driver/Src/stm32l0xx_hal_gpio.o
                0x0000000008003704                HAL_GPIO_ReadPin
 .text.HAL_GPIO_WritePin
                0x000000000800373e       0x3a ./Drivers/STM32L0xx_HAL_Driver/Src/stm32l0xx_hal_gpio.o
                0x000000000800373e                HAL_GPIO_WritePin
 .text.HAL_I2C_Init
                0x0000000008003778      0x12c ./Drivers/STM32L0xx_HAL_Driver/Src/stm32l0xx_hal_i2c.o
                0x0000000008003778                HAL_I2C_Init
 .text.HAL_I2C_Master_Transmit
                0x00000000080038a4      0x210 ./Drivers/STM32L0xx_HAL_Driver/Src/stm32l0xx_hal_i2c.o
                0x00000000080038a4                HAL_I2C_Master_Transmit
 .text.HAL_I2C_Master_Receive
                0x0000000008003ab4      0x210 ./Drivers/STM32L0xx_HAL_Driver/Src/stm32l0xx_hal_i2c.o
                0x0000000008003ab4                HAL_I2C_Master_Receive
 .text.I2C_Flush_TXDR
                0x0000000008003cc4       0x44 ./Drivers/STM32L0xx_HAL_Driver/Src/stm32l0xx_hal_i2c.o
 .text.I2C_WaitOnFlagUntilTimeout
                0x0000000008003d08       0x9c ./Drivers/STM32L0xx_HAL_Driver/Src/stm32l0xx_hal_i2c.o
 .text.I2C_WaitOnTXISFlagUntilTimeout
                0x0000000008003da4       0x8c ./Drivers/STM32L0xx_HAL_Driver/Src/stm32l0xx_hal_i2c.o
 .text.I2C_WaitOnSTOPFlagUntilTimeout
                0x0000000008003e30       0x86 ./Drivers/STM32L0xx_HAL_Driver/Src/stm32l0xx_hal_i2c.o
 *fill*         0x0000000008003eb6        0x2 
 .text.I2C_WaitOnRXNEFlagUntilTimeout
                0x0000000008003eb8      0x104 ./Drivers/STM32L0xx_HAL_Driver/Src/stm32l0xx_hal_i2c.o
 .text.I2C_IsErrorOccurred
                0x0000000008003fbc      0x200 ./Drivers/STM32L0xx_HAL_Driver/Src/stm32l0xx_hal_i2c.o
 .text.I2C_TransferConfig
                0x00000000080041bc       0x74 ./Drivers/STM32L0xx_HAL_Driver/Src/stm32l0xx_hal_i2c.o
 .text.HAL_I2CEx_ConfigAnalogFilter
                0x0000000008004230       0x98 ./Drivers/STM32L0xx_HAL_Driver/Src/stm32l0xx_hal_i2c_ex.o
                0x0000000008004230                HAL_I2CEx_ConfigAnalogFilter
 .text.HAL_I2CEx_ConfigDigitalFilter
                0x00000000080042c8       0x98 ./Drivers/STM32L0xx_HAL_Driver/Src/stm32l0xx_hal_i2c_ex.o
                0x00000000080042c8                HAL_I2CEx_ConfigDigitalFilter
 .text.HAL_RCC_OscConfig
                0x0000000008004360      0x6f8 ./Drivers/STM32L0xx_HAL_Driver/Src/stm32l0xx_hal_rcc.o
                0x0000000008004360                HAL_RCC_OscConfig
 .text.HAL_RCC_ClockConfig
                0x0000000008004a58      0x290 ./Drivers/STM32L0xx_HAL_Driver/Src/stm32l0xx_hal_rcc.o
                0x0000000008004a58                HAL_RCC_ClockConfig
 .text.HAL_RCC_GetSysClockFreq
                0x0000000008004ce8      0x14c ./Drivers/STM32L0xx_HAL_Driver/Src/stm32l0xx_hal_rcc.o
                0x0000000008004ce8                HAL_RCC_GetSysClockFreq
 .text.HAL_RCCEx_PeriphCLKConfig
                0x0000000008004e34      0x258 ./Drivers/STM32L0xx_HAL_Driver/Src/stm32l0xx_hal_rcc_ex.o
                0x0000000008004e34                HAL_RCCEx_PeriphCLKConfig
 .text.HAL_SPI_Init
                0x000000000800508c      0x112 ./Drivers/STM32L0xx_HAL_Driver/Src/stm32l0xx_hal_spi.o
                0x000000000800508c                HAL_SPI_Init
 .text.HAL_SPI_Transmit
                0x000000000800519e      0x2ba ./Drivers/STM32L0xx_HAL_Driver/Src/stm32l0xx_hal_spi.o
                0x000000000800519e                HAL_SPI_Transmit
 .text.SPI_WaitFlagStateUntilTimeout
                0x0000000008005458      0x11c ./Drivers/STM32L0xx_HAL_Driver/Src/stm32l0xx_hal_spi.o
 .text.SPI_EndRxTxTransaction
                0x0000000008005574       0x8c ./Drivers/STM32L0xx_HAL_Driver/Src/stm32l0xx_hal_spi.o
 .text.HAL_TIM_Base_Init
                0x0000000008005600       0x80 ./Drivers/STM32L0xx_HAL_Driver/Src/stm32l0xx_hal_tim.o
                0x0000000008005600                HAL_TIM_Base_Init
 .text.HAL_TIM_OC_Init
                0x0000000008005680       0x80 ./Drivers/STM32L0xx_HAL_Driver/Src/stm32l0xx_hal_tim.o
                0x0000000008005680                HAL_TIM_OC_Init
 .text.HAL_TIM_OC_MspInit
                0x0000000008005700       0x10 ./Drivers/STM32L0xx_HAL_Driver/Src/stm32l0xx_hal_tim.o
                0x0000000008005700                HAL_TIM_OC_MspInit
 .text.HAL_TIM_OC_Start_IT
                0x0000000008005710      0x1a4 ./Drivers/STM32L0xx_HAL_Driver/Src/stm32l0xx_hal_tim.o
                0x0000000008005710                HAL_TIM_OC_Start_IT
 .text.HAL_TIM_PWM_Init
                0x00000000080058b4       0x80 ./Drivers/STM32L0xx_HAL_Driver/Src/stm32l0xx_hal_tim.o
                0x00000000080058b4                HAL_TIM_PWM_Init
 .text.HAL_TIM_PWM_MspInit
                0x0000000008005934       0x10 ./Drivers/STM32L0xx_HAL_Driver/Src/stm32l0xx_hal_tim.o
                0x0000000008005934                HAL_TIM_PWM_MspInit
 .text.HAL_TIM_PWM_Start_DMA
                0x0000000008005944      0x314 ./Drivers/STM32L0xx_HAL_Driver/Src/stm32l0xx_hal_tim.o
                0x0000000008005944                HAL_TIM_PWM_Start_DMA
 .text.HAL_TIM_PWM_Stop_DMA
                0x0000000008005c58      0x140 ./Drivers/STM32L0xx_HAL_Driver/Src/stm32l0xx_hal_tim.o
                0x0000000008005c58                HAL_TIM_PWM_Stop_DMA
 .text.HAL_TIM_IRQHandler
                0x0000000008005d98      0x1d0 ./Drivers/STM32L0xx_HAL_Driver/Src/stm32l0xx_hal_tim.o
                0x0000000008005d98                HAL_TIM_IRQHandler
 .text.HAL_TIM_OC_ConfigChannel
                0x0000000008005f68       0xb0 ./Drivers/STM32L0xx_HAL_Driver/Src/stm32l0xx_hal_tim.o
                0x0000000008005f68                HAL_TIM_OC_ConfigChannel
 .text.HAL_TIM_PWM_ConfigChannel
                0x0000000008006018      0x18c ./Drivers/STM32L0xx_HAL_Driver/Src/stm32l0xx_hal_tim.o
                0x0000000008006018                HAL_TIM_PWM_ConfigChannel
 .text.HAL_TIM_ConfigClockSource
                0x00000000080061a4      0x1a8 ./Drivers/STM32L0xx_HAL_Driver/Src/stm32l0xx_hal_tim.o
                0x00000000080061a4                HAL_TIM_ConfigClockSource
 .text.HAL_TIM_PeriodElapsedCallback
                0x000000000800634c       0x10 ./Drivers/STM32L0xx_HAL_Driver/Src/stm32l0xx_hal_tim.o
                0x000000000800634c                HAL_TIM_PeriodElapsedCallback
 .text.HAL_TIM_OC_DelayElapsedCallback
                0x000000000800635c       0x10 ./Drivers/STM32L0xx_HAL_Driver/Src/stm32l0xx_hal_tim.o
                0x000000000800635c                HAL_TIM_OC_DelayElapsedCallback
 .text.HAL_TIM_IC_CaptureCallback
                0x000000000800636c       0x10 ./Drivers/STM32L0xx_HAL_Driver/Src/stm32l0xx_hal_tim.o
                0x000000000800636c                HAL_TIM_IC_CaptureCallback
 .text.HAL_TIM_PWM_PulseFinishedHalfCpltCallback
                0x000000000800637c       0x10 ./Drivers/STM32L0xx_HAL_Driver/Src/stm32l0xx_hal_tim.o
                0x000000000800637c                HAL_TIM_PWM_PulseFinishedHalfCpltCallback
 .text.HAL_TIM_TriggerCallback
                0x000000000800638c       0x10 ./Drivers/STM32L0xx_HAL_Driver/Src/stm32l0xx_hal_tim.o
                0x000000000800638c                HAL_TIM_TriggerCallback
 .text.HAL_TIM_ErrorCallback
                0x000000000800639c       0x10 ./Drivers/STM32L0xx_HAL_Driver/Src/stm32l0xx_hal_tim.o
                0x000000000800639c                HAL_TIM_ErrorCallback
 .text.TIM_DMAError
                0x00000000080063ac       0x94 ./Drivers/STM32L0xx_HAL_Driver/Src/stm32l0xx_hal_tim.o
                0x00000000080063ac                TIM_DMAError
 .text.TIM_DMADelayPulseCplt
                0x0000000008006440       0xaa ./Drivers/STM32L0xx_HAL_Driver/Src/stm32l0xx_hal_tim.o
 .text.TIM_DMADelayPulseHalfCplt
                0x00000000080064ea       0x6a ./Drivers/STM32L0xx_HAL_Driver/Src/stm32l0xx_hal_tim.o
 .text.TIM_Base_SetConfig
                0x0000000008006554       0xa8 ./Drivers/STM32L0xx_HAL_Driver/Src/stm32l0xx_hal_tim.o
 .text.TIM_OC1_SetConfig
                0x00000000080065fc       0x78 ./Drivers/STM32L0xx_HAL_Driver/Src/stm32l0xx_hal_tim.o
 .text.TIM_OC2_SetConfig
                0x0000000008006674       0x84 ./Drivers/STM32L0xx_HAL_Driver/Src/stm32l0xx_hal_tim.o
 .text.TIM_OC3_SetConfig
                0x00000000080066f8       0x80 ./Drivers/STM32L0xx_HAL_Driver/Src/stm32l0xx_hal_tim.o
 .text.TIM_OC4_SetConfig
                0x0000000008006778       0x8c ./Drivers/STM32L0xx_HAL_Driver/Src/stm32l0xx_hal_tim.o
 .text.TIM_TI1_ConfigInputStage
                0x0000000008006804       0x5c ./Drivers/STM32L0xx_HAL_Driver/Src/stm32l0xx_hal_tim.o
 .text.TIM_TI2_ConfigInputStage
                0x0000000008006860       0x64 ./Drivers/STM32L0xx_HAL_Driver/Src/stm32l0xx_hal_tim.o
 .text.TIM_ITRx_SetConfig
                0x00000000080068c4       0x32 ./Drivers/STM32L0xx_HAL_Driver/Src/stm32l0xx_hal_tim.o
 *fill*         0x00000000080068f6        0x2 
 .text.TIM_ETR_SetConfig
                0x00000000080068f8       0x40 ./Drivers/STM32L0xx_HAL_Driver/Src/stm32l0xx_hal_tim.o
 .text.TIM_CCxChannelCmd
                0x0000000008006938       0x46 ./Drivers/STM32L0xx_HAL_Driver/Src/stm32l0xx_hal_tim.o
 *fill*         0x000000000800697e        0x2 
 .text.HAL_TIMEx_MasterConfigSynchronization
                0x0000000008006980       0xb0 ./Drivers/STM32L0xx_HAL_Driver/Src/stm32l0xx_hal_tim_ex.o
                0x0000000008006980                HAL_TIMEx_MasterConfigSynchronization
 .text.__libc_init_array
                0x0000000008006a30       0x48 c:/program files/st/stm32cubeide_1.11.2/stm32cubeide/plugins/com.st.stm32cube.ide.mcu.externaltools.gnu-tools-for-stm32.10.3-2021.10.win32_1.0.100.202210260954/tools/bin/../lib/gcc/arm-none-eabi/10.3.1/../../../../arm-none-eabi/lib/thumb/v6-m/nofp\libc_nano.a(lib_a-init.o)
                0x0000000008006a30                __libc_init_array
 .text.memset   0x0000000008006a78       0x10 c:/program files/st/stm32cubeide_1.11.2/stm32cubeide/plugins/com.st.stm32cube.ide.mcu.externaltools.gnu-tools-for-stm32.10.3-2021.10.win32_1.0.100.202210260954/tools/bin/../lib/gcc/arm-none-eabi/10.3.1/../../../../arm-none-eabi/lib/thumb/v6-m/nofp\libc_nano.a(lib_a-memset.o)
                0x0000000008006a78                memset
 *(.glue_7)
 .glue_7        0x0000000008006a88        0x0 linker stubs
 *(.glue_7t)
 .glue_7t       0x0000000008006a88        0x0 linker stubs
 *(.eh_frame)
 .eh_frame      0x0000000008006a88        0x0 c:/program files/st/stm32cubeide_1.11.2/stm32cubeide/plugins/com.st.stm32cube.ide.mcu.externaltools.gnu-tools-for-stm32.10.3-2021.10.win32_1.0.100.202210260954/tools/bin/../lib/gcc/arm-none-eabi/10.3.1/thumb/v6-m/nofp/crtbegin.o
 *(.init)
 .init          0x0000000008006a88        0x4 c:/program files/st/stm32cubeide_1.11.2/stm32cubeide/plugins/com.st.stm32cube.ide.mcu.externaltools.gnu-tools-for-stm32.10.3-2021.10.win32_1.0.100.202210260954/tools/bin/../lib/gcc/arm-none-eabi/10.3.1/thumb/v6-m/nofp/crti.o
                0x0000000008006a88                _init
 .init          0x0000000008006a8c        0x8 c:/program files/st/stm32cubeide_1.11.2/stm32cubeide/plugins/com.st.stm32cube.ide.mcu.externaltools.gnu-tools-for-stm32.10.3-2021.10.win32_1.0.100.202210260954/tools/bin/../lib/gcc/arm-none-eabi/10.3.1/thumb/v6-m/nofp/crtn.o
 *(.fini)
 .fini          0x0000000008006a94        0x4 c:/program files/st/stm32cubeide_1.11.2/stm32cubeide/plugins/com.st.stm32cube.ide.mcu.externaltools.gnu-tools-for-stm32.10.3-2021.10.win32_1.0.100.202210260954/tools/bin/../lib/gcc/arm-none-eabi/10.3.1/thumb/v6-m/nofp/crti.o
                0x0000000008006a94                _fini
 .fini          0x0000000008006a98        0x8 c:/program files/st/stm32cubeide_1.11.2/stm32cubeide/plugins/com.st.stm32cube.ide.mcu.externaltools.gnu-tools-for-stm32.10.3-2021.10.win32_1.0.100.202210260954/tools/bin/../lib/gcc/arm-none-eabi/10.3.1/thumb/v6-m/nofp/crtn.o
                0x0000000008006aa0                . = ALIGN (0x4)
                0x0000000008006aa0                _etext = .

.vfp11_veneer   0x0000000008006aa0        0x0
 .vfp11_veneer  0x0000000008006aa0        0x0 linker stubs

.v4_bx          0x0000000008006aa0        0x0
 .v4_bx         0x0000000008006aa0        0x0 linker stubs

.iplt           0x0000000008006aa0        0x0
 .iplt          0x0000000008006aa0        0x0 c:/program files/st/stm32cubeide_1.11.2/stm32cubeide/plugins/com.st.stm32cube.ide.mcu.externaltools.gnu-tools-for-stm32.10.3-2021.10.win32_1.0.100.202210260954/tools/bin/../lib/gcc/arm-none-eabi/10.3.1/thumb/v6-m/nofp/crtbegin.o

.rodata         0x0000000008006aa0       0x34
                0x0000000008006aa0                . = ALIGN (0x4)
 *(.rodata)
 *(.rodata*)
 .rodata._Z10set_numberhh
                0x0000000008006aa0       0x18 ./Core/Src/output_handler.o
 .rodata.AHBPrescTable
                0x0000000008006ab8       0x10 ./Core/Src/system_stm32l0xx.o
                0x0000000008006ab8                AHBPrescTable
 .rodata.PLLMulTable
                0x0000000008006ac8        0x9 ./Core/Src/system_stm32l0xx.o
                0x0000000008006ac8                PLLMulTable
                0x0000000008006ad4                . = ALIGN (0x4)
 *fill*         0x0000000008006ad1        0x3 

.ARM.extab      0x0000000008006ad4        0x0
                0x0000000008006ad4                . = ALIGN (0x4)
 *(.ARM.extab* .gnu.linkonce.armextab.*)
                0x0000000008006ad4                . = ALIGN (0x4)

.ARM            0x0000000008006ad4        0x8
                0x0000000008006ad4                . = ALIGN (0x4)
                0x0000000008006ad4                __exidx_start = .
 *(.ARM.exidx*)
 .ARM.exidx     0x0000000008006ad4        0x8 c:/program files/st/stm32cubeide_1.11.2/stm32cubeide/plugins/com.st.stm32cube.ide.mcu.externaltools.gnu-tools-for-stm32.10.3-2021.10.win32_1.0.100.202210260954/tools/bin/../lib/gcc/arm-none-eabi/10.3.1/thumb/v6-m/nofp\libgcc.a(_udivmoddi4.o)
                0x0000000008006adc                __exidx_end = .
                0x0000000008006adc                . = ALIGN (0x4)

.rel.dyn        0x0000000008006adc        0x0
 .rel.iplt      0x0000000008006adc        0x0 c:/program files/st/stm32cubeide_1.11.2/stm32cubeide/plugins/com.st.stm32cube.ide.mcu.externaltools.gnu-tools-for-stm32.10.3-2021.10.win32_1.0.100.202210260954/tools/bin/../lib/gcc/arm-none-eabi/10.3.1/thumb/v6-m/nofp/crtbegin.o

.preinit_array  0x0000000008006adc        0x0
                0x0000000008006adc                . = ALIGN (0x4)
                0x0000000008006adc                PROVIDE (__preinit_array_start = .)
 *(.preinit_array*)
                0x0000000008006adc                PROVIDE (__preinit_array_end = .)
                0x0000000008006adc                . = ALIGN (0x4)

.init_array     0x0000000008006adc        0x4
                0x0000000008006adc                . = ALIGN (0x4)
                0x0000000008006adc                PROVIDE (__init_array_start = .)
 *(SORT_BY_NAME(.init_array.*))
 *(.init_array*)
 .init_array    0x0000000008006adc        0x4 c:/program files/st/stm32cubeide_1.11.2/stm32cubeide/plugins/com.st.stm32cube.ide.mcu.externaltools.gnu-tools-for-stm32.10.3-2021.10.win32_1.0.100.202210260954/tools/bin/../lib/gcc/arm-none-eabi/10.3.1/thumb/v6-m/nofp/crtbegin.o
                0x0000000008006ae0                PROVIDE (__init_array_end = .)
                0x0000000008006ae0                . = ALIGN (0x4)

.fini_array     0x0000000008006ae0        0x4
                0x0000000008006ae0                . = ALIGN (0x4)
                [!provide]                        PROVIDE (__fini_array_start = .)
 *(SORT_BY_NAME(.fini_array.*))
 *(.fini_array*)
 .fini_array    0x0000000008006ae0        0x4 c:/program files/st/stm32cubeide_1.11.2/stm32cubeide/plugins/com.st.stm32cube.ide.mcu.externaltools.gnu-tools-for-stm32.10.3-2021.10.win32_1.0.100.202210260954/tools/bin/../lib/gcc/arm-none-eabi/10.3.1/thumb/v6-m/nofp/crtbegin.o
                [!provide]                        PROVIDE (__fini_array_end = .)
                0x0000000008006ae4                . = ALIGN (0x4)
                0x0000000008006ae4                _sidata = LOADADDR (.data)

.data           0x0000000020000000       0x34 load address 0x0000000008006ae4
                0x0000000020000000                . = ALIGN (0x4)
                0x0000000020000000                _sdata = .
 *(.data)
 *(.data*)
 .data._ZZ18submenu_2_set_datehbE7val_min
                0x0000000020000000        0x8 ./Core/Src/output_mixer.o
 .data._ZZ18submenu_2_set_datehbE7val_max
                0x0000000020000008        0x8 ./Core/Src/output_mixer.o
 .data.SystemCoreClock
                0x0000000020000010        0x4 ./Core/Src/system_stm32l0xx.o
                0x0000000020000010                SystemCoreClock
 .data.data_from_RTC
                0x0000000020000014        0xc ./Core/Src/time_hander.o
                0x0000000020000014                data_from_RTC
 .data.data_to_RTC
                0x0000000020000020        0xc ./Core/Src/time_hander.o
                0x0000000020000020                data_to_RTC
 .data.uwTickPrio
                0x000000002000002c        0x4 ./Drivers/STM32L0xx_HAL_Driver/Src/stm32l0xx_hal.o
                0x000000002000002c                uwTickPrio
 .data.uwTickFreq
                0x0000000020000030        0x1 ./Drivers/STM32L0xx_HAL_Driver/Src/stm32l0xx_hal.o
                0x0000000020000030                uwTickFreq
 *(.RamFunc)
 *(.RamFunc*)
                0x0000000020000034                . = ALIGN (0x4)
 *fill*         0x0000000020000031        0x3 
                0x0000000020000034                _edata = .

.igot.plt       0x0000000020000034        0x0 load address 0x0000000008006b18
 .igot.plt      0x0000000020000034        0x0 c:/program files/st/stm32cubeide_1.11.2/stm32cubeide/plugins/com.st.stm32cube.ide.mcu.externaltools.gnu-tools-for-stm32.10.3-2021.10.win32_1.0.100.202210260954/tools/bin/../lib/gcc/arm-none-eabi/10.3.1/thumb/v6-m/nofp/crtbegin.o
                0x0000000020000034                . = ALIGN (0x4)

.bss            0x0000000020000034      0x53c load address 0x0000000008006b18
                0x0000000020000034                _sbss = .
                0x0000000020000034                __bss_start__ = _sbss
 *(.bss)
 .bss           0x0000000020000034       0x1c c:/program files/st/stm32cubeide_1.11.2/stm32cubeide/plugins/com.st.stm32cube.ide.mcu.externaltools.gnu-tools-for-stm32.10.3-2021.10.win32_1.0.100.202210260954/tools/bin/../lib/gcc/arm-none-eabi/10.3.1/thumb/v6-m/nofp/crtbegin.o
 *(.bss*)
 .bss.hi2c1     0x0000000020000050       0x54 ./Core/Src/i2c.o
                0x0000000020000050                hi2c1
 .bss._ZZ17run_input_handlervE9test_byte
                0x00000000200000a4        0x1 ./Core/Src/input_handler.o
 .bss._ZZ17run_input_handlervE10input_data
                0x00000000200000a5        0x1 ./Core/Src/input_handler.o
 .bss._ZZ9debouncervE14debounced_data
                0x00000000200000a6        0x1 ./Core/Src/input_handler.o
 *fill*         0x00000000200000a7        0x1 
 .bss._ZZ9debouncervE14debounce_timer
                0x00000000200000a8        0x3 ./Core/Src/input_handler.o
 .bss._ZZ7decoderhE10last_state
                0x00000000200000ab        0x1 ./Core/Src/input_handler.o
 .bss._ZZ12push_handlerhE16input_hold_timer
                0x00000000200000ac        0x2 ./Core/Src/input_handler.o
 .bss._ZL21brightness_controller
                0x00000000200000ae        0x1 ./Core/Src/led_driver.o
 *fill*         0x00000000200000af        0x1 
 .bss._ZL5index
                0x00000000200000b0        0x2 ./Core/Src/led_driver.o
 *fill*         0x00000000200000b2        0x2 
 .bss._ZL8led_data
                0x00000000200000b4       0x18 ./Core/Src/led_driver.o
 .bss._ZL8pwm_data
                0x00000000200000cc      0x300 ./Core/Src/led_driver.o
 .bss._ZL11dma_running
                0x00000000200003cc        0x1 ./Core/Src/led_driver.o
 *fill*         0x00000000200003cd        0x3 
 .bss._ZL10main_timer
                0x00000000200003d0        0x4 ./Core/Src/main.o
 .bss._ZL11sys_counter
                0x00000000200003d4        0x4 ./Core/Src/main.o
 .bss.board_size
                0x00000000200003d8        0x1 ./Core/Src/main.o
                0x00000000200003d8                board_size
 *fill*         0x00000000200003d9        0x3 
 .bss.on_time   0x00000000200003dc       0x30 ./Core/Src/main.o
                0x00000000200003dc                on_time
 .bss._ZL13flyback_state
                0x000000002000040c        0x1 ./Core/Src/output_handler.o
 *fill*         0x000000002000040d        0x3 
 .bss._ZL13flyback_timer
                0x0000000020000410        0x4 ./Core/Src/output_handler.o
 .bss._ZL8spi_data
                0x0000000020000414        0x4 ./Core/Src/output_handler.o
 .bss._ZL22output_mixer_led_timer
                0x0000000020000418        0x4 ./Core/Src/output_mixer.o
 .bss._ZL23output_mixer_tube_timer
                0x000000002000041c        0x4 ./Core/Src/output_mixer.o
 .bss._ZL12current_menu
                0x0000000020000420        0x1 ./Core/Src/output_mixer.o
 .bss._ZL13selected_menu
                0x0000000020000421        0x1 ./Core/Src/output_mixer.o
 .bss._ZL17new_selected_menu
                0x0000000020000422        0x1 ./Core/Src/output_mixer.o
 .bss._ZL9old_state
                0x0000000020000423        0x1 ./Core/Src/output_mixer.o
 .bss._ZL14flyback_status
                0x0000000020000424        0x1 ./Core/Src/output_mixer.o
 .bss._ZZ16run_output_mixerhE5hv_on
                0x0000000020000425        0x1 ./Core/Src/output_mixer.o
 .bss._ZZ16run_output_mixerhE12area_entered
                0x0000000020000426        0x1 ./Core/Src/output_mixer.o
 .bss._ZZ16run_output_mixerhE9area_left
                0x0000000020000427        0x1 ./Core/Src/output_mixer.o
 .bss._ZZ18submenu_1_set_timehbE11blink_state
                0x0000000020000428        0x1 ./Core/Src/output_mixer.o
 *fill*         0x0000000020000429        0x3 
 .bss._ZZ18submenu_1_set_timehbE11blink_timer
                0x000000002000042c        0x4 ./Core/Src/output_mixer.o
 .bss._ZZ18submenu_1_set_timehbE13current_state
                0x0000000020000430        0x1 ./Core/Src/output_mixer.o
 .bss._ZZ18submenu_2_set_datehbE11blink_state
                0x0000000020000431        0x1 ./Core/Src/output_mixer.o
 *fill*         0x0000000020000432        0x2 
 .bss._ZZ18submenu_2_set_datehbE11blink_timer
                0x0000000020000434        0x4 ./Core/Src/output_mixer.o
 .bss._ZZ18submenu_2_set_datehbE13current_state
                0x0000000020000438        0x1 ./Core/Src/output_mixer.o
 .bss._ZZ19submenu_3_set_onoffhbE11blink_state
                0x0000000020000439        0x1 ./Core/Src/output_mixer.o
 *fill*         0x000000002000043a        0x2 
 .bss._ZZ19submenu_3_set_onoffhbE11blink_timer
                0x000000002000043c        0x4 ./Core/Src/output_mixer.o
 .bss._ZZ19submenu_3_set_onoffhbE13current_state
                0x0000000020000440        0x1 ./Core/Src/output_mixer.o
 .bss._ZZ19submenu_3_set_onoffhbE16current_substate
                0x0000000020000441        0x1 ./Core/Src/output_mixer.o
 *fill*         0x0000000020000442        0x2 
 .bss.hspi1     0x0000000020000444       0x58 ./Core/Src/spi.o
                0x0000000020000444                hspi1
 .bss.htim2     0x000000002000049c       0x40 ./Core/Src/tim.o
                0x000000002000049c                htim2
 .bss.htim21    0x00000000200004dc       0x40 ./Core/Src/tim.o
                0x00000000200004dc                htim21
 .bss.hdma_tim2_ch3
                0x000000002000051c       0x48 ./Core/Src/tim.o
                0x000000002000051c                hdma_tim2_ch3
 .bss._ZL18time_handler_timer
                0x0000000020000564        0x4 ./Core/Src/time_hander.o
 .bss._ZZ16run_time_handlervE13dls_flag_only
                0x0000000020000568        0x1 ./Core/Src/time_hander.o
 .bss._ZZ9dls_checkbE10dls_needed
                0x0000000020000569        0x1 ./Core/Src/time_hander.o
 .bss._ZZ9dls_checkbE10dls_active
                0x000000002000056a        0x1 ./Core/Src/time_hander.o
 *fill*         0x000000002000056b        0x1 
 .bss.uwTick    0x000000002000056c        0x4 ./Drivers/STM32L0xx_HAL_Driver/Src/stm32l0xx_hal.o
                0x000000002000056c                uwTick
 *(COMMON)
                0x0000000020000570                . = ALIGN (0x4)
                0x0000000020000570                _ebss = .
                0x0000000020000570                __bss_end__ = _ebss

._user_heap_stack
                0x0000000020000570      0x600 load address 0x0000000008006b18
                0x0000000020000570                . = ALIGN (0x8)
                [!provide]                        PROVIDE (end = .)
                [!provide]                        PROVIDE (_end = .)
                0x0000000020000770                . = (. + _Min_Heap_Size)
 *fill*         0x0000000020000570      0x200 
                0x0000000020000b70                . = (. + _Min_Stack_Size)
 *fill*         0x0000000020000770      0x400 
                0x0000000020000b70                . = ALIGN (0x8)

/DISCARD/
 libc.a(*)
 libm.a(*)
 libgcc.a(*)

.ARM.attributes
                0x0000000000000000       0x28
 *(.ARM.attributes)
 .ARM.attributes
                0x0000000000000000       0x1e c:/program files/st/stm32cubeide_1.11.2/stm32cubeide/plugins/com.st.stm32cube.ide.mcu.externaltools.gnu-tools-for-stm32.10.3-2021.10.win32_1.0.100.202210260954/tools/bin/../lib/gcc/arm-none-eabi/10.3.1/thumb/v6-m/nofp/crti.o
 .ARM.attributes
                0x000000000000001e       0x2c c:/program files/st/stm32cubeide_1.11.2/stm32cubeide/plugins/com.st.stm32cube.ide.mcu.externaltools.gnu-tools-for-stm32.10.3-2021.10.win32_1.0.100.202210260954/tools/bin/../lib/gcc/arm-none-eabi/10.3.1/thumb/v6-m/nofp/crtbegin.o
 .ARM.attributes
                0x000000000000004a       0x2c ./Core/Src/dma.o
 .ARM.attributes
                0x0000000000000076       0x2c ./Core/Src/gpio.o
 .ARM.attributes
                0x00000000000000a2       0x2c ./Core/Src/i2c.o
 .ARM.attributes
                0x00000000000000ce       0x2c ./Core/Src/input_handler.o
 .ARM.attributes
                0x00000000000000fa       0x2c ./Core/Src/led_driver.o
 .ARM.attributes
                0x0000000000000126       0x2c ./Core/Src/main.o
 .ARM.attributes
                0x0000000000000152       0x2c ./Core/Src/output_handler.o
 .ARM.attributes
                0x000000000000017e       0x2c ./Core/Src/output_mixer.o
 .ARM.attributes
                0x00000000000001aa       0x2c ./Core/Src/spi.o
 .ARM.attributes
                0x00000000000001d6       0x2c ./Core/Src/stm32l0xx_hal_msp.o
 .ARM.attributes
                0x0000000000000202       0x2c ./Core/Src/stm32l0xx_it.o
 .ARM.attributes
                0x000000000000022e       0x2c ./Core/Src/system_stm32l0xx.o
 .ARM.attributes
                0x000000000000025a       0x2c ./Core/Src/tim.o
 .ARM.attributes
                0x0000000000000286       0x2c ./Core/Src/time_hander.o
 .ARM.attributes
                0x00000000000002b2       0x22 ./Core/Startup/startup_stm32l031f6px.o
 .ARM.attributes
                0x00000000000002d4       0x2c ./Drivers/STM32L0xx_HAL_Driver/Src/stm32l0xx_hal.o
 .ARM.attributes
                0x0000000000000300       0x2c ./Drivers/STM32L0xx_HAL_Driver/Src/stm32l0xx_hal_cortex.o
 .ARM.attributes
                0x000000000000032c       0x2c ./Drivers/STM32L0xx_HAL_Driver/Src/stm32l0xx_hal_dma.o
 .ARM.attributes
                0x0000000000000358       0x2c ./Drivers/STM32L0xx_HAL_Driver/Src/stm32l0xx_hal_gpio.o
 .ARM.attributes
                0x0000000000000384       0x2c ./Drivers/STM32L0xx_HAL_Driver/Src/stm32l0xx_hal_i2c.o
 .ARM.attributes
                0x00000000000003b0       0x2c ./Drivers/STM32L0xx_HAL_Driver/Src/stm32l0xx_hal_i2c_ex.o
 .ARM.attributes
                0x00000000000003dc       0x2c ./Drivers/STM32L0xx_HAL_Driver/Src/stm32l0xx_hal_rcc.o
 .ARM.attributes
                0x0000000000000408       0x2c ./Drivers/STM32L0xx_HAL_Driver/Src/stm32l0xx_hal_rcc_ex.o
 .ARM.attributes
                0x0000000000000434       0x2c ./Drivers/STM32L0xx_HAL_Driver/Src/stm32l0xx_hal_spi.o
 .ARM.attributes
                0x0000000000000460       0x2c ./Drivers/STM32L0xx_HAL_Driver/Src/stm32l0xx_hal_tim.o
 .ARM.attributes
                0x000000000000048c       0x2c ./Drivers/STM32L0xx_HAL_Driver/Src/stm32l0xx_hal_tim_ex.o
 .ARM.attributes
                0x00000000000004b8       0x2c c:/program files/st/stm32cubeide_1.11.2/stm32cubeide/plugins/com.st.stm32cube.ide.mcu.externaltools.gnu-tools-for-stm32.10.3-2021.10.win32_1.0.100.202210260954/tools/bin/../lib/gcc/arm-none-eabi/10.3.1/../../../../arm-none-eabi/lib/thumb/v6-m/nofp\libc_nano.a(lib_a-init.o)
 .ARM.attributes
                0x00000000000004e4       0x2c c:/program files/st/stm32cubeide_1.11.2/stm32cubeide/plugins/com.st.stm32cube.ide.mcu.externaltools.gnu-tools-for-stm32.10.3-2021.10.win32_1.0.100.202210260954/tools/bin/../lib/gcc/arm-none-eabi/10.3.1/../../../../arm-none-eabi/lib/thumb/v6-m/nofp\libc_nano.a(lib_a-memset.o)
 .ARM.attributes
                0x0000000000000510       0x1e c:/program files/st/stm32cubeide_1.11.2/stm32cubeide/plugins/com.st.stm32cube.ide.mcu.externaltools.gnu-tools-for-stm32.10.3-2021.10.win32_1.0.100.202210260954/tools/bin/../lib/gcc/arm-none-eabi/10.3.1/thumb/v6-m/nofp\libgcc.a(_udivsi3.o)
 .ARM.attributes
                0x000000000000052e       0x1e c:/program files/st/stm32cubeide_1.11.2/stm32cubeide/plugins/com.st.stm32cube.ide.mcu.externaltools.gnu-tools-for-stm32.10.3-2021.10.win32_1.0.100.202210260954/tools/bin/../lib/gcc/arm-none-eabi/10.3.1/thumb/v6-m/nofp\libgcc.a(_dvmd_tls.o)
 .ARM.attributes
                0x000000000000054c       0x1e c:/program files/st/stm32cubeide_1.11.2/stm32cubeide/plugins/com.st.stm32cube.ide.mcu.externaltools.gnu-tools-for-stm32.10.3-2021.10.win32_1.0.100.202210260954/tools/bin/../lib/gcc/arm-none-eabi/10.3.1/thumb/v6-m/nofp\libgcc.a(_aeabi_uldivmod.o)
 .ARM.attributes
                0x000000000000056a       0x2c c:/program files/st/stm32cubeide_1.11.2/stm32cubeide/plugins/com.st.stm32cube.ide.mcu.externaltools.gnu-tools-for-stm32.10.3-2021.10.win32_1.0.100.202210260954/tools/bin/../lib/gcc/arm-none-eabi/10.3.1/thumb/v6-m/nofp\libgcc.a(_muldi3.o)
 .ARM.attributes
                0x0000000000000596       0x2c c:/program files/st/stm32cubeide_1.11.2/stm32cubeide/plugins/com.st.stm32cube.ide.mcu.externaltools.gnu-tools-for-stm32.10.3-2021.10.win32_1.0.100.202210260954/tools/bin/../lib/gcc/arm-none-eabi/10.3.1/thumb/v6-m/nofp\libgcc.a(_udivmoddi4.o)
 .ARM.attributes
                0x00000000000005c2       0x1e c:/program files/st/stm32cubeide_1.11.2/stm32cubeide/plugins/com.st.stm32cube.ide.mcu.externaltools.gnu-tools-for-stm32.10.3-2021.10.win32_1.0.100.202210260954/tools/bin/../lib/gcc/arm-none-eabi/10.3.1/thumb/v6-m/nofp\libgcc.a(_clzdi2.o)
 .ARM.attributes
                0x00000000000005e0       0x1e c:/program files/st/stm32cubeide_1.11.2/stm32cubeide/plugins/com.st.stm32cube.ide.mcu.externaltools.gnu-tools-for-stm32.10.3-2021.10.win32_1.0.100.202210260954/tools/bin/../lib/gcc/arm-none-eabi/10.3.1/thumb/v6-m/nofp\libgcc.a(_clzsi2.o)
 .ARM.attributes
                0x00000000000005fe       0x1e c:/program files/st/stm32cubeide_1.11.2/stm32cubeide/plugins/com.st.stm32cube.ide.mcu.externaltools.gnu-tools-for-stm32.10.3-2021.10.win32_1.0.100.202210260954/tools/bin/../lib/gcc/arm-none-eabi/10.3.1/thumb/v6-m/nofp/crtn.o
OUTPUT(FW-NixieClock3-L031F6P6.elf elf32-littlearm)
LOAD linker stubs
LOAD c:/program files/st/stm32cubeide_1.11.2/stm32cubeide/plugins/com.st.stm32cube.ide.mcu.externaltools.gnu-tools-for-stm32.10.3-2021.10.win32_1.0.100.202210260954/tools/bin/../lib/gcc/arm-none-eabi/10.3.1/../../../../arm-none-eabi/lib/thumb/v6-m/nofp\libc.a
LOAD c:/program files/st/stm32cubeide_1.11.2/stm32cubeide/plugins/com.st.stm32cube.ide.mcu.externaltools.gnu-tools-for-stm32.10.3-2021.10.win32_1.0.100.202210260954/tools/bin/../lib/gcc/arm-none-eabi/10.3.1/../../../../arm-none-eabi/lib/thumb/v6-m/nofp\libm.a
LOAD c:/program files/st/stm32cubeide_1.11.2/stm32cubeide/plugins/com.st.stm32cube.ide.mcu.externaltools.gnu-tools-for-stm32.10.3-2021.10.win32_1.0.100.202210260954/tools/bin/../lib/gcc/arm-none-eabi/10.3.1/thumb/v6-m/nofp\libgcc.a

.debug_info     0x0000000000000000    0x10926
 .debug_info    0x0000000000000000      0x300 ./Core/Src/dma.o
 .debug_info    0x0000000000000300      0x3dc ./Core/Src/gpio.o
 .debug_info    0x00000000000006dc      0x9cd ./Core/Src/i2c.o
 .debug_info    0x00000000000010a9      0x412 ./Core/Src/input_handler.o
 .debug_info    0x00000000000014bb      0x926 ./Core/Src/led_driver.o
 .debug_info    0x0000000000001de1      0xe17 ./Core/Src/main.o
 .debug_info    0x0000000000002bf8      0x962 ./Core/Src/output_handler.o
 .debug_info    0x000000000000355a      0x794 ./Core/Src/output_mixer.o
 .debug_info    0x0000000000003cee      0x912 ./Core/Src/spi.o
 .debug_info    0x0000000000004600      0x207 ./Core/Src/stm32l0xx_hal_msp.o
 .debug_info    0x0000000000004807      0x6ed ./Core/Src/stm32l0xx_it.o
 .debug_info    0x0000000000004ef4      0x309 ./Core/Src/system_stm32l0xx.o
 .debug_info    0x00000000000051fd      0xd1b ./Core/Src/tim.o
 .debug_info    0x0000000000005f18      0xaa1 ./Core/Src/time_hander.o
 .debug_info    0x00000000000069b9       0x22 ./Core/Startup/startup_stm32l031f6px.o
 .debug_info    0x00000000000069db      0x86f ./Drivers/STM32L0xx_HAL_Driver/Src/stm32l0xx_hal.o
 .debug_info    0x000000000000724a      0x6d9 ./Drivers/STM32L0xx_HAL_Driver/Src/stm32l0xx_hal_cortex.o
 .debug_info    0x0000000000007923      0x75b ./Drivers/STM32L0xx_HAL_Driver/Src/stm32l0xx_hal_dma.o
 .debug_info    0x000000000000807e      0x6a1 ./Drivers/STM32L0xx_HAL_Driver/Src/stm32l0xx_hal_gpio.o
 .debug_info    0x000000000000871f     0x2273 ./Drivers/STM32L0xx_HAL_Driver/Src/stm32l0xx_hal_i2c.o
 .debug_info    0x000000000000a992      0x90d ./Drivers/STM32L0xx_HAL_Driver/Src/stm32l0xx_hal_i2c_ex.o
 .debug_info    0x000000000000b29f      0x9b2 ./Drivers/STM32L0xx_HAL_Driver/Src/stm32l0xx_hal_rcc.o
 .debug_info    0x000000000000bc51      0x4c0 ./Drivers/STM32L0xx_HAL_Driver/Src/stm32l0xx_hal_rcc_ex.o
 .debug_info    0x000000000000c111     0x16f8 ./Drivers/STM32L0xx_HAL_Driver/Src/stm32l0xx_hal_spi.o
 .debug_info    0x000000000000d809     0x2a26 ./Drivers/STM32L0xx_HAL_Driver/Src/stm32l0xx_hal_tim.o
 .debug_info    0x000000000001022f      0x6f7 ./Drivers/STM32L0xx_HAL_Driver/Src/stm32l0xx_hal_tim_ex.o

.debug_abbrev   0x0000000000000000     0x2f6b
 .debug_abbrev  0x0000000000000000       0xf8 ./Core/Src/dma.o
 .debug_abbrev  0x00000000000000f8      0x146 ./Core/Src/gpio.o
 .debug_abbrev  0x000000000000023e      0x1f7 ./Core/Src/i2c.o
 .debug_abbrev  0x0000000000000435      0x186 ./Core/Src/input_handler.o
 .debug_abbrev  0x00000000000005bb      0x20b ./Core/Src/led_driver.o
 .debug_abbrev  0x00000000000007c6      0x2a3 ./Core/Src/main.o
 .debug_abbrev  0x0000000000000a69      0x209 ./Core/Src/output_handler.o
 .debug_abbrev  0x0000000000000c72      0x219 ./Core/Src/output_mixer.o
 .debug_abbrev  0x0000000000000e8b      0x1d5 ./Core/Src/spi.o
 .debug_abbrev  0x0000000000001060       0xae ./Core/Src/stm32l0xx_hal_msp.o
 .debug_abbrev  0x000000000000110e      0x1be ./Core/Src/stm32l0xx_it.o
 .debug_abbrev  0x00000000000012cc      0x116 ./Core/Src/system_stm32l0xx.o
 .debug_abbrev  0x00000000000013e2      0x237 ./Core/Src/tim.o
 .debug_abbrev  0x0000000000001619      0x201 ./Core/Src/time_hander.o
 .debug_abbrev  0x000000000000181a       0x12 ./Core/Startup/startup_stm32l031f6px.o
 .debug_abbrev  0x000000000000182c      0x29a ./Drivers/STM32L0xx_HAL_Driver/Src/stm32l0xx_hal.o
 .debug_abbrev  0x0000000000001ac6      0x265 ./Drivers/STM32L0xx_HAL_Driver/Src/stm32l0xx_hal_cortex.o
 .debug_abbrev  0x0000000000001d2b      0x1c6 ./Drivers/STM32L0xx_HAL_Driver/Src/stm32l0xx_hal_dma.o
 .debug_abbrev  0x0000000000001ef1      0x1bb ./Drivers/STM32L0xx_HAL_Driver/Src/stm32l0xx_hal_gpio.o
 .debug_abbrev  0x00000000000020ac      0x25b ./Drivers/STM32L0xx_HAL_Driver/Src/stm32l0xx_hal_i2c.o
 .debug_abbrev  0x0000000000002307      0x1a7 ./Drivers/STM32L0xx_HAL_Driver/Src/stm32l0xx_hal_i2c_ex.o
 .debug_abbrev  0x00000000000024ae      0x28e ./Drivers/STM32L0xx_HAL_Driver/Src/stm32l0xx_hal_rcc.o
 .debug_abbrev  0x000000000000273c      0x1c5 ./Drivers/STM32L0xx_HAL_Driver/Src/stm32l0xx_hal_rcc_ex.o
 .debug_abbrev  0x0000000000002901      0x26e ./Drivers/STM32L0xx_HAL_Driver/Src/stm32l0xx_hal_spi.o
 .debug_abbrev  0x0000000000002b6f      0x260 ./Drivers/STM32L0xx_HAL_Driver/Src/stm32l0xx_hal_tim.o
 .debug_abbrev  0x0000000000002dcf      0x19c ./Drivers/STM32L0xx_HAL_Driver/Src/stm32l0xx_hal_tim_ex.o

.debug_aranges  0x0000000000000000      0xf68
 .debug_aranges
                0x0000000000000000       0x20 ./Core/Src/dma.o
 .debug_aranges
                0x0000000000000020       0x20 ./Core/Src/gpio.o
 .debug_aranges
                0x0000000000000040       0x30 ./Core/Src/i2c.o
 .debug_aranges
                0x0000000000000070       0x38 ./Core/Src/input_handler.o
 .debug_aranges
                0x00000000000000a8       0x30 ./Core/Src/led_driver.o
 .debug_aranges
                0x00000000000000d8       0x48 ./Core/Src/main.o
 .debug_aranges
                0x0000000000000120       0x48 ./Core/Src/output_handler.o
 .debug_aranges
                0x0000000000000168       0x48 ./Core/Src/output_mixer.o
 .debug_aranges
                0x00000000000001b0       0x30 ./Core/Src/spi.o
 .debug_aranges
                0x00000000000001e0       0x20 ./Core/Src/stm32l0xx_hal_msp.o
 .debug_aranges
                0x0000000000000200       0x50 ./Core/Src/stm32l0xx_it.o
 .debug_aranges
                0x0000000000000250       0x28 ./Core/Src/system_stm32l0xx.o
 .debug_aranges
                0x0000000000000278       0x40 ./Core/Src/tim.o
 .debug_aranges
                0x00000000000002b8       0x58 ./Core/Src/time_hander.o
 .debug_aranges
                0x0000000000000310       0x28 ./Core/Startup/startup_stm32l031f6px.o
 .debug_aranges
                0x0000000000000338      0x110 ./Drivers/STM32L0xx_HAL_Driver/Src/stm32l0xx_hal.o
 .debug_aranges
                0x0000000000000448       0xc0 ./Drivers/STM32L0xx_HAL_Driver/Src/stm32l0xx_hal_cortex.o
 .debug_aranges
                0x0000000000000508       0x80 ./Drivers/STM32L0xx_HAL_Driver/Src/stm32l0xx_hal_dma.o
 .debug_aranges
                0x0000000000000588       0x58 ./Drivers/STM32L0xx_HAL_Driver/Src/stm32l0xx_hal_gpio.o
 .debug_aranges
                0x00000000000005e0      0x2a0 ./Drivers/STM32L0xx_HAL_Driver/Src/stm32l0xx_hal_i2c.o
 .debug_aranges
                0x0000000000000880       0x48 ./Drivers/STM32L0xx_HAL_Driver/Src/stm32l0xx_hal_i2c_ex.o
 .debug_aranges
                0x00000000000008c8       0x80 ./Drivers/STM32L0xx_HAL_Driver/Src/stm32l0xx_hal_rcc.o
 .debug_aranges
                0x0000000000000948       0x58 ./Drivers/STM32L0xx_HAL_Driver/Src/stm32l0xx_hal_rcc_ex.o
 .debug_aranges
                0x00000000000009a0      0x1d0 ./Drivers/STM32L0xx_HAL_Driver/Src/stm32l0xx_hal_spi.o
 .debug_aranges
                0x0000000000000b70      0x3d0 ./Drivers/STM32L0xx_HAL_Driver/Src/stm32l0xx_hal_tim.o
 .debug_aranges
                0x0000000000000f40       0x28 ./Drivers/STM32L0xx_HAL_Driver/Src/stm32l0xx_hal_tim_ex.o

.debug_ranges   0x0000000000000000      0xdd0
 .debug_ranges  0x0000000000000000       0x10 ./Core/Src/dma.o
 .debug_ranges  0x0000000000000010       0x10 ./Core/Src/gpio.o
 .debug_ranges  0x0000000000000020       0x20 ./Core/Src/i2c.o
 .debug_ranges  0x0000000000000040       0x28 ./Core/Src/input_handler.o
 .debug_ranges  0x0000000000000068       0x20 ./Core/Src/led_driver.o
 .debug_ranges  0x0000000000000088       0x38 ./Core/Src/main.o
 .debug_ranges  0x00000000000000c0       0x38 ./Core/Src/output_handler.o
 .debug_ranges  0x00000000000000f8       0x38 ./Core/Src/output_mixer.o
 .debug_ranges  0x0000000000000130       0x20 ./Core/Src/spi.o
 .debug_ranges  0x0000000000000150       0x10 ./Core/Src/stm32l0xx_hal_msp.o
 .debug_ranges  0x0000000000000160       0x40 ./Core/Src/stm32l0xx_it.o
 .debug_ranges  0x00000000000001a0       0x18 ./Core/Src/system_stm32l0xx.o
 .debug_ranges  0x00000000000001b8       0x30 ./Core/Src/tim.o
 .debug_ranges  0x00000000000001e8       0x48 ./Core/Src/time_hander.o
 .debug_ranges  0x0000000000000230       0x20 ./Core/Startup/startup_stm32l031f6px.o
 .debug_ranges  0x0000000000000250      0x100 ./Drivers/STM32L0xx_HAL_Driver/Src/stm32l0xx_hal.o
 .debug_ranges  0x0000000000000350       0xb0 ./Drivers/STM32L0xx_HAL_Driver/Src/stm32l0xx_hal_cortex.o
 .debug_ranges  0x0000000000000400       0x70 ./Drivers/STM32L0xx_HAL_Driver/Src/stm32l0xx_hal_dma.o
 .debug_ranges  0x0000000000000470       0x48 ./Drivers/STM32L0xx_HAL_Driver/Src/stm32l0xx_hal_gpio.o
 .debug_ranges  0x00000000000004b8      0x290 ./Drivers/STM32L0xx_HAL_Driver/Src/stm32l0xx_hal_i2c.o
 .debug_ranges  0x0000000000000748       0x38 ./Drivers/STM32L0xx_HAL_Driver/Src/stm32l0xx_hal_i2c_ex.o
 .debug_ranges  0x0000000000000780       0x70 ./Drivers/STM32L0xx_HAL_Driver/Src/stm32l0xx_hal_rcc.o
 .debug_ranges  0x00000000000007f0       0x48 ./Drivers/STM32L0xx_HAL_Driver/Src/stm32l0xx_hal_rcc_ex.o
 .debug_ranges  0x0000000000000838      0x1c0 ./Drivers/STM32L0xx_HAL_Driver/Src/stm32l0xx_hal_spi.o
 .debug_ranges  0x00000000000009f8      0x3c0 ./Drivers/STM32L0xx_HAL_Driver/Src/stm32l0xx_hal_tim.o
 .debug_ranges  0x0000000000000db8       0x18 ./Drivers/STM32L0xx_HAL_Driver/Src/stm32l0xx_hal_tim_ex.o

.debug_macro    0x0000000000000000    0x135bd
 .debug_macro   0x0000000000000000      0x1dc ./Core/Src/dma.o
 .debug_macro   0x00000000000001dc      0xa4e ./Core/Src/dma.o
 .debug_macro   0x0000000000000c2a      0x125 ./Core/Src/dma.o
 .debug_macro   0x0000000000000d4f       0x2e ./Core/Src/dma.o
 .debug_macro   0x0000000000000d7d       0x28 ./Core/Src/dma.o
 .debug_macro   0x0000000000000da5       0x22 ./Core/Src/dma.o
 .debug_macro   0x0000000000000dc7       0x8e ./Core/Src/dma.o
 .debug_macro   0x0000000000000e55       0x51 ./Core/Src/dma.o
 .debug_macro   0x0000000000000ea6      0x103 ./Core/Src/dma.o
 .debug_macro   0x0000000000000fa9       0x6a ./Core/Src/dma.o
 .debug_macro   0x0000000000001013      0x1df ./Core/Src/dma.o
 .debug_macro   0x00000000000011f2       0x1c ./Core/Src/dma.o
 .debug_macro   0x000000000000120e       0x22 ./Core/Src/dma.o
 .debug_macro   0x0000000000001230       0xaf ./Core/Src/dma.o
 .debug_macro   0x00000000000012df      0x3ad ./Core/Src/dma.o
 .debug_macro   0x000000000000168c     0x7f07 ./Core/Src/dma.o
 .debug_macro   0x0000000000009593       0x66 ./Core/Src/dma.o
 .debug_macro   0x00000000000095f9     0x3590 ./Core/Src/dma.o
 .debug_macro   0x000000000000cb89      0x174 ./Core/Src/dma.o
 .debug_macro   0x000000000000ccfd       0x5c ./Core/Src/dma.o
 .debug_macro   0x000000000000cd59      0x8b4 ./Core/Src/dma.o
 .debug_macro   0x000000000000d60d      0x474 ./Core/Src/dma.o
 .debug_macro   0x000000000000da81      0x189 ./Core/Src/dma.o
 .debug_macro   0x000000000000dc0a      0x13f ./Core/Src/dma.o
 .debug_macro   0x000000000000dd49      0x10d ./Core/Src/dma.o
 .debug_macro   0x000000000000de56       0x82 ./Core/Src/dma.o
 .debug_macro   0x000000000000ded8      0x28e ./Core/Src/dma.o
 .debug_macro   0x000000000000e166       0x28 ./Core/Src/dma.o
 .debug_macro   0x000000000000e18e      0x128 ./Core/Src/dma.o
 .debug_macro   0x000000000000e2b6      0x23b ./Core/Src/dma.o
 .debug_macro   0x000000000000e4f1      0x22c ./Core/Src/dma.o
 .debug_macro   0x000000000000e71d       0x5b ./Core/Src/dma.o
 .debug_macro   0x000000000000e778       0xa5 ./Core/Src/dma.o
 .debug_macro   0x000000000000e81d      0x186 ./Core/Src/dma.o
 .debug_macro   0x000000000000e9a3       0x16 ./Core/Src/dma.o
 .debug_macro   0x000000000000e9b9      0x22c ./Core/Src/dma.o
 .debug_macro   0x000000000000ebe5      0x788 ./Core/Src/dma.o
 .debug_macro   0x000000000000f36d       0xc6 ./Core/Src/dma.o
 .debug_macro   0x000000000000f433      0x12a ./Core/Src/dma.o
 .debug_macro   0x000000000000f55d       0x22 ./Core/Src/dma.o
 .debug_macro   0x000000000000f57f       0x52 ./Core/Src/dma.o
 .debug_macro   0x000000000000f5d1      0x1dc ./Core/Src/gpio.o
 .debug_macro   0x000000000000f7ad      0x1dc ./Core/Src/i2c.o
 .debug_macro   0x000000000000f989      0x1ea ./Core/Src/input_handler.o
 .debug_macro   0x000000000000fb73      0xb26 ./Core/Src/input_handler.o
 .debug_macro   0x0000000000010699       0x1c ./Core/Src/input_handler.o
 .debug_macro   0x00000000000106b5      0x3ad ./Core/Src/input_handler.o
 .debug_macro   0x0000000000010a62      0x17b ./Core/Src/input_handler.o
 .debug_macro   0x0000000000010bdd       0x16 ./Core/Src/input_handler.o
 .debug_macro   0x0000000000010bf3       0x40 ./Core/Src/input_handler.o
 .debug_macro   0x0000000000010c33      0x1fe ./Core/Src/led_driver.o
 .debug_macro   0x0000000000010e31       0x7c ./Core/Src/led_driver.o
 .debug_macro   0x0000000000010ead      0x246 ./Core/Src/main.o
 .debug_macro   0x00000000000110f3       0x8e ./Core/Src/main.o
 .debug_macro   0x0000000000011181       0x10 ./Core/Src/main.o
 .debug_macro   0x0000000000011191       0x1c ./Core/Src/main.o
 .debug_macro   0x00000000000111ad      0x1f7 ./Core/Src/output_handler.o
 .debug_macro   0x00000000000113a4      0x240 ./Core/Src/output_mixer.o
 .debug_macro   0x00000000000115e4       0x88 ./Core/Src/output_mixer.o
 .debug_macro   0x000000000001166c      0x1dc ./Core/Src/spi.o
 .debug_macro   0x0000000000011848      0x1d2 ./Core/Src/stm32l0xx_hal_msp.o
 .debug_macro   0x0000000000011a1a      0x1dc ./Core/Src/stm32l0xx_it.o
 .debug_macro   0x0000000000011bf6      0x1ba ./Core/Src/system_stm32l0xx.o
 .debug_macro   0x0000000000011db0      0x1dc ./Core/Src/tim.o
 .debug_macro   0x0000000000011f8c      0x1f6 ./Core/Src/time_hander.o
 .debug_macro   0x0000000000012182      0x1de ./Drivers/STM32L0xx_HAL_Driver/Src/stm32l0xx_hal.o
 .debug_macro   0x0000000000012360      0x1ba ./Drivers/STM32L0xx_HAL_Driver/Src/stm32l0xx_hal_cortex.o
 .debug_macro   0x000000000001251a      0x1ba ./Drivers/STM32L0xx_HAL_Driver/Src/stm32l0xx_hal_dma.o
 .debug_macro   0x00000000000126d4      0x1c1 ./Drivers/STM32L0xx_HAL_Driver/Src/stm32l0xx_hal_gpio.o
 .debug_macro   0x0000000000012895      0x286 ./Drivers/STM32L0xx_HAL_Driver/Src/stm32l0xx_hal_i2c.o
 .debug_macro   0x0000000000012b1b      0x1ba ./Drivers/STM32L0xx_HAL_Driver/Src/stm32l0xx_hal_i2c_ex.o
 .debug_macro   0x0000000000012cd5      0x1f0 ./Drivers/STM32L0xx_HAL_Driver/Src/stm32l0xx_hal_rcc.o
 .debug_macro   0x0000000000012ec5      0x1ba ./Drivers/STM32L0xx_HAL_Driver/Src/stm32l0xx_hal_rcc_ex.o
 .debug_macro   0x000000000001307f      0x1c9 ./Drivers/STM32L0xx_HAL_Driver/Src/stm32l0xx_hal_spi.o
 .debug_macro   0x0000000000013248      0x1bb ./Drivers/STM32L0xx_HAL_Driver/Src/stm32l0xx_hal_tim.o
 .debug_macro   0x0000000000013403      0x1ba ./Drivers/STM32L0xx_HAL_Driver/Src/stm32l0xx_hal_tim_ex.o

.debug_line     0x0000000000000000    0x1577d
 .debug_line    0x0000000000000000      0x741 ./Core/Src/dma.o
 .debug_line    0x0000000000000741      0x76b ./Core/Src/gpio.o
 .debug_line    0x0000000000000eac      0x7c2 ./Core/Src/i2c.o
 .debug_line    0x000000000000166e      0x8f6 ./Core/Src/input_handler.o
 .debug_line    0x0000000000001f64      0x899 ./Core/Src/led_driver.o
 .debug_line    0x00000000000027fd      0x8fb ./Core/Src/main.o
 .debug_line    0x00000000000030f8      0x908 ./Core/Src/output_handler.o
 .debug_line    0x0000000000003a00      0xfac ./Core/Src/output_mixer.o
 .debug_line    0x00000000000049ac      0x7b7 ./Core/Src/spi.o
 .debug_line    0x0000000000005163      0x745 ./Core/Src/stm32l0xx_hal_msp.o
 .debug_line    0x00000000000058a8      0x7dd ./Core/Src/stm32l0xx_it.o
 .debug_line    0x0000000000006085      0x7e7 ./Core/Src/system_stm32l0xx.o
 .debug_line    0x000000000000686c      0x8bd ./Core/Src/tim.o
 .debug_line    0x0000000000007129      0xafe ./Core/Src/time_hander.o
 .debug_line    0x0000000000007c27       0x89 ./Core/Startup/startup_stm32l031f6px.o
 .debug_line    0x0000000000007cb0      0xa8a ./Drivers/STM32L0xx_HAL_Driver/Src/stm32l0xx_hal.o
 .debug_line    0x000000000000873a      0xa61 ./Drivers/STM32L0xx_HAL_Driver/Src/stm32l0xx_hal_cortex.o
 .debug_line    0x000000000000919b      0xc79 ./Drivers/STM32L0xx_HAL_Driver/Src/stm32l0xx_hal_dma.o
 .debug_line    0x0000000000009e14      0xb04 ./Drivers/STM32L0xx_HAL_Driver/Src/stm32l0xx_hal_gpio.o
 .debug_line    0x000000000000a918     0x37bd ./Drivers/STM32L0xx_HAL_Driver/Src/stm32l0xx_hal_i2c.o
 .debug_line    0x000000000000e0d5      0x954 ./Drivers/STM32L0xx_HAL_Driver/Src/stm32l0xx_hal_i2c_ex.o
 .debug_line    0x000000000000ea29      0xeca ./Drivers/STM32L0xx_HAL_Driver/Src/stm32l0xx_hal_rcc.o
 .debug_line    0x000000000000f8f3      0xa91 ./Drivers/STM32L0xx_HAL_Driver/Src/stm32l0xx_hal_rcc_ex.o
 .debug_line    0x0000000000010384     0x1caf ./Drivers/STM32L0xx_HAL_Driver/Src/stm32l0xx_hal_spi.o
 .debug_line    0x0000000000012033     0x2f46 ./Drivers/STM32L0xx_HAL_Driver/Src/stm32l0xx_hal_tim.o
 .debug_line    0x0000000000014f79      0x804 ./Drivers/STM32L0xx_HAL_Driver/Src/stm32l0xx_hal_tim_ex.o

.debug_str      0x0000000000000000    0x697f2
 .debug_str     0x0000000000000000    0x6463c ./Core/Src/dma.o
                                      0x64958 (size before relaxing)
 .debug_str     0x000000000006463c       0xce ./Core/Src/gpio.o
                                      0x648ab (size before relaxing)
 .debug_str     0x000000000006470a      0x435 ./Core/Src/i2c.o
                                      0x64dda (size before relaxing)
 .debug_str     0x0000000000064b3f      0x933 ./Core/Src/input_handler.o
                                      0x64f4e (size before relaxing)
 .debug_str     0x0000000000065472      0x524 ./Core/Src/led_driver.o
                                      0x65502 (size before relaxing)
 .debug_str     0x0000000000065996      0x690 ./Core/Src/main.o
                                      0x65cfa (size before relaxing)
 .debug_str     0x0000000000066026      0x2cd ./Core/Src/output_handler.o
                                      0x65387 (size before relaxing)
 .debug_str     0x00000000000662f3      0x217 ./Core/Src/output_mixer.o
                                      0x654aa (size before relaxing)
 .debug_str     0x000000000006650a       0x4b ./Core/Src/spi.o
                                      0x64cbc (size before relaxing)
 .debug_str     0x0000000000066555       0x2c ./Core/Src/stm32l0xx_hal_msp.o
                                      0x647d9 (size before relaxing)
 .debug_str     0x0000000000066581       0xe0 ./Core/Src/stm32l0xx_it.o
                                      0x64cbb (size before relaxing)
 .debug_str     0x0000000000066661       0x99 ./Core/Src/system_stm32l0xx.o
                                      0x646b8 (size before relaxing)
 .debug_str     0x00000000000666fa      0x21e ./Core/Src/tim.o
                                      0x65129 (size before relaxing)
 .debug_str     0x0000000000066918      0x1cc ./Core/Src/time_hander.o
                                      0x65649 (size before relaxing)
 .debug_str     0x0000000000066ae4       0x36 ./Core/Startup/startup_stm32l031f6px.o
                                         0x73 (size before relaxing)
 .debug_str     0x0000000000066b1a      0x415 ./Drivers/STM32L0xx_HAL_Driver/Src/stm32l0xx_hal.o
                                      0x64d5f (size before relaxing)
 .debug_str     0x0000000000066f2f      0x1b0 ./Drivers/STM32L0xx_HAL_Driver/Src/stm32l0xx_hal_cortex.o
                                      0x649b4 (size before relaxing)
 .debug_str     0x00000000000670df      0x238 ./Drivers/STM32L0xx_HAL_Driver/Src/stm32l0xx_hal_dma.o
                                      0x64a2c (size before relaxing)
 .debug_str     0x0000000000067317       0xe8 ./Drivers/STM32L0xx_HAL_Driver/Src/stm32l0xx_hal_gpio.o
                                      0x64858 (size before relaxing)
 .debug_str     0x00000000000673ff      0xd77 ./Drivers/STM32L0xx_HAL_Driver/Src/stm32l0xx_hal_i2c.o
                                      0x659c6 (size before relaxing)
 .debug_str     0x0000000000068176       0xb8 ./Drivers/STM32L0xx_HAL_Driver/Src/stm32l0xx_hal_i2c_ex.o
                                      0x64c46 (size before relaxing)
 .debug_str     0x000000000006822e      0x2ac ./Drivers/STM32L0xx_HAL_Driver/Src/stm32l0xx_hal_rcc.o
                                      0x64bb9 (size before relaxing)
 .debug_str     0x00000000000684da      0x120 ./Drivers/STM32L0xx_HAL_Driver/Src/stm32l0xx_hal_rcc_ex.o
                                      0x648bc (size before relaxing)
 .debug_str     0x00000000000685fa      0x53f ./Drivers/STM32L0xx_HAL_Driver/Src/stm32l0xx_hal_spi.o
                                      0x64fa7 (size before relaxing)
 .debug_str     0x0000000000068b39      0xc62 ./Drivers/STM32L0xx_HAL_Driver/Src/stm32l0xx_hal_tim.o
                                      0x65980 (size before relaxing)
 .debug_str     0x000000000006979b       0x57 ./Drivers/STM32L0xx_HAL_Driver/Src/stm32l0xx_hal_tim_ex.o
                                      0x64b35 (size before relaxing)

.comment        0x0000000000000000       0x50
 .comment       0x0000000000000000       0x50 ./Core/Src/dma.o
                                         0x51 (size before relaxing)
 .comment       0x0000000000000050       0x51 ./Core/Src/gpio.o
 .comment       0x0000000000000050       0x51 ./Core/Src/i2c.o
 .comment       0x0000000000000050       0x51 ./Core/Src/input_handler.o
 .comment       0x0000000000000050       0x51 ./Core/Src/led_driver.o
 .comment       0x0000000000000050       0x51 ./Core/Src/main.o
 .comment       0x0000000000000050       0x51 ./Core/Src/output_handler.o
 .comment       0x0000000000000050       0x51 ./Core/Src/output_mixer.o
 .comment       0x0000000000000050       0x51 ./Core/Src/spi.o
 .comment       0x0000000000000050       0x51 ./Core/Src/stm32l0xx_hal_msp.o
 .comment       0x0000000000000050       0x51 ./Core/Src/stm32l0xx_it.o
 .comment       0x0000000000000050       0x51 ./Core/Src/system_stm32l0xx.o
 .comment       0x0000000000000050       0x51 ./Core/Src/tim.o
 .comment       0x0000000000000050       0x51 ./Core/Src/time_hander.o
 .comment       0x0000000000000050       0x51 ./Drivers/STM32L0xx_HAL_Driver/Src/stm32l0xx_hal.o
 .comment       0x0000000000000050       0x51 ./Drivers/STM32L0xx_HAL_Driver/Src/stm32l0xx_hal_cortex.o
 .comment       0x0000000000000050       0x51 ./Drivers/STM32L0xx_HAL_Driver/Src/stm32l0xx_hal_dma.o
 .comment       0x0000000000000050       0x51 ./Drivers/STM32L0xx_HAL_Driver/Src/stm32l0xx_hal_gpio.o
 .comment       0x0000000000000050       0x51 ./Drivers/STM32L0xx_HAL_Driver/Src/stm32l0xx_hal_i2c.o
 .comment       0x0000000000000050       0x51 ./Drivers/STM32L0xx_HAL_Driver/Src/stm32l0xx_hal_i2c_ex.o
 .comment       0x0000000000000050       0x51 ./Drivers/STM32L0xx_HAL_Driver/Src/stm32l0xx_hal_rcc.o
 .comment       0x0000000000000050       0x51 ./Drivers/STM32L0xx_HAL_Driver/Src/stm32l0xx_hal_rcc_ex.o
 .comment       0x0000000000000050       0x51 ./Drivers/STM32L0xx_HAL_Driver/Src/stm32l0xx_hal_spi.o
 .comment       0x0000000000000050       0x51 ./Drivers/STM32L0xx_HAL_Driver/Src/stm32l0xx_hal_tim.o
 .comment       0x0000000000000050       0x51 ./Drivers/STM32L0xx_HAL_Driver/Src/stm32l0xx_hal_tim_ex.o

.debug_frame    0x0000000000000000     0x3570
 .debug_frame   0x0000000000000000       0x30 ./Core/Src/dma.o
 .debug_frame   0x0000000000000030       0x30 ./Core/Src/gpio.o
 .debug_frame   0x0000000000000060       0x6c ./Core/Src/i2c.o
 .debug_frame   0x00000000000000cc       0x8c ./Core/Src/input_handler.o
 .debug_frame   0x0000000000000158       0x70 ./Core/Src/led_driver.o
 .debug_frame   0x00000000000001c8       0xc4 ./Core/Src/main.o
 .debug_frame   0x000000000000028c       0xc4 ./Core/Src/output_handler.o
 .debug_frame   0x0000000000000350       0xcc ./Core/Src/output_mixer.o
 .debug_frame   0x000000000000041c       0x6c ./Core/Src/spi.o
 .debug_frame   0x0000000000000488       0x2c ./Core/Src/stm32l0xx_hal_msp.o
 .debug_frame   0x00000000000004b4       0xd4 ./Core/Src/stm32l0xx_it.o
 .debug_frame   0x0000000000000588       0x4c ./Core/Src/system_stm32l0xx.o
 .debug_frame   0x00000000000005d4       0xb0 ./Core/Src/tim.o
 .debug_frame   0x0000000000000684      0x10c ./Core/Src/time_hander.o
 .debug_frame   0x0000000000000790      0x394 ./Drivers/STM32L0xx_HAL_Driver/Src/stm32l0xx_hal.o
 .debug_frame   0x0000000000000b24      0x2a0 ./Drivers/STM32L0xx_HAL_Driver/Src/stm32l0xx_hal_cortex.o
 .debug_frame   0x0000000000000dc4      0x1b0 ./Drivers/STM32L0xx_HAL_Driver/Src/stm32l0xx_hal_dma.o
 .debug_frame   0x0000000000000f74      0x110 ./Drivers/STM32L0xx_HAL_Driver/Src/stm32l0xx_hal_gpio.o
 .debug_frame   0x0000000000001084      0xa64 ./Drivers/STM32L0xx_HAL_Driver/Src/stm32l0xx_hal_i2c.o
 .debug_frame   0x0000000000001ae8       0xd0 ./Drivers/STM32L0xx_HAL_Driver/Src/stm32l0xx_hal_i2c_ex.o
 .debug_frame   0x0000000000001bb8      0x1a8 ./Drivers/STM32L0xx_HAL_Driver/Src/stm32l0xx_hal_rcc.o
 .debug_frame   0x0000000000001d60       0xfc ./Drivers/STM32L0xx_HAL_Driver/Src/stm32l0xx_hal_rcc_ex.o
 .debug_frame   0x0000000000001e5c      0x6f0 ./Drivers/STM32L0xx_HAL_Driver/Src/stm32l0xx_hal_spi.o
 .debug_frame   0x000000000000254c      0xef8 ./Drivers/STM32L0xx_HAL_Driver/Src/stm32l0xx_hal_tim.o
 .debug_frame   0x0000000000003444       0x50 ./Drivers/STM32L0xx_HAL_Driver/Src/stm32l0xx_hal_tim_ex.o
 .debug_frame   0x0000000000003494       0x2c c:/program files/st/stm32cubeide_1.11.2/stm32cubeide/plugins/com.st.stm32cube.ide.mcu.externaltools.gnu-tools-for-stm32.10.3-2021.10.win32_1.0.100.202210260954/tools/bin/../lib/gcc/arm-none-eabi/10.3.1/../../../../arm-none-eabi/lib/thumb/v6-m/nofp\libc_nano.a(lib_a-init.o)
 .debug_frame   0x00000000000034c0       0x20 c:/program files/st/stm32cubeide_1.11.2/stm32cubeide/plugins/com.st.stm32cube.ide.mcu.externaltools.gnu-tools-for-stm32.10.3-2021.10.win32_1.0.100.202210260954/tools/bin/../lib/gcc/arm-none-eabi/10.3.1/../../../../arm-none-eabi/lib/thumb/v6-m/nofp\libc_nano.a(lib_a-memset.o)
 .debug_frame   0x00000000000034e0       0x20 c:/program files/st/stm32cubeide_1.11.2/stm32cubeide/plugins/com.st.stm32cube.ide.mcu.externaltools.gnu-tools-for-stm32.10.3-2021.10.win32_1.0.100.202210260954/tools/bin/../lib/gcc/arm-none-eabi/10.3.1/thumb/v6-m/nofp\libgcc.a(_udivsi3.o)
 .debug_frame   0x0000000000003500       0x34 c:/program files/st/stm32cubeide_1.11.2/stm32cubeide/plugins/com.st.stm32cube.ide.mcu.externaltools.gnu-tools-for-stm32.10.3-2021.10.win32_1.0.100.202210260954/tools/bin/../lib/gcc/arm-none-eabi/10.3.1/thumb/v6-m/nofp\libgcc.a(_muldi3.o)
 .debug_frame   0x0000000000003534       0x3c c:/program files/st/stm32cubeide_1.11.2/stm32cubeide/plugins/com.st.stm32cube.ide.mcu.externaltools.gnu-tools-for-stm32.10.3-2021.10.win32_1.0.100.202210260954/tools/bin/../lib/gcc/arm-none-eabi/10.3.1/thumb/v6-m/nofp\libgcc.a(_udivmoddi4.o)
