Archive member included to satisfy reference by file (symbol)

C:/Program Files/STMicroelectronics/STM32Cube/STM32CubeIDE_1.13.2/STM32CubeIDE/plugins/com.st.stm32cube.ide.mcu.externaltools.gnu-tools-for-stm32.11.3.rel1.win32_1.1.1.202309131626/tools/bin/../lib/gcc/arm-none-eabi/11.3.1/../../../../arm-none-eabi/lib/thumb/v6-m/nofp\libc_nano.a(libc_a-exit.o)
                              C:/Program Files/STMicroelectronics/STM32Cube/STM32CubeIDE_1.13.2/STM32CubeIDE/plugins/com.st.stm32cube.ide.mcu.externaltools.gnu-tools-for-stm32.11.3.rel1.win32_1.1.1.202309131626/tools/bin/../lib/gcc/arm-none-eabi/11.3.1/../../../../arm-none-eabi/lib/thumb/v6-m/nofp/crt0.o (exit)
C:/Program Files/STMicroelectronics/STM32Cube/STM32CubeIDE_1.13.2/STM32CubeIDE/plugins/com.st.stm32cube.ide.mcu.externaltools.gnu-tools-for-stm32.11.3.rel1.win32_1.1.1.202309131626/tools/bin/../lib/gcc/arm-none-eabi/11.3.1/../../../../arm-none-eabi/lib/thumb/v6-m/nofp\libc_nano.a(libc_a-findfp.o)
                              C:/Program Files/STMicroelectronics/STM32Cube/STM32CubeIDE_1.13.2/STM32CubeIDE/plugins/com.st.stm32cube.ide.mcu.externaltools.gnu-tools-for-stm32.11.3.rel1.win32_1.1.1.202309131626/tools/bin/../lib/gcc/arm-none-eabi/11.3.1/../../../../arm-none-eabi/lib/thumb/v6-m/nofp\libc_nano.a(libc_a-exit.o) (__stdio_exit_handler)
C:/Program Files/STMicroelectronics/STM32Cube/STM32CubeIDE_1.13.2/STM32CubeIDE/plugins/com.st.stm32cube.ide.mcu.externaltools.gnu-tools-for-stm32.11.3.rel1.win32_1.1.1.202309131626/tools/bin/../lib/gcc/arm-none-eabi/11.3.1/../../../../arm-none-eabi/lib/thumb/v6-m/nofp\libc_nano.a(libc_a-fwalk.o)
                              C:/Program Files/STMicroelectronics/STM32Cube/STM32CubeIDE_1.13.2/STM32CubeIDE/plugins/com.st.stm32cube.ide.mcu.externaltools.gnu-tools-for-stm32.11.3.rel1.win32_1.1.1.202309131626/tools/bin/../lib/gcc/arm-none-eabi/11.3.1/../../../../arm-none-eabi/lib/thumb/v6-m/nofp\libc_nano.a(libc_a-findfp.o) (_fwalk_sglue)
C:/Program Files/STMicroelectronics/STM32Cube/STM32CubeIDE_1.13.2/STM32CubeIDE/plugins/com.st.stm32cube.ide.mcu.externaltools.gnu-tools-for-stm32.11.3.rel1.win32_1.1.1.202309131626/tools/bin/../lib/gcc/arm-none-eabi/11.3.1/../../../../arm-none-eabi/lib/thumb/v6-m/nofp\libc_nano.a(libc_a-stdio.o)
                              C:/Program Files/STMicroelectronics/STM32Cube/STM32CubeIDE_1.13.2/STM32CubeIDE/plugins/com.st.stm32cube.ide.mcu.externaltools.gnu-tools-for-stm32.11.3.rel1.win32_1.1.1.202309131626/tools/bin/../lib/gcc/arm-none-eabi/11.3.1/../../../../arm-none-eabi/lib/thumb/v6-m/nofp\libc_nano.a(libc_a-findfp.o) (__sread)
C:/Program Files/STMicroelectronics/STM32Cube/STM32CubeIDE_1.13.2/STM32CubeIDE/plugins/com.st.stm32cube.ide.mcu.externaltools.gnu-tools-for-stm32.11.3.rel1.win32_1.1.1.202309131626/tools/bin/../lib/gcc/arm-none-eabi/11.3.1/../../../../arm-none-eabi/lib/thumb/v6-m/nofp\libc_nano.a(libc_a-memset.o)
                              C:/Program Files/STMicroelectronics/STM32Cube/STM32CubeIDE_1.13.2/STM32CubeIDE/plugins/com.st.stm32cube.ide.mcu.externaltools.gnu-tools-for-stm32.11.3.rel1.win32_1.1.1.202309131626/tools/bin/../lib/gcc/arm-none-eabi/11.3.1/../../../../arm-none-eabi/lib/thumb/v6-m/nofp/crt0.o (memset)
C:/Program Files/STMicroelectronics/STM32Cube/STM32CubeIDE_1.13.2/STM32CubeIDE/plugins/com.st.stm32cube.ide.mcu.externaltools.gnu-tools-for-stm32.11.3.rel1.win32_1.1.1.202309131626/tools/bin/../lib/gcc/arm-none-eabi/11.3.1/../../../../arm-none-eabi/lib/thumb/v6-m/nofp\libc_nano.a(libc_a-closer.o)
                              C:/Program Files/STMicroelectronics/STM32Cube/STM32CubeIDE_1.13.2/STM32CubeIDE/plugins/com.st.stm32cube.ide.mcu.externaltools.gnu-tools-for-stm32.11.3.rel1.win32_1.1.1.202309131626/tools/bin/../lib/gcc/arm-none-eabi/11.3.1/../../../../arm-none-eabi/lib/thumb/v6-m/nofp\libc_nano.a(libc_a-stdio.o) (_close_r)
C:/Program Files/STMicroelectronics/STM32Cube/STM32CubeIDE_1.13.2/STM32CubeIDE/plugins/com.st.stm32cube.ide.mcu.externaltools.gnu-tools-for-stm32.11.3.rel1.win32_1.1.1.202309131626/tools/bin/../lib/gcc/arm-none-eabi/11.3.1/../../../../arm-none-eabi/lib/thumb/v6-m/nofp\libc_nano.a(libc_a-reent.o)
                              C:/Program Files/STMicroelectronics/STM32Cube/STM32CubeIDE_1.13.2/STM32CubeIDE/plugins/com.st.stm32cube.ide.mcu.externaltools.gnu-tools-for-stm32.11.3.rel1.win32_1.1.1.202309131626/tools/bin/../lib/gcc/arm-none-eabi/11.3.1/../../../../arm-none-eabi/lib/thumb/v6-m/nofp\libc_nano.a(libc_a-closer.o) (errno)
C:/Program Files/STMicroelectronics/STM32Cube/STM32CubeIDE_1.13.2/STM32CubeIDE/plugins/com.st.stm32cube.ide.mcu.externaltools.gnu-tools-for-stm32.11.3.rel1.win32_1.1.1.202309131626/tools/bin/../lib/gcc/arm-none-eabi/11.3.1/../../../../arm-none-eabi/lib/thumb/v6-m/nofp\libc_nano.a(libc_a-impure.o)
[...]
Memory Configuration

Name             Origin             Length             Attributes
RAM              0x0000000020000000 0x0000000000002000 xrw
FLASH            0x0000000008000000 0x0000000000008000 xr
*default*        0x0000000000000000 0xffffffffffffffff

Linker script and memory map

LOAD C:/Program Files/STMicroelectronics/STM32Cube/STM32CubeIDE_1.13.2/STM32CubeIDE/plugins/com.st.stm32cube.ide.mcu.externaltools.gnu-tools-for-stm32.11.3.rel1.win32_1.1.1.202309131626/tools/bin/../lib/gcc/arm-none-eabi/11.3.1/thumb/v6-m/nofp/crti.o
LOAD C:/Program Files/STMicroelectronics/STM32Cube/STM32CubeIDE_1.13.2/STM32CubeIDE/plugins/com.st.stm32cube.ide.mcu.externaltools.gnu-tools-for-stm32.11.3.rel1.win32_1.1.1.202309131626/tools/bin/../lib/gcc/arm-none-eabi/11.3.1/thumb/v6-m/nofp/crtbegin.o
LOAD C:/Program Files/STMicroelectronics/STM32Cube/STM32CubeIDE_1.13.2/STM32CubeIDE/plugins/com.st.stm32cube.ide.mcu.externaltools.gnu-tools-for-stm32.11.3.rel1.win32_1.1.1.202309131626/tools/bin/../lib/gcc/arm-none-eabi/11.3.1/../../../../arm-none-eabi/lib/thumb/v6-m/nofp/crt0.o
LOAD ./Core/Src/dma.o
LOAD ./Core/Src/gpio.o
LOAD ./Core/Src/i2c.o
LOAD ./Core/Src/input_handler.o
LOAD ./Core/Src/led_driver.o
LOAD ./Core/Src/main.o
LOAD ./Core/Src/output_handler.o
LOAD ./Core/Src/output_mixer.o
LOAD ./Core/Src/settings_sm.o
LOAD ./Core/Src/spi.o
LOAD ./Core/Src/stm32l0xx_hal_msp.o
LOAD ./Core/Src/stm32l0xx_it.o
LOAD ./Core/Src/system_stm32l0xx.o
LOAD ./Core/Src/tim.o
LOAD ./Core/Src/time_hander.o
LOAD ./Core/Startup/startup_stm32l031f6px.o
LOAD ./Drivers/STM32L0xx_HAL_Driver/Src/stm32l0xx_hal.o
LOAD ./Drivers/STM32L0xx_HAL_Driver/Src/stm32l0xx_hal_cortex.o
LOAD ./Drivers/STM32L0xx_HAL_Driver/Src/stm32l0xx_hal_dma.o
LOAD ./Drivers/STM32L0xx_HAL_Driver/Src/stm32l0xx_hal_exti.o
LOAD ./Drivers/STM32L0xx_HAL_Driver/Src/stm32l0xx_hal_flash.o
LOAD ./Drivers/STM32L0xx_HAL_Driver/Src/stm32l0xx_hal_flash_ex.o
LOAD ./Drivers/STM32L0xx_HAL_Driver/Src/stm32l0xx_hal_flash_ramfunc.o
LOAD ./Drivers/STM32L0xx_HAL_Driver/Src/stm32l0xx_hal_gpio.o
LOAD ./Drivers/STM32L0xx_HAL_Driver/Src/stm32l0xx_hal_i2c.o
LOAD ./Drivers/STM32L0xx_HAL_Driver/Src/stm32l0xx_hal_i2c_ex.o
LOAD ./Drivers/STM32L0xx_HAL_Driver/Src/stm32l0xx_hal_pwr.o
LOAD ./Drivers/STM32L0xx_HAL_Driver/Src/stm32l0xx_hal_pwr_ex.o
LOAD ./Drivers/STM32L0xx_HAL_Driver/Src/stm32l0xx_hal_rcc.o
LOAD ./Drivers/STM32L0xx_HAL_Driver/Src/stm32l0xx_hal_rcc_ex.o
LOAD ./Drivers/STM32L0xx_HAL_Driver/Src/stm32l0xx_hal_spi.o
LOAD ./Drivers/STM32L0xx_HAL_Driver/Src/stm32l0xx_hal_tim.o
LOAD ./Drivers/STM32L0xx_HAL_Driver/Src/stm32l0xx_hal_tim_ex.o
START GROUP
LOAD C:/Program Files/STMicroelectronics/STM32Cube/STM32CubeIDE_1.13.2/STM32CubeIDE/plugins/com.st.stm32cube.ide.mcu.externaltools.gnu-tools-for-stm32.11.3.rel1.win32_1.1.1.202309131626/tools/bin/../lib/gcc/arm-none-eabi/11.3.1/../../../../arm-none-eabi/lib/thumb/v6-m/nofp\libstdc++_nano.a
LOAD C:/Program Files/STMicroelectronics/STM32Cube/STM32CubeIDE_1.13.2/STM32CubeIDE/plugins/com.st.stm32cube.ide.mcu.externaltools.gnu-tools-for-stm32.11.3.rel1.win32_1.1.1.202309131626/tools/bin/../lib/gcc/arm-none-eabi/11.3.1/../../../../arm-none-eabi/lib/thumb/v6-m/nofp\libsupc++_nano.a
END GROUP
LOAD C:/Program Files/STMicroelectronics/STM32Cube/STM32CubeIDE_1.13.2/STM32CubeIDE/plugins/com.st.stm32cube.ide.mcu.externaltools.gnu-tools-for-stm32.11.3.rel1.win32_1.1.1.202309131626/tools/bin/../lib/gcc/arm-none-eabi/11.3.1/../../../../arm-none-eabi/lib/thumb/v6-m/nofp\libstdc++_nano.a
LOAD C:/Program Files/STMicroelectronics/STM32Cube/STM32CubeIDE_1.13.2/STM32CubeIDE/plugins/com.st.stm32cube.ide.mcu.externaltools.gnu-tools-for-stm32.11.3.rel1.win32_1.1.1.202309131626/tools/bin/../lib/gcc/arm-none-eabi/11.3.1/../../../../arm-none-eabi/lib/thumb/v6-m/nofp\libm.a
LOAD C:/Program Files/STMicroelectronics/STM32Cube/STM32CubeIDE_1.13.2/STM32CubeIDE/plugins/com.st.stm32cube.ide.mcu.externaltools.gnu-tools-for-stm32.11.3.rel1.win32_1.1.1.202309131626/tools/bin/../lib/gcc/arm-none-eabi/11.3.1/../../../../arm-none-eabi/lib/thumb/v6-m/nofp\libc_nano.a
START GROUP
LOAD C:/Program Files/STMicroelectronics/STM32Cube/STM32CubeIDE_1.13.2/STM32CubeIDE/plugins/com.st.stm32cube.ide.mcu.externaltools.gnu-tools-for-stm32.11.3.rel1.win32_1.1.1.202309131626/tools/bin/../lib/gcc/arm-none-eabi/11.3.1/thumb/v6-m/nofp\libgcc.a
LOAD C:/Program Files/STMicroelectronics/STM32Cube/STM32CubeIDE_1.13.2/STM32CubeIDE/plugins/com.st.stm32cube.ide.mcu.externaltools.gnu-tools-for-stm32.11.3.rel1.win32_1.1.1.202309131626/tools/bin/../lib/gcc/arm-none-eabi/11.3.1/../../../../arm-none-eabi/lib/thumb/v6-m/nofp\libc_nano.a
END GROUP
START GROUP
LOAD C:/Program Files/STMicroelectronics/STM32Cube/STM32CubeIDE_1.13.2/STM32CubeIDE/plugins/com.st.stm32cube.ide.mcu.externaltools.gnu-tools-for-stm32.11.3.rel1.win32_1.1.1.202309131626/tools/bin/../lib/gcc/arm-none-eabi/11.3.1/thumb/v6-m/nofp\libgcc.a
LOAD C:/Program Files/STMicroelectronics/STM32Cube/STM32CubeIDE_1.13.2/STM32CubeIDE/plugins/com.st.stm32cube.ide.mcu.externaltools.gnu-tools-for-stm32.11.3.rel1.win32_1.1.1.202309131626/tools/bin/../lib/gcc/arm-none-eabi/11.3.1/../../../../arm-none-eabi/lib/thumb/v6-m/nofp\libc_nano.a
LOAD C:/Program Files/STMicroelectronics/STM32Cube/STM32CubeIDE_1.13.2/STM32CubeIDE/plugins/com.st.stm32cube.ide.mcu.externaltools.gnu-tools-for-stm32.11.3.rel1.win32_1.1.1.202309131626/tools/bin/../lib/gcc/arm-none-eabi/11.3.1/../../../../arm-none-eabi/lib/thumb/v6-m/nofp\libnosys.a
END GROUP
START GROUP
LOAD C:/Program Files/STMicroelectronics/STM32Cube/STM32CubeIDE_1.13.2/STM32CubeIDE/plugins/com.st.stm32cube.ide.mcu.externaltools.gnu-tools-for-stm32.11.3.rel1.win32_1.1.1.202309131626/tools/bin/../lib/gcc/arm-none-eabi/11.3.1/thumb/v6-m/nofp\libgcc.a
LOAD C:/Program Files/STMicroelectronics/STM32Cube/STM32CubeIDE_1.13.2/STM32CubeIDE/plugins/com.st.stm32cube.ide.mcu.externaltools.gnu-tools-for-stm32.11.3.rel1.win32_1.1.1.202309131626/tools/bin/../lib/gcc/arm-none-eabi/11.3.1/../../../../arm-none-eabi/lib/thumb/v6-m/nofp\libc_nano.a
LOAD C:/Program Files/STMicroelectronics/STM32Cube/STM32CubeIDE_1.13.2/STM32CubeIDE/plugins/com.st.stm32cube.ide.mcu.externaltools.gnu-tools-for-stm32.11.3.rel1.win32_1.1.1.202309131626/tools/bin/../lib/gcc/arm-none-eabi/11.3.1/../../../../arm-none-eabi/lib/thumb/v6-m/nofp\libnosys.a
END GROUP
LOAD C:/Program Files/STMicroelectronics/STM32Cube/STM32CubeIDE_1.13.2/STM32CubeIDE/plugins/com.st.stm32cube.ide.mcu.externaltools.gnu-tools-for-stm32.11.3.rel1.win32_1.1.1.202309131626/tools/bin/../lib/gcc/arm-none-eabi/11.3.1/thumb/v6-m/nofp/crtend.o
LOAD C:/Program Files/STMicroelectronics/STM32Cube/STM32CubeIDE_1.13.2/STM32CubeIDE/plugins/com.st.stm32cube.ide.mcu.externaltools.gnu-tools-for-stm32.11.3.rel1.win32_1.1.1.202309131626/tools/bin/../lib/gcc/arm-none-eabi/11.3.1/thumb/v6-m/nofp/crtn.o
                0x0000000020002000                _estack = (ORIGIN (RAM) + LENGTH (RAM))
                0x0000000000000200                _Min_Heap_Size = 0x200
                0x0000000000000400                _Min_Stack_Size = 0x400

.isr_vector     0x0000000008000000       0xc0
                0x0000000008000000                . = ALIGN (0x4)
 *(.isr_vector)
 .isr_vector    0x0000000008000000       0xc0 ./Core/Startup/startup_stm32l031f6px.o
                0x0000000008000000                g_pfnVectors
                0x00000000080000c0                . = ALIGN (0x4)

.text           0x00000000080000c0     0x71ec
                0x00000000080000c0                . = ALIGN (0x4)
 *(.text)
 .text          0x00000000080000c0       0x48 C:/Program Files/STMicroelectronics/STM32Cube/STM32CubeIDE_1.13.2/STM32CubeIDE/plugins/com.st.stm32cube.ide.mcu.externaltools.gnu-tools-for-stm32.11.3.rel1.win32_1.1.1.202309131626/tools/bin/../lib/gcc/arm-none-eabi/11.3.1/thumb/v6-m/nofp/crtbegin.o
 .text          0x0000000008000108      0x114 C:/Program Files/STMicroelectronics/STM32Cube/STM32CubeIDE_1.13.2/STM32CubeIDE/plugins/com.st.stm32cube.ide.mcu.externaltools.gnu-tools-for-stm32.11.3.rel1.win32_1.1.1.202309131626/tools/bin/../lib/gcc/arm-none-eabi/11.3.1/thumb/v6-m/nofp\libgcc.a(_udivsi3.o)
                0x0000000008000108                __aeabi_uidiv
                0x0000000008000108                __udivsi3
                0x0000000008000214                __aeabi_uidivmod
 .text          0x000000000800021c        0x4 C:/Program Files/STMicroelectronics/STM32Cube/STM32CubeIDE_1.13.2/STM32CubeIDE/plugins/com.st.stm32cube.ide.mcu.externaltools.gnu-tools-for-stm32.11.3.rel1.win32_1.1.1.202309131626/tools/bin/../lib/gcc/arm-none-eabi/11.3.1/thumb/v6-m/nofp\libgcc.a(_dvmd_tls.o)
                0x000000000800021c                __aeabi_idiv0
                0x000000000800021c                __aeabi_ldiv0
 .text          0x0000000008000220       0x40 C:/Program Files/STMicroelectronics/STM32Cube/STM32CubeIDE_1.13.2/STM32CubeIDE/plugins/com.st.stm32cube.ide.mcu.externaltools.gnu-tools-for-stm32.11.3.rel1.win32_1.1.1.202309131626/tools/bin/../lib/gcc/arm-none-eabi/11.3.1/thumb/v6-m/nofp\libgcc.a(_aeabi_uldivmod.o)
                0x0000000008000220                __aeabi_uldivmod
 .text          0x0000000008000260       0x5c C:/Program Files/STMicroelectronics/STM32Cube/STM32CubeIDE_1.13.2/STM32CubeIDE/plugins/com.st.stm32cube.ide.mcu.externaltools.gnu-tools-for-stm32.11.3.rel1.win32_1.1.1.202309131626/tools/bin/../lib/gcc/arm-none-eabi/11.3.1/thumb/v6-m/nofp\libgcc.a(_muldi3.o)
                0x0000000008000260                __muldi3
                0x0000000008000260                __aeabi_lmul
 .text          0x00000000080002bc      0x198 C:/Program Files/STMicroelectronics/STM32Cube/STM32CubeIDE_1.13.2/STM32CubeIDE/plugins/com.st.stm32cube.ide.mcu.externaltools.gnu-tools-for-stm32.11.3.rel1.win32_1.1.1.202309131626/tools/bin/../lib/gcc/arm-none-eabi/11.3.1/thumb/v6-m/nofp\libgcc.a(_udivmoddi4.o)
                0x00000000080002bc                __udivmoddi4
 .text          0x0000000008000454       0x18 C:/Program Files/STMicroelectronics/STM32Cube/STM32CubeIDE_1.13.2/STM32CubeIDE/plugins/com.st.stm32cube.ide.mcu.externaltools.gnu-tools-for-stm32.11.3.rel1.win32_1.1.1.202309131626/tools/bin/../lib/gcc/arm-none-eabi/11.3.1/thumb/v6-m/nofp\libgcc.a(_clzdi2.o)
                0x0000000008000454                __clzdi2
 .text          0x000000000800046c       0x3c C:/Program Files/STMicroelectronics/STM32Cube/STM32CubeIDE_1.13.2/STM32CubeIDE/plugins/com.st.stm32cube.ide.mcu.externaltools.gnu-tools-for-stm32.11.3.rel1.win32_1.1.1.202309131626/tools/bin/../lib/gcc/arm-none-eabi/11.3.1/thumb/v6-m/nofp\libgcc.a(_clzsi2.o)
                0x000000000800046c                __clzsi2
 *(.text*)
 .text.MX_DMA_Init
                0x00000000080004a8       0x3c ./Core/Src/dma.o
                0x00000000080004a8                MX_DMA_Init
 .text.MX_GPIO_Init
                0x00000000080004e4       0xdc ./Core/Src/gpio.o
                0x00000000080004e4                MX_GPIO_Init
 .text.MX_I2C1_Init
                0x00000000080005c0       0x80 ./Core/Src/i2c.o
                0x00000000080005c0                MX_I2C1_Init
 .text.HAL_I2C_MspInit
                0x0000000008000640       0x88 ./Core/Src/i2c.o
                0x0000000008000640                HAL_I2C_MspInit
 .text._Z17run_input_handlerv
                0x00000000080006c8       0x98 ./Core/Src/input_handler.o
                0x00000000080006c8                run_input_handler()
 .text._Z9debouncerv
                0x0000000008000760      0x168 ./Core/Src/input_handler.o
                0x0000000008000760                debouncer()
 .text._Z7decoderh
                0x00000000080008c8       0xcc ./Core/Src/input_handler.o
                0x00000000080008c8                decoder(unsigned char)
 .text._Z12push_handlerh
                0x0000000008000994       0x90 ./Core/Src/input_handler.o
                0x0000000008000994                push_handler(unsigned char)
 .text._Z9set_colorhmh
                0x0000000008000a24      0x110 ./Core/Src/led_driver.o
                0x0000000008000a24                set_color(unsigned char, unsigned long, unsigned char)
 .text._Z9send_datab
                0x0000000008000b34      0x124 ./Core/Src/led_driver.o
                0x0000000008000b34                send_data(bool)
 .text.HAL_TIM_PWM_PulseFinishedCallback
                0x0000000008000c58       0x28 ./Core/Src/led_driver.o
                0x0000000008000c58                HAL_TIM_PWM_PulseFinishedCallback
 .text.main     0x0000000008000c80      0x1d0 ./Core/Src/main.o
                0x0000000008000c80                main
 .text._Z18SystemClock_Configv
                0x0000000008000e50      0x100 ./Core/Src/main.o
                0x0000000008000e50                SystemClock_Config()
 .text.counter_update_it
                0x0000000008000f50       0x18 ./Core/Src/main.o
                0x0000000008000f50                counter_update_it
 .text.start_timer_ms
                0x0000000008000f68       0x20 ./Core/Src/main.o
                0x0000000008000f68                start_timer_ms
 .text.timeout  0x0000000008000f88       0x24 ./Core/Src/main.o
                0x0000000008000f88                timeout
 .text.Error_Handler
                0x0000000008000fac        0xa ./Core/Src/main.o
                0x0000000008000fac                Error_Handler
 *fill*         0x0000000008000fb6        0x2 
 .text._Z9spi_writev
                0x0000000008000fb8       0x3c ./Core/Src/output_handler.o
                0x0000000008000fb8                spi_write()
 .text._Z10set_numberhh
                0x0000000008000ff4      0x12c ./Core/Src/output_handler.o
                0x0000000008000ff4                set_number(unsigned char, unsigned char)
 .text._Z9set_pointhb
                0x0000000008001120       0xdc ./Core/Src/output_handler.o
                0x0000000008001120                set_point(unsigned char, bool)
 .text._Z10set_outputv
                0x00000000080011fc       0x24 ./Core/Src/output_handler.o
                0x00000000080011fc                set_output()
 .text._Z17set_flyback_stateb
                0x0000000008001220       0x78 ./Core/Src/output_handler.o
                0x0000000008001220                set_flyback_state(bool)
 .text._Z16run_output_mixerh
                0x0000000008001298      0x4f4 ./Core/Src/output_mixer.o
                0x0000000008001298                run_output_mixer(unsigned char)
 .text._Z22submenu_0_display_timev
                0x000000000800178c       0xd8 ./Core/Src/output_mixer.o
                0x000000000800178c                submenu_0_display_time()
 .text._Z18submenu_1_set_timehb
                0x0000000008001864      0x2ec ./Core/Src/output_mixer.o
                0x0000000008001864                submenu_1_set_time(unsigned char, bool)
 .text._Z18submenu_2_set_datehb
                0x0000000008001b50      0x3d8 ./Core/Src/output_mixer.o
                0x0000000008001b50                submenu_2_set_date(unsigned char, bool)
 .text._Z19submenu_3_set_onoffhb
                0x0000000008001f28      0x558 ./Core/Src/output_mixer.o
                0x0000000008001f28                submenu_3_set_onoff(unsigned char, bool)
 .text._Z23submenu_4_set_led_colorhb
                0x0000000008002480      0x164 ./Core/Src/output_mixer.o
                0x0000000008002480                submenu_4_set_led_color(unsigned char, bool)
 .text._Z21submenu_9_menu_selecth
                0x00000000080025e4       0x84 ./Core/Src/output_mixer.o
                0x00000000080025e4                submenu_9_menu_select(unsigned char)
 .text._Z20write_flash_new_datav
                0x0000000008002668       0xe0 ./Core/Src/output_mixer.o
                0x0000000008002668                write_flash_new_data()
 .text.MX_SPI1_Init
                0x0000000008002748       0x70 ./Core/Src/spi.o
                0x0000000008002748                MX_SPI1_Init
 .text.HAL_SPI_MspInit
                0x00000000080027b8       0x88 ./Core/Src/spi.o
                0x00000000080027b8                HAL_SPI_MspInit
 .text.HAL_MspInit
                0x0000000008002840       0x28 ./Core/Src/stm32l0xx_hal_msp.o
                0x0000000008002840                HAL_MspInit
 .text.NMI_Handler
                0x0000000008002868        0x6 ./Core/Src/stm32l0xx_it.o
                0x0000000008002868                NMI_Handler
 .text.HardFault_Handler
                0x000000000800286e        0x6 ./Core/Src/stm32l0xx_it.o
                0x000000000800286e                HardFault_Handler
 .text.SVC_Handler
                0x0000000008002874        0xa ./Core/Src/stm32l0xx_it.o
                0x0000000008002874                SVC_Handler
 .text.PendSV_Handler
                0x000000000800287e        0xa ./Core/Src/stm32l0xx_it.o
                0x000000000800287e                PendSV_Handler
 .text.SysTick_Handler
                0x0000000008002888        0xe ./Core/Src/stm32l0xx_it.o
                0x0000000008002888                SysTick_Handler
 *fill*         0x0000000008002896        0x2 
 .text.DMA1_Channel1_IRQHandler
                0x0000000008002898       0x18 ./Core/Src/stm32l0xx_it.o
                0x0000000008002898                DMA1_Channel1_IRQHandler
 .text.TIM21_IRQHandler
                0x00000000080028b0       0x1c ./Core/Src/stm32l0xx_it.o
                0x00000000080028b0                TIM21_IRQHandler
 .text.SystemInit
                0x00000000080028cc        0xa ./Core/Src/system_stm32l0xx.o
                0x00000000080028cc                SystemInit
 *fill*         0x00000000080028d6        0x2 
 .text.MX_TIM2_Init
                0x00000000080028d8       0xfc ./Core/Src/tim.o
                0x00000000080028d8                MX_TIM2_Init
 .text.MX_TIM21_Init
                0x00000000080029d4      0x108 ./Core/Src/tim.o
                0x00000000080029d4                MX_TIM21_Init
 .text.HAL_TIM_Base_MspInit
                0x0000000008002adc       0xb8 ./Core/Src/tim.o
                0x0000000008002adc                HAL_TIM_Base_MspInit
 .text.HAL_TIM_MspPostInit
                0x0000000008002b94       0x78 ./Core/Src/tim.o
                0x0000000008002b94                HAL_TIM_MspPostInit
 .text._Z16run_time_handlerv
                0x0000000008002c0c       0x78 ./Core/Src/time_hander.o
                0x0000000008002c0c                run_time_handler()
 .text._Z13read_time_i2cv
                0x0000000008002c84       0xb0 ./Core/Src/time_hander.o
                0x0000000008002c84                read_time_i2c()
 .text._Z14write_time_i2cv
                0x0000000008002d34       0xbc ./Core/Src/time_hander.o
                0x0000000008002d34                write_time_i2c()
 .text._Z13read_date_i2cv
                0x0000000008002df0      0x100 ./Core/Src/time_hander.o
                0x0000000008002df0                read_date_i2c()
 .text._Z14write_date_i2cv
                0x0000000008002ef0       0xf4 ./Core/Src/time_hander.o
                0x0000000008002ef0                write_date_i2c()
 .text._Z9dls_checkb
                0x0000000008002fe4      0x190 ./Core/Src/time_hander.o
                0x0000000008002fe4                dls_check(bool)
 .text._Z16write_i2c_singlehh
                0x0000000008003174       0x40 ./Core/Src/time_hander.o
                0x0000000008003174                write_i2c_single(unsigned char, unsigned char)
 .text._Z15read_i2c_singleh
                0x00000000080031b4       0x48 ./Core/Src/time_hander.o
                0x00000000080031b4                read_i2c_single(unsigned char)
 .text.Reset_Handler
                0x00000000080031fc       0x50 ./Core/Startup/startup_stm32l031f6px.o
                0x00000000080031fc                Reset_Handler
 .text.Default_Handler
                0x000000000800324c        0x2 ./Core/Startup/startup_stm32l031f6px.o
                0x000000000800324c                ADC1_COMP_IRQHandler
                0x000000000800324c                PVD_IRQHandler
                0x000000000800324c                I2C1_IRQHandler
                0x000000000800324c                SPI1_IRQHandler
                0x000000000800324c                EXTI2_3_IRQHandler
                0x000000000800324c                RTC_IRQHandler
                0x000000000800324c                DMA1_Channel4_5_6_7_IRQHandler
                0x000000000800324c                EXTI4_15_IRQHandler
                0x000000000800324c                RCC_IRQHandler
                0x000000000800324c                Default_Handler
                0x000000000800324c                TIM22_IRQHandler
                0x000000000800324c                EXTI0_1_IRQHandler
                0x000000000800324c                WWDG_IRQHandler
                0x000000000800324c                LPUART1_IRQHandler
                0x000000000800324c                TIM2_IRQHandler
                0x000000000800324c                DMA1_Channel2_3_IRQHandler
                0x000000000800324c                USART2_IRQHandler
                0x000000000800324c                FLASH_IRQHandler
                0x000000000800324c                LPTIM1_IRQHandler
 *fill*         0x000000000800324e        0x2 
 .text.HAL_Init
                0x0000000008003250       0x40 ./Drivers/STM32L0xx_HAL_Driver/Src/stm32l0xx_hal.o
                0x0000000008003250                HAL_Init
 .text.HAL_InitTick
                0x0000000008003290       0x68 ./Drivers/STM32L0xx_HAL_Driver/Src/stm32l0xx_hal.o
                0x0000000008003290                HAL_InitTick
 .text.HAL_IncTick
                0x00000000080032f8       0x24 ./Drivers/STM32L0xx_HAL_Driver/Src/stm32l0xx_hal.o
                0x00000000080032f8                HAL_IncTick
 .text.HAL_GetTick
                0x000000000800331c       0x14 ./Drivers/STM32L0xx_HAL_Driver/Src/stm32l0xx_hal.o
                0x000000000800331c                HAL_GetTick
 .text.__NVIC_EnableIRQ
                0x0000000008003330       0x34 ./Drivers/STM32L0xx_HAL_Driver/Src/stm32l0xx_hal_cortex.o
 .text.__NVIC_SetPriority
                0x0000000008003364       0xdc ./Drivers/STM32L0xx_HAL_Driver/Src/stm32l0xx_hal_cortex.o
 .text.SysTick_Config
                0x0000000008003440       0x48 ./Drivers/STM32L0xx_HAL_Driver/Src/stm32l0xx_hal_cortex.o
 .text.HAL_NVIC_SetPriority
                0x0000000008003488       0x2a ./Drivers/STM32L0xx_HAL_Driver/Src/stm32l0xx_hal_cortex.o
                0x0000000008003488                HAL_NVIC_SetPriority
 .text.HAL_NVIC_EnableIRQ
                0x00000000080034b2       0x20 ./Drivers/STM32L0xx_HAL_Driver/Src/stm32l0xx_hal_cortex.o
                0x00000000080034b2                HAL_NVIC_EnableIRQ
 .text.HAL_SYSTICK_Config
                0x00000000080034d2       0x1a ./Drivers/STM32L0xx_HAL_Driver/Src/stm32l0xx_hal_cortex.o
                0x00000000080034d2                HAL_SYSTICK_Config
 .text.HAL_DMA_Init
                0x00000000080034ec       0xf0 ./Drivers/STM32L0xx_HAL_Driver/Src/stm32l0xx_hal_dma.o
                0x00000000080034ec                HAL_DMA_Init
 .text.HAL_DMA_Start_IT
                0x00000000080035dc       0xcc ./Drivers/STM32L0xx_HAL_Driver/Src/stm32l0xx_hal_dma.o
                0x00000000080035dc                HAL_DMA_Start_IT
 .text.HAL_DMA_Abort_IT
                0x00000000080036a8       0x8e ./Drivers/STM32L0xx_HAL_Driver/Src/stm32l0xx_hal_dma.o
                0x00000000080036a8                HAL_DMA_Abort_IT
 .text.HAL_DMA_IRQHandler
                0x0000000008003736      0x15c ./Drivers/STM32L0xx_HAL_Driver/Src/stm32l0xx_hal_dma.o
                0x0000000008003736                HAL_DMA_IRQHandler
 .text.DMA_SetConfig
                0x0000000008003892       0x5c ./Drivers/STM32L0xx_HAL_Driver/Src/stm32l0xx_hal_dma.o
 *fill*         0x00000000080038ee        0x2 
 .text.FLASH_WaitForLastOperation
                0x00000000080038f0       0xe4 ./Drivers/STM32L0xx_HAL_Driver/Src/stm32l0xx_hal_flash.o
                0x00000000080038f0                FLASH_WaitForLastOperation
 .text.FLASH_SetErrorCode
                0x00000000080039d4      0x138 ./Drivers/STM32L0xx_HAL_Driver/Src/stm32l0xx_hal_flash.o
 .text.HAL_FLASHEx_DATAEEPROM_Unlock
                0x0000000008003b0c       0x5c ./Drivers/STM32L0xx_HAL_Driver/Src/stm32l0xx_hal_flash_ex.o
                0x0000000008003b0c                HAL_FLASHEx_DATAEEPROM_Unlock
 .text.HAL_FLASHEx_DATAEEPROM_Lock
                0x0000000008003b68       0x1c ./Drivers/STM32L0xx_HAL_Driver/Src/stm32l0xx_hal_flash_ex.o
                0x0000000008003b68                HAL_FLASHEx_DATAEEPROM_Lock
 .text.HAL_FLASHEx_DATAEEPROM_Program
                0x0000000008003b84       0xb0 ./Drivers/STM32L0xx_HAL_Driver/Src/stm32l0xx_hal_flash_ex.o
                0x0000000008003b84                HAL_FLASHEx_DATAEEPROM_Program
 .text.HAL_GPIO_Init
                0x0000000008003c34      0x2dc ./Drivers/STM32L0xx_HAL_Driver/Src/stm32l0xx_hal_gpio.o
                0x0000000008003c34                HAL_GPIO_Init
 .text.HAL_GPIO_ReadPin
                0x0000000008003f10       0x3a ./Drivers/STM32L0xx_HAL_Driver/Src/stm32l0xx_hal_gpio.o
                0x0000000008003f10                HAL_GPIO_ReadPin
 .text.HAL_GPIO_WritePin
                0x0000000008003f4a       0x3a ./Drivers/STM32L0xx_HAL_Driver/Src/stm32l0xx_hal_gpio.o
                0x0000000008003f4a                HAL_GPIO_WritePin
 .text.HAL_I2C_Init
                0x0000000008003f84      0x12c ./Drivers/STM32L0xx_HAL_Driver/Src/stm32l0xx_hal_i2c.o
                0x0000000008003f84                HAL_I2C_Init
 .text.HAL_I2C_Master_Transmit
                0x00000000080040b0      0x210 ./Drivers/STM32L0xx_HAL_Driver/Src/stm32l0xx_hal_i2c.o
                0x00000000080040b0                HAL_I2C_Master_Transmit
 .text.HAL_I2C_Master_Receive
                0x00000000080042c0      0x210 ./Drivers/STM32L0xx_HAL_Driver/Src/stm32l0xx_hal_i2c.o
                0x00000000080042c0                HAL_I2C_Master_Receive
 .text.I2C_Flush_TXDR
                0x00000000080044d0       0x44 ./Drivers/STM32L0xx_HAL_Driver/Src/stm32l0xx_hal_i2c.o
 .text.I2C_WaitOnFlagUntilTimeout
                0x0000000008004514       0x9c ./Drivers/STM32L0xx_HAL_Driver/Src/stm32l0xx_hal_i2c.o
 .text.I2C_WaitOnTXISFlagUntilTimeout
                0x00000000080045b0       0x8c ./Drivers/STM32L0xx_HAL_Driver/Src/stm32l0xx_hal_i2c.o
 .text.I2C_WaitOnSTOPFlagUntilTimeout
                0x000000000800463c       0x86 ./Drivers/STM32L0xx_HAL_Driver/Src/stm32l0xx_hal_i2c.o
 *fill*         0x00000000080046c2        0x2 
 .text.I2C_WaitOnRXNEFlagUntilTimeout
                0x00000000080046c4      0x104 ./Drivers/STM32L0xx_HAL_Driver/Src/stm32l0xx_hal_i2c.o
 .text.I2C_IsErrorOccurred
                0x00000000080047c8      0x200 ./Drivers/STM32L0xx_HAL_Driver/Src/stm32l0xx_hal_i2c.o
 .text.I2C_TransferConfig
                0x00000000080049c8       0x74 ./Drivers/STM32L0xx_HAL_Driver/Src/stm32l0xx_hal_i2c.o
 .text.HAL_I2CEx_ConfigAnalogFilter
                0x0000000008004a3c       0x98 ./Drivers/STM32L0xx_HAL_Driver/Src/stm32l0xx_hal_i2c_ex.o
                0x0000000008004a3c                HAL_I2CEx_ConfigAnalogFilter
 .text.HAL_I2CEx_ConfigDigitalFilter
                0x0000000008004ad4       0x98 ./Drivers/STM32L0xx_HAL_Driver/Src/stm32l0xx_hal_i2c_ex.o
                0x0000000008004ad4                HAL_I2CEx_ConfigDigitalFilter
 .text.HAL_RCC_OscConfig
                0x0000000008004b6c      0x6f8 ./Drivers/STM32L0xx_HAL_Driver/Src/stm32l0xx_hal_rcc.o
                0x0000000008004b6c                HAL_RCC_OscConfig
 .text.HAL_RCC_ClockConfig
                0x0000000008005264      0x290 ./Drivers/STM32L0xx_HAL_Driver/Src/stm32l0xx_hal_rcc.o
                0x0000000008005264                HAL_RCC_ClockConfig
 .text.HAL_RCC_GetSysClockFreq
                0x00000000080054f4      0x14c ./Drivers/STM32L0xx_HAL_Driver/Src/stm32l0xx_hal_rcc.o
                0x00000000080054f4                HAL_RCC_GetSysClockFreq
 .text.HAL_RCCEx_PeriphCLKConfig
                0x0000000008005640      0x258 ./Drivers/STM32L0xx_HAL_Driver/Src/stm32l0xx_hal_rcc_ex.o
                0x0000000008005640                HAL_RCCEx_PeriphCLKConfig
 .text.HAL_SPI_Init
                0x0000000008005898      0x112 ./Drivers/STM32L0xx_HAL_Driver/Src/stm32l0xx_hal_spi.o
                0x0000000008005898                HAL_SPI_Init
 .text.HAL_SPI_Transmit
                0x00000000080059aa      0x2ba ./Drivers/STM32L0xx_HAL_Driver/Src/stm32l0xx_hal_spi.o
                0x00000000080059aa                HAL_SPI_Transmit
 .text.SPI_WaitFlagStateUntilTimeout
                0x0000000008005c64      0x11c ./Drivers/STM32L0xx_HAL_Driver/Src/stm32l0xx_hal_spi.o
 .text.SPI_EndRxTxTransaction
                0x0000000008005d80       0x8c ./Drivers/STM32L0xx_HAL_Driver/Src/stm32l0xx_hal_spi.o
 .text.HAL_TIM_Base_Init
                0x0000000008005e0c       0x80 ./Drivers/STM32L0xx_HAL_Driver/Src/stm32l0xx_hal_tim.o
                0x0000000008005e0c                HAL_TIM_Base_Init
 .text.HAL_TIM_OC_Init
                0x0000000008005e8c       0x80 ./Drivers/STM32L0xx_HAL_Driver/Src/stm32l0xx_hal_tim.o
                0x0000000008005e8c                HAL_TIM_OC_Init
 .text.HAL_TIM_OC_MspInit
                0x0000000008005f0c       0x10 ./Drivers/STM32L0xx_HAL_Driver/Src/stm32l0xx_hal_tim.o
                0x0000000008005f0c                HAL_TIM_OC_MspInit
 .text.HAL_TIM_OC_Start_IT
                0x0000000008005f1c      0x1a4 ./Drivers/STM32L0xx_HAL_Driver/Src/stm32l0xx_hal_tim.o
                0x0000000008005f1c                HAL_TIM_OC_Start_IT
 .text.HAL_TIM_PWM_Init
                0x00000000080060c0       0x80 ./Drivers/STM32L0xx_HAL_Driver/Src/stm32l0xx_hal_tim.o
                0x00000000080060c0                HAL_TIM_PWM_Init
 .text.HAL_TIM_PWM_MspInit
                0x0000000008006140       0x10 ./Drivers/STM32L0xx_HAL_Driver/Src/stm32l0xx_hal_tim.o
                0x0000000008006140                HAL_TIM_PWM_MspInit
 .text.HAL_TIM_PWM_Start_DMA
                0x0000000008006150      0x314 ./Drivers/STM32L0xx_HAL_Driver/Src/stm32l0xx_hal_tim.o
                0x0000000008006150                HAL_TIM_PWM_Start_DMA
 .text.HAL_TIM_PWM_Stop_DMA
                0x0000000008006464      0x140 ./Drivers/STM32L0xx_HAL_Driver/Src/stm32l0xx_hal_tim.o
                0x0000000008006464                HAL_TIM_PWM_Stop_DMA
 .text.HAL_TIM_IRQHandler
                0x00000000080065a4      0x1d0 ./Drivers/STM32L0xx_HAL_Driver/Src/stm32l0xx_hal_tim.o
                0x00000000080065a4                HAL_TIM_IRQHandler
 .text.HAL_TIM_OC_ConfigChannel
                0x0000000008006774       0xb0 ./Drivers/STM32L0xx_HAL_Driver/Src/stm32l0xx_hal_tim.o
                0x0000000008006774                HAL_TIM_OC_ConfigChannel
 .text.HAL_TIM_PWM_ConfigChannel
                0x0000000008006824      0x18c ./Drivers/STM32L0xx_HAL_Driver/Src/stm32l0xx_hal_tim.o
                0x0000000008006824                HAL_TIM_PWM_ConfigChannel
 .text.HAL_TIM_ConfigClockSource
                0x00000000080069b0      0x1a8 ./Drivers/STM32L0xx_HAL_Driver/Src/stm32l0xx_hal_tim.o
                0x00000000080069b0                HAL_TIM_ConfigClockSource
 .text.HAL_TIM_PeriodElapsedCallback
                0x0000000008006b58       0x10 ./Drivers/STM32L0xx_HAL_Driver/Src/stm32l0xx_hal_tim.o
                0x0000000008006b58                HAL_TIM_PeriodElapsedCallback
 .text.HAL_TIM_OC_DelayElapsedCallback
                0x0000000008006b68       0x10 ./Drivers/STM32L0xx_HAL_Driver/Src/stm32l0xx_hal_tim.o
                0x0000000008006b68                HAL_TIM_OC_DelayElapsedCallback
 .text.HAL_TIM_IC_CaptureCallback
                0x0000000008006b78       0x10 ./Drivers/STM32L0xx_HAL_Driver/Src/stm32l0xx_hal_tim.o
                0x0000000008006b78                HAL_TIM_IC_CaptureCallback
 .text.HAL_TIM_PWM_PulseFinishedHalfCpltCallback
                0x0000000008006b88       0x10 ./Drivers/STM32L0xx_HAL_Driver/Src/stm32l0xx_hal_tim.o
                0x0000000008006b88                HAL_TIM_PWM_PulseFinishedHalfCpltCallback
 .text.HAL_TIM_TriggerCallback
                0x0000000008006b98       0x10 ./Drivers/STM32L0xx_HAL_Driver/Src/stm32l0xx_hal_tim.o
                0x0000000008006b98                HAL_TIM_TriggerCallback
 .text.HAL_TIM_ErrorCallback
                0x0000000008006ba8       0x10 ./Drivers/STM32L0xx_HAL_Driver/Src/stm32l0xx_hal_tim.o
                0x0000000008006ba8                HAL_TIM_ErrorCallback
 .text.TIM_DMAError
                0x0000000008006bb8       0x94 ./Drivers/STM32L0xx_HAL_Driver/Src/stm32l0xx_hal_tim.o
                0x0000000008006bb8                TIM_DMAError
 .text.TIM_DMADelayPulseCplt
                0x0000000008006c4c       0xaa ./Drivers/STM32L0xx_HAL_Driver/Src/stm32l0xx_hal_tim.o
 .text.TIM_DMADelayPulseHalfCplt
                0x0000000008006cf6       0x6a ./Drivers/STM32L0xx_HAL_Driver/Src/stm32l0xx_hal_tim.o
 .text.TIM_Base_SetConfig
                0x0000000008006d60       0xa8 ./Drivers/STM32L0xx_HAL_Driver/Src/stm32l0xx_hal_tim.o
 .text.TIM_OC1_SetConfig
                0x0000000008006e08       0x78 ./Drivers/STM32L0xx_HAL_Driver/Src/stm32l0xx_hal_tim.o
 .text.TIM_OC2_SetConfig
                0x0000000008006e80       0x84 ./Drivers/STM32L0xx_HAL_Driver/Src/stm32l0xx_hal_tim.o
 .text.TIM_OC3_SetConfig
                0x0000000008006f04       0x80 ./Drivers/STM32L0xx_HAL_Driver/Src/stm32l0xx_hal_tim.o
 .text.TIM_OC4_SetConfig
                0x0000000008006f84       0x8c ./Drivers/STM32L0xx_HAL_Driver/Src/stm32l0xx_hal_tim.o
 .text.TIM_TI1_ConfigInputStage
                0x0000000008007010       0x5c ./Drivers/STM32L0xx_HAL_Driver/Src/stm32l0xx_hal_tim.o
 .text.TIM_TI2_ConfigInputStage
                0x000000000800706c       0x64 ./Drivers/STM32L0xx_HAL_Driver/Src/stm32l0xx_hal_tim.o
 .text.TIM_ITRx_SetConfig
                0x00000000080070d0       0x32 ./Drivers/STM32L0xx_HAL_Driver/Src/stm32l0xx_hal_tim.o
 *fill*         0x0000000008007102        0x2 
 .text.TIM_ETR_SetConfig
                0x0000000008007104       0x40 ./Drivers/STM32L0xx_HAL_Driver/Src/stm32l0xx_hal_tim.o
 .text.TIM_CCxChannelCmd
                0x0000000008007144       0x46 ./Drivers/STM32L0xx_HAL_Driver/Src/stm32l0xx_hal_tim.o
 *fill*         0x000000000800718a        0x2 
 .text.HAL_TIMEx_MasterConfigSynchronization
                0x000000000800718c       0xb0 ./Drivers/STM32L0xx_HAL_Driver/Src/stm32l0xx_hal_tim_ex.o
                0x000000000800718c                HAL_TIMEx_MasterConfigSynchronization
 .text.memset   0x000000000800723c       0x10 C:/Program Files/STMicroelectronics/STM32Cube/STM32CubeIDE_1.13.2/STM32CubeIDE/plugins/com.st.stm32cube.ide.mcu.externaltools.gnu-tools-for-stm32.11.3.rel1.win32_1.1.1.202309131626/tools/bin/../lib/gcc/arm-none-eabi/11.3.1/../../../../arm-none-eabi/lib/thumb/v6-m/nofp\libc_nano.a(libc_a-memset.o)
                0x000000000800723c                memset
 .text.__libc_init_array
                0x000000000800724c       0x48 C:/Program Files/STMicroelectronics/STM32Cube/STM32CubeIDE_1.13.2/STM32CubeIDE/plugins/com.st.stm32cube.ide.mcu.externaltools.gnu-tools-for-stm32.11.3.rel1.win32_1.1.1.202309131626/tools/bin/../lib/gcc/arm-none-eabi/11.3.1/../../../../arm-none-eabi/lib/thumb/v6-m/nofp\libc_nano.a(libc_a-init.o)
                0x000000000800724c                __libc_init_array
 *(.glue_7)
 .glue_7        0x0000000008007294        0x0 linker stubs
 *(.glue_7t)
 .glue_7t       0x0000000008007294        0x0 linker stubs
 *(.eh_frame)
 .eh_frame      0x0000000008007294        0x0 C:/Program Files/STMicroelectronics/STM32Cube/STM32CubeIDE_1.13.2/STM32CubeIDE/plugins/com.st.stm32cube.ide.mcu.externaltools.gnu-tools-for-stm32.11.3.rel1.win32_1.1.1.202309131626/tools/bin/../lib/gcc/arm-none-eabi/11.3.1/thumb/v6-m/nofp/crtbegin.o
 *(.init)
 .init          0x0000000008007294        0x4 C:/Program Files/STMicroelectronics/STM32Cube/STM32CubeIDE_1.13.2/STM32CubeIDE/plugins/com.st.stm32cube.ide.mcu.externaltools.gnu-tools-for-stm32.11.3.rel1.win32_1.1.1.202309131626/tools/bin/../lib/gcc/arm-none-eabi/11.3.1/thumb/v6-m/nofp/crti.o
                0x0000000008007294                _init
 .init          0x0000000008007298        0x8 C:/Program Files/STMicroelectronics/STM32Cube/STM32CubeIDE_1.13.2/STM32CubeIDE/plugins/com.st.stm32cube.ide.mcu.externaltools.gnu-tools-for-stm32.11.3.rel1.win32_1.1.1.202309131626/tools/bin/../lib/gcc/arm-none-eabi/11.3.1/thumb/v6-m/nofp/crtn.o
 *(.fini)
 .fini          0x00000000080072a0        0x4 C:/Program Files/STMicroelectronics/STM32Cube/STM32CubeIDE_1.13.2/STM32CubeIDE/plugins/com.st.stm32cube.ide.mcu.externaltools.gnu-tools-for-stm32.11.3.rel1.win32_1.1.1.202309131626/tools/bin/../lib/gcc/arm-none-eabi/11.3.1/thumb/v6-m/nofp/crti.o
                0x00000000080072a0                _fini
 .fini          0x00000000080072a4        0x8 C:/Program Files/STMicroelectronics/STM32Cube/STM32CubeIDE_1.13.2/STM32CubeIDE/plugins/com.st.stm32cube.ide.mcu.externaltools.gnu-tools-for-stm32.11.3.rel1.win32_1.1.1.202309131626/tools/bin/../lib/gcc/arm-none-eabi/11.3.1/thumb/v6-m/nofp/crtn.o
                0x00000000080072ac                . = ALIGN (0x4)
                0x00000000080072ac                _etext = .

.vfp11_veneer   0x00000000080072ac        0x0
 .vfp11_veneer  0x00000000080072ac        0x0 linker stubs

.v4_bx          0x00000000080072ac        0x0
 .v4_bx         0x00000000080072ac        0x0 linker stubs

.iplt           0x00000000080072ac        0x0
 .iplt          0x00000000080072ac        0x0 C:/Program Files/STMicroelectronics/STM32Cube/STM32CubeIDE_1.13.2/STM32CubeIDE/plugins/com.st.stm32cube.ide.mcu.externaltools.gnu-tools-for-stm32.11.3.rel1.win32_1.1.1.202309131626/tools/bin/../lib/gcc/arm-none-eabi/11.3.1/thumb/v6-m/nofp/crtbegin.o

.rodata         0x00000000080072ac       0x34
                0x00000000080072ac                . = ALIGN (0x4)
 *(.rodata)
 *(.rodata*)
 .rodata._Z10set_numberhh
                0x00000000080072ac       0x18 ./Core/Src/output_handler.o
 .rodata.AHBPrescTable
                0x00000000080072c4       0x10 ./Core/Src/system_stm32l0xx.o
                0x00000000080072c4                AHBPrescTable
 .rodata.PLLMulTable
                0x00000000080072d4        0x9 ./Core/Src/system_stm32l0xx.o
                0x00000000080072d4                PLLMulTable
                0x00000000080072e0                . = ALIGN (0x4)
 *fill*         0x00000000080072dd        0x3 

.ARM.extab      0x00000000080072e0        0x0
                0x00000000080072e0                . = ALIGN (0x4)
 *(.ARM.extab* .gnu.linkonce.armextab.*)
                0x00000000080072e0                . = ALIGN (0x4)

.ARM            0x00000000080072e0        0x8
                0x00000000080072e0                . = ALIGN (0x4)
                0x00000000080072e0                __exidx_start = .
 *(.ARM.exidx*)
 .ARM.exidx     0x00000000080072e0        0x8 C:/Program Files/STMicroelectronics/STM32Cube/STM32CubeIDE_1.13.2/STM32CubeIDE/plugins/com.st.stm32cube.ide.mcu.externaltools.gnu-tools-for-stm32.11.3.rel1.win32_1.1.1.202309131626/tools/bin/../lib/gcc/arm-none-eabi/11.3.1/thumb/v6-m/nofp\libgcc.a(_udivmoddi4.o)
                0x00000000080072e8                __exidx_end = .
                0x00000000080072e8                . = ALIGN (0x4)

.rel.dyn        0x00000000080072e8        0x0
 .rel.iplt      0x00000000080072e8        0x0 C:/Program Files/STMicroelectronics/STM32Cube/STM32CubeIDE_1.13.2/STM32CubeIDE/plugins/com.st.stm32cube.ide.mcu.externaltools.gnu-tools-for-stm32.11.3.rel1.win32_1.1.1.202309131626/tools/bin/../lib/gcc/arm-none-eabi/11.3.1/thumb/v6-m/nofp/crtbegin.o

.preinit_array  0x00000000080072e8        0x0
                0x00000000080072e8                . = ALIGN (0x4)
                0x00000000080072e8                PROVIDE (__preinit_array_start = .)
 *(.preinit_array*)
                0x00000000080072e8                PROVIDE (__preinit_array_end = .)
                0x00000000080072e8                . = ALIGN (0x4)

.init_array     0x00000000080072e8        0x4
                0x00000000080072e8                . = ALIGN (0x4)
                0x00000000080072e8                PROVIDE (__init_array_start = .)
 *(SORT_BY_NAME(.init_array.*))
 *(.init_array*)
 .init_array    0x00000000080072e8        0x4 C:/Program Files/STMicroelectronics/STM32Cube/STM32CubeIDE_1.13.2/STM32CubeIDE/plugins/com.st.stm32cube.ide.mcu.externaltools.gnu-tools-for-stm32.11.3.rel1.win32_1.1.1.202309131626/tools/bin/../lib/gcc/arm-none-eabi/11.3.1/thumb/v6-m/nofp/crtbegin.o
                0x00000000080072ec                PROVIDE (__init_array_end = .)
                0x00000000080072ec                . = ALIGN (0x4)

.fini_array     0x00000000080072ec        0x4
                0x00000000080072ec                . = ALIGN (0x4)
                [!provide]                        PROVIDE (__fini_array_start = .)
 *(SORT_BY_NAME(.fini_array.*))
 *(.fini_array*)
 .fini_array    0x00000000080072ec        0x4 C:/Program Files/STMicroelectronics/STM32Cube/STM32CubeIDE_1.13.2/STM32CubeIDE/plugins/com.st.stm32cube.ide.mcu.externaltools.gnu-tools-for-stm32.11.3.rel1.win32_1.1.1.202309131626/tools/bin/../lib/gcc/arm-none-eabi/11.3.1/thumb/v6-m/nofp/crtbegin.o
                [!provide]                        PROVIDE (__fini_array_end = .)
                0x00000000080072f0                . = ALIGN (0x4)
                0x00000000080072f0                _sidata = LOADADDR (.data)

.data           0x0000000020000000       0x34 load address 0x00000000080072f0
                0x0000000020000000                . = ALIGN (0x4)
                0x0000000020000000                _sdata = .
 *(.data)
 *(.data*)
 .data._ZZ18submenu_2_set_datehbE7val_min
                0x0000000020000000        0x8 ./Core/Src/output_mixer.o
 .data._ZZ18submenu_2_set_datehbE7val_max
                0x0000000020000008        0x8 ./Core/Src/output_mixer.o
 .data.SystemCoreClock
                0x0000000020000010        0x4 ./Core/Src/system_stm32l0xx.o
                0x0000000020000010                SystemCoreClock
 .data.data_from_RTC
                0x0000000020000014        0xc ./Core/Src/time_hander.o
                0x0000000020000014                data_from_RTC
 .data.data_to_RTC
                0x0000000020000020        0xc ./Core/Src/time_hander.o
                0x0000000020000020                data_to_RTC
 .data.uwTickPrio
                0x000000002000002c        0x4 ./Drivers/STM32L0xx_HAL_Driver/Src/stm32l0xx_hal.o
                0x000000002000002c                uwTickPrio
 .data.uwTickFreq
                0x0000000020000030        0x1 ./Drivers/STM32L0xx_HAL_Driver/Src/stm32l0xx_hal.o
                0x0000000020000030                uwTickFreq
 *(.RamFunc)
 *(.RamFunc*)
                0x0000000020000034                . = ALIGN (0x4)
 *fill*         0x0000000020000031        0x3 
                0x0000000020000034                _edata = .

.igot.plt       0x0000000020000034        0x0 load address 0x0000000008007324
 .igot.plt      0x0000000020000034        0x0 C:/Program Files/STMicroelectronics/STM32Cube/STM32CubeIDE_1.13.2/STM32CubeIDE/plugins/com.st.stm32cube.ide.mcu.externaltools.gnu-tools-for-stm32.11.3.rel1.win32_1.1.1.202309131626/tools/bin/../lib/gcc/arm-none-eabi/11.3.1/thumb/v6-m/nofp/crtbegin.o
                0x0000000020000034                . = ALIGN (0x4)

.bss            0x0000000020000034      0x588 load address 0x0000000008007324
                0x0000000020000034                _sbss = .
                0x0000000020000034                __bss_start__ = _sbss
 *(.bss)
 .bss           0x0000000020000034       0x1c C:/Program Files/STMicroelectronics/STM32Cube/STM32CubeIDE_1.13.2/STM32CubeIDE/plugins/com.st.stm32cube.ide.mcu.externaltools.gnu-tools-for-stm32.11.3.rel1.win32_1.1.1.202309131626/tools/bin/../lib/gcc/arm-none-eabi/11.3.1/thumb/v6-m/nofp/crtbegin.o
 *(.bss*)
 .bss.hi2c1     0x0000000020000050       0x54 ./Core/Src/i2c.o
                0x0000000020000050                hi2c1
 .bss._ZZ17run_input_handlervE9test_byte
                0x00000000200000a4        0x1 ./Core/Src/input_handler.o
 .bss._ZZ17run_input_handlervE10input_data
                0x00000000200000a5        0x1 ./Core/Src/input_handler.o
 .bss._ZZ9debouncervE14debounced_data
                0x00000000200000a6        0x1 ./Core/Src/input_handler.o
 *fill*         0x00000000200000a7        0x1 
 .bss._ZZ9debouncervE14debounce_timer
                0x00000000200000a8        0x3 ./Core/Src/input_handler.o
 .bss._ZZ7decoderhE10last_state
                0x00000000200000ab        0x1 ./Core/Src/input_handler.o
 .bss._ZZ12push_handlerhE16input_hold_timer
                0x00000000200000ac        0x2 ./Core/Src/input_handler.o
 .bss._ZL21brightness_controller
                0x00000000200000ae        0x1 ./Core/Src/led_driver.o
 *fill*         0x00000000200000af        0x1 
 .bss._ZL5index
                0x00000000200000b0        0x2 ./Core/Src/led_driver.o
 *fill*         0x00000000200000b2        0x2 
 .bss._ZL8led_data
                0x00000000200000b4       0x18 ./Core/Src/led_driver.o
 .bss._ZL8pwm_data
                0x00000000200000cc      0x300 ./Core/Src/led_driver.o
 .bss._ZL11dma_running
                0x00000000200003cc        0x1 ./Core/Src/led_driver.o
 *fill*         0x00000000200003cd        0x3 
 .bss._ZL10main_timer
                0x00000000200003d0        0x4 ./Core/Src/main.o
 .bss._ZL11sys_counter
                0x00000000200003d4        0x4 ./Core/Src/main.o
 .bss.board_size
                0x00000000200003d8        0x1 ./Core/Src/main.o
                0x00000000200003d8                board_size
 *fill*         0x00000000200003d9        0x3 
 .bss.on_time   0x00000000200003dc       0x30 ./Core/Src/main.o
                0x00000000200003dc                on_time
 .bss.misc_setting
                0x000000002000040c        0x3 ./Core/Src/main.o
                0x000000002000040c                misc_setting
 .bss._ZL13flyback_state
                0x000000002000040f        0x1 ./Core/Src/output_handler.o
 .bss._ZL13flyback_timer
                0x0000000020000410        0x4 ./Core/Src/output_handler.o
 .bss._ZL8spi_data
                0x0000000020000414        0x4 ./Core/Src/output_handler.o
 .bss._ZL22output_mixer_led_timer
                0x0000000020000418        0x4 ./Core/Src/output_mixer.o
 .bss._ZL23output_mixer_tube_timer
                0x000000002000041c        0x4 ./Core/Src/output_mixer.o
 .bss._ZL12current_menu
                0x0000000020000420        0x1 ./Core/Src/output_mixer.o
 .bss._ZL13selected_menu
                0x0000000020000421        0x1 ./Core/Src/output_mixer.o
 .bss._ZL17new_selected_menu
                0x0000000020000422        0x1 ./Core/Src/output_mixer.o
 .bss._ZL9old_state
                0x0000000020000423        0x1 ./Core/Src/output_mixer.o
 .bss._ZL11flash_write
                0x0000000020000424        0x1 ./Core/Src/output_mixer.o
 .bss._ZL14flyback_status
                0x0000000020000425        0x1 ./Core/Src/output_mixer.o
 .bss._ZZ16run_output_mixerhE5hv_on
                0x0000000020000426        0x1 ./Core/Src/output_mixer.o
 .bss._ZZ16run_output_mixerhE12area_entered
                0x0000000020000427        0x1 ./Core/Src/output_mixer.o
 .bss._ZZ16run_output_mixerhE9area_left
                0x0000000020000428        0x1 ./Core/Src/output_mixer.o
 .bss._ZZ18submenu_1_set_timehbE11blink_state
                0x0000000020000429        0x1 ./Core/Src/output_mixer.o
 *fill*         0x000000002000042a        0x2 
 .bss._ZZ18submenu_1_set_timehbE11blink_timer
                0x000000002000042c        0x4 ./Core/Src/output_mixer.o
 .bss._ZZ18submenu_1_set_timehbE13current_state
                0x0000000020000430        0x1 ./Core/Src/output_mixer.o
 .bss._ZZ18submenu_2_set_datehbE11blink_state
                0x0000000020000431        0x1 ./Core/Src/output_mixer.o
 *fill*         0x0000000020000432        0x2 
 .bss._ZZ18submenu_2_set_datehbE11blink_timer
                0x0000000020000434        0x4 ./Core/Src/output_mixer.o
 .bss._ZZ18submenu_2_set_datehbE13current_state
                0x0000000020000438        0x1 ./Core/Src/output_mixer.o
 .bss._ZZ19submenu_3_set_onoffhbE11blink_state
                0x0000000020000439        0x1 ./Core/Src/output_mixer.o
 *fill*         0x000000002000043a        0x2 
 .bss._ZZ19submenu_3_set_onoffhbE11blink_timer
                0x000000002000043c        0x4 ./Core/Src/output_mixer.o
 .bss._ZZ19submenu_3_set_onoffhbE13current_state
                0x0000000020000440        0x1 ./Core/Src/output_mixer.o
 .bss._ZZ19submenu_3_set_onoffhbE16current_substate
                0x0000000020000441        0x1 ./Core/Src/output_mixer.o
 *fill*         0x0000000020000442        0x2 
 .bss._ZZ19submenu_3_set_onoffhbE3otc
                0x0000000020000444       0x30 ./Core/Src/output_mixer.o
 .bss._ZZ23submenu_4_set_led_colorhbE13current_state
                0x0000000020000474        0x1 ./Core/Src/output_mixer.o
 .bss._ZZ23submenu_4_set_led_colorhbE14changing_value
                0x0000000020000475        0x1 ./Core/Src/output_mixer.o
 *fill*         0x0000000020000476        0x2 
 .bss.hspi1     0x0000000020000478       0x58 ./Core/Src/spi.o
                0x0000000020000478                hspi1
 .bss.htim2     0x00000000200004d0       0x40 ./Core/Src/tim.o
                0x00000000200004d0                htim2
 .bss.htim21    0x0000000020000510       0x40 ./Core/Src/tim.o
                0x0000000020000510                htim21
 .bss.hdma_tim2_ch3
                0x0000000020000550       0x48 ./Core/Src/tim.o
                0x0000000020000550                hdma_tim2_ch3
 .bss._ZL18time_handler_timer
                0x0000000020000598        0x4 ./Core/Src/time_hander.o
 .bss._ZZ16run_time_handlervE13dls_flag_only
                0x000000002000059c        0x1 ./Core/Src/time_hander.o
 .bss._ZZ9dls_checkbE10dls_needed
                0x000000002000059d        0x1 ./Core/Src/time_hander.o
 .bss._ZZ9dls_checkbE10dls_active
                0x000000002000059e        0x1 ./Core/Src/time_hander.o
 *fill*         0x000000002000059f        0x1 
 .bss.uwTick    0x00000000200005a0        0x4 ./Drivers/STM32L0xx_HAL_Driver/Src/stm32l0xx_hal.o
                0x00000000200005a0                uwTick
 .bss.pFlash    0x00000000200005a4       0x18 ./Drivers/STM32L0xx_HAL_Driver/Src/stm32l0xx_hal_flash.o
                0x00000000200005a4                pFlash
 *(COMMON)
                0x00000000200005bc                . = ALIGN (0x4)
                0x00000000200005bc                _ebss = .
                0x00000000200005bc                __bss_end__ = _ebss

._user_heap_stack
                0x00000000200005bc      0x604 load address 0x0000000008007324
                0x00000000200005c0                . = ALIGN (0x8)
 *fill*         0x00000000200005bc        0x4 
                0x00000000200005c0                PROVIDE (end = .)
                [!provide]                        PROVIDE (_end = .)
                0x00000000200007c0                . = (. + _Min_Heap_Size)
 *fill*         0x00000000200005c0      0x200 
                0x0000000020000bc0                . = (. + _Min_Stack_Size)
 *fill*         0x00000000200007c0      0x400 
                0x0000000020000bc0                . = ALIGN (0x8)

/DISCARD/
 libc.a(*)
 libm.a(*)
 libgcc.a(*)

.ARM.attributes
                0x0000000000000000       0x28
 *(.ARM.attributes)
 .ARM.attributes
                0x0000000000000000       0x1e C:/Program Files/STMicroelectronics/STM32Cube/STM32CubeIDE_1.13.2/STM32CubeIDE/plugins/com.st.stm32cube.ide.mcu.externaltools.gnu-tools-for-stm32.11.3.rel1.win32_1.1.1.202309131626/tools/bin/../lib/gcc/arm-none-eabi/11.3.1/thumb/v6-m/nofp/crti.o
 .ARM.attributes
                0x000000000000001e       0x2c C:/Program Files/STMicroelectronics/STM32Cube/STM32CubeIDE_1.13.2/STM32CubeIDE/plugins/com.st.stm32cube.ide.mcu.externaltools.gnu-tools-for-stm32.11.3.rel1.win32_1.1.1.202309131626/tools/bin/../lib/gcc/arm-none-eabi/11.3.1/thumb/v6-m/nofp/crtbegin.o
 .ARM.attributes
                0x000000000000004a       0x2c ./Core/Src/dma.o
 .ARM.attributes
                0x0000000000000076       0x2c ./Core/Src/gpio.o
 .ARM.attributes
                0x00000000000000a2       0x2c ./Core/Src/i2c.o
 .ARM.attributes
                0x00000000000000ce       0x2c ./Core/Src/input_handler.o
 .ARM.attributes
                0x00000000000000fa       0x2c ./Core/Src/led_driver.o
 .ARM.attributes
                0x0000000000000126       0x2c ./Core/Src/main.o
 .ARM.attributes
                0x0000000000000152       0x2c ./Core/Src/output_handler.o
 .ARM.attributes
                0x000000000000017e       0x2c ./Core/Src/output_mixer.o
 .ARM.attributes
                0x00000000000001aa       0x2c ./Core/Src/spi.o
 .ARM.attributes
                0x00000000000001d6       0x2c ./Core/Src/stm32l0xx_hal_msp.o
 .ARM.attributes
                0x0000000000000202       0x2c ./Core/Src/stm32l0xx_it.o
 .ARM.attributes
                0x000000000000022e       0x2c ./Core/Src/system_stm32l0xx.o
 .ARM.attributes
                0x000000000000025a       0x2c ./Core/Src/tim.o
 .ARM.attributes
                0x0000000000000286       0x2c ./Core/Src/time_hander.o
 .ARM.attributes
                0x00000000000002b2       0x22 ./Core/Startup/startup_stm32l031f6px.o
 .ARM.attributes
                0x00000000000002d4       0x2c ./Drivers/STM32L0xx_HAL_Driver/Src/stm32l0xx_hal.o
 .ARM.attributes
                0x0000000000000300       0x2c ./Drivers/STM32L0xx_HAL_Driver/Src/stm32l0xx_hal_cortex.o
 .ARM.attributes
                0x000000000000032c       0x2c ./Drivers/STM32L0xx_HAL_Driver/Src/stm32l0xx_hal_dma.o
 .ARM.attributes
                0x0000000000000358       0x2c ./Drivers/STM32L0xx_HAL_Driver/Src/stm32l0xx_hal_flash.o
 .ARM.attributes
                0x0000000000000384       0x2c ./Drivers/STM32L0xx_HAL_Driver/Src/stm32l0xx_hal_flash_ex.o
 .ARM.attributes
                0x00000000000003b0       0x2c ./Drivers/STM32L0xx_HAL_Driver/Src/stm32l0xx_hal_gpio.o
 .ARM.attributes
                0x00000000000003dc       0x2c ./Drivers/STM32L0xx_HAL_Driver/Src/stm32l0xx_hal_i2c.o
 .ARM.attributes
                0x0000000000000408       0x2c ./Drivers/STM32L0xx_HAL_Driver/Src/stm32l0xx_hal_i2c_ex.o
 .ARM.attributes
                0x0000000000000434       0x2c ./Drivers/STM32L0xx_HAL_Driver/Src/stm32l0xx_hal_rcc.o
 .ARM.attributes
                0x0000000000000460       0x2c ./Drivers/STM32L0xx_HAL_Driver/Src/stm32l0xx_hal_rcc_ex.o
 .ARM.attributes
                0x000000000000048c       0x2c ./Drivers/STM32L0xx_HAL_Driver/Src/stm32l0xx_hal_spi.o
 .ARM.attributes
                0x00000000000004b8       0x2c ./Drivers/STM32L0xx_HAL_Driver/Src/stm32l0xx_hal_tim.o
 .ARM.attributes
                0x00000000000004e4       0x2c ./Drivers/STM32L0xx_HAL_Driver/Src/stm32l0xx_hal_tim_ex.o
 .ARM.attributes
                0x0000000000000510       0x2c C:/Program Files/STMicroelectronics/STM32Cube/STM32CubeIDE_1.13.2/STM32CubeIDE/plugins/com.st.stm32cube.ide.mcu.externaltools.gnu-tools-for-stm32.11.3.rel1.win32_1.1.1.202309131626/tools/bin/../lib/gcc/arm-none-eabi/11.3.1/../../../../arm-none-eabi/lib/thumb/v6-m/nofp\libc_nano.a(libc_a-memset.o)
 .ARM.attributes
                0x000000000000053c       0x2c C:/Program Files/STMicroelectronics/STM32Cube/STM32CubeIDE_1.13.2/STM32CubeIDE/plugins/com.st.stm32cube.ide.mcu.externaltools.gnu-tools-for-stm32.11.3.rel1.win32_1.1.1.202309131626/tools/bin/../lib/gcc/arm-none-eabi/11.3.1/../../../../arm-none-eabi/lib/thumb/v6-m/nofp\libc_nano.a(libc_a-init.o)
 .ARM.attributes
                0x0000000000000568       0x1e C:/Program Files/STMicroelectronics/STM32Cube/STM32CubeIDE_1.13.2/STM32CubeIDE/plugins/com.st.stm32cube.ide.mcu.externaltools.gnu-tools-for-stm32.11.3.rel1.win32_1.1.1.202309131626/tools/bin/../lib/gcc/arm-none-eabi/11.3.1/thumb/v6-m/nofp\libgcc.a(_udivsi3.o)
 .ARM.attributes
                0x0000000000000586       0x1e C:/Program Files/STMicroelectronics/STM32Cube/STM32CubeIDE_1.13.2/STM32CubeIDE/plugins/com.st.stm32cube.ide.mcu.externaltools.gnu-tools-for-stm32.11.3.rel1.win32_1.1.1.202309131626/tools/bin/../lib/gcc/arm-none-eabi/11.3.1/thumb/v6-m/nofp\libgcc.a(_dvmd_tls.o)
 .ARM.attributes
                0x00000000000005a4       0x1e C:/Program Files/STMicroelectronics/STM32Cube/STM32CubeIDE_1.13.2/STM32CubeIDE/plugins/com.st.stm32cube.ide.mcu.externaltools.gnu-tools-for-stm32.11.3.rel1.win32_1.1.1.202309131626/tools/bin/../lib/gcc/arm-none-eabi/11.3.1/thumb/v6-m/nofp\libgcc.a(_aeabi_uldivmod.o)
 .ARM.attributes
                0x00000000000005c2       0x2c C:/Program Files/STMicroelectronics/STM32Cube/STM32CubeIDE_1.13.2/STM32CubeIDE/plugins/com.st.stm32cube.ide.mcu.externaltools.gnu-tools-for-stm32.11.3.rel1.win32_1.1.1.202309131626/tools/bin/../lib/gcc/arm-none-eabi/11.3.1/thumb/v6-m/nofp\libgcc.a(_muldi3.o)
 .ARM.attributes
                0x00000000000005ee       0x2c C:/Program Files/STMicroelectronics/STM32Cube/STM32CubeIDE_1.13.2/STM32CubeIDE/plugins/com.st.stm32cube.ide.mcu.externaltools.gnu-tools-for-stm32.11.3.rel1.win32_1.1.1.202309131626/tools/bin/../lib/gcc/arm-none-eabi/11.3.1/thumb/v6-m/nofp\libgcc.a(_udivmoddi4.o)
 .ARM.attributes
                0x000000000000061a       0x1e C:/Program Files/STMicroelectronics/STM32Cube/STM32CubeIDE_1.13.2/STM32CubeIDE/plugins/com.st.stm32cube.ide.mcu.externaltools.gnu-tools-for-stm32.11.3.rel1.win32_1.1.1.202309131626/tools/bin/../lib/gcc/arm-none-eabi/11.3.1/thumb/v6-m/nofp\libgcc.a(_clzdi2.o)
 .ARM.attributes
                0x0000000000000638       0x1e C:/Program Files/STMicroelectronics/STM32Cube/STM32CubeIDE_1.13.2/STM32CubeIDE/plugins/com.st.stm32cube.ide.mcu.externaltools.gnu-tools-for-stm32.11.3.rel1.win32_1.1.1.202309131626/tools/bin/../lib/gcc/arm-none-eabi/11.3.1/thumb/v6-m/nofp\libgcc.a(_clzsi2.o)
 .ARM.attributes
                0x0000000000000656       0x1e C:/Program Files/STMicroelectronics/STM32Cube/STM32CubeIDE_1.13.2/STM32CubeIDE/plugins/com.st.stm32cube.ide.mcu.externaltools.gnu-tools-for-stm32.11.3.rel1.win32_1.1.1.202309131626/tools/bin/../lib/gcc/arm-none-eabi/11.3.1/thumb/v6-m/nofp/crtn.o
OUTPUT(FW-NixieClock3-L031F6P6.elf elf32-littlearm)
LOAD linker stubs
LOAD C:/Program Files/STMicroelectronics/STM32Cube/STM32CubeIDE_1.13.2/STM32CubeIDE/plugins/com.st.stm32cube.ide.mcu.externaltools.gnu-tools-for-stm32.11.3.rel1.win32_1.1.1.202309131626/tools/bin/../lib/gcc/arm-none-eabi/11.3.1/../../../../arm-none-eabi/lib/thumb/v6-m/nofp\libc.a
LOAD C:/Program Files/STMicroelectronics/STM32Cube/STM32CubeIDE_1.13.2/STM32CubeIDE/plugins/com.st.stm32cube.ide.mcu.externaltools.gnu-tools-for-stm32.11.3.rel1.win32_1.1.1.202309131626/tools/bin/../lib/gcc/arm-none-eabi/11.3.1/../../../../arm-none-eabi/lib/thumb/v6-m/nofp\libm.a
LOAD C:/Program Files/STMicroelectronics/STM32Cube/STM32CubeIDE_1.13.2/STM32CubeIDE/plugins/com.st.stm32cube.ide.mcu.externaltools.gnu-tools-for-stm32.11.3.rel1.win32_1.1.1.202309131626/tools/bin/../lib/gcc/arm-none-eabi/11.3.1/thumb/v6-m/nofp\libgcc.a

.comment        0x0000000000000000       0x43
 .comment       0x0000000000000000       0x43 C:/Program Files/STMicroelectronics/STM32Cube/STM32CubeIDE_1.13.2/STM32CubeIDE/plugins/com.st.stm32cube.ide.mcu.externaltools.gnu-tools-for-stm32.11.3.rel1.win32_1.1.1.202309131626/tools/bin/../lib/gcc/arm-none-eabi/11.3.1/thumb/v6-m/nofp/crtbegin.o
                                         0x44 (size before relaxing)
 .comment       0x0000000000000043       0x44 ./Core/Src/dma.o
 .comment       0x0000000000000043       0x44 ./Core/Src/gpio.o
 .comment       0x0000000000000043       0x44 ./Core/Src/i2c.o
 .comment       0x0000000000000043       0x44 ./Core/Src/input_handler.o
 .comment       0x0000000000000043       0x44 ./Core/Src/led_driver.o
 .comment       0x0000000000000043       0x44 ./Core/Src/main.o
 .comment       0x0000000000000043       0x44 ./Core/Src/output_handler.o
 .comment       0x0000000000000043       0x44 ./Core/Src/output_mixer.o
 .comment       0x0000000000000043       0x44 ./Core/Src/spi.o
 .comment       0x0000000000000043       0x44 ./Core/Src/stm32l0xx_hal_msp.o
 .comment       0x0000000000000043       0x44 ./Core/Src/stm32l0xx_it.o
 .comment       0x0000000000000043       0x44 ./Core/Src/system_stm32l0xx.o
 .comment       0x0000000000000043       0x44 ./Core/Src/tim.o
 .comment       0x0000000000000043       0x44 ./Core/Src/time_hander.o
 .comment       0x0000000000000043       0x44 ./Drivers/STM32L0xx_HAL_Driver/Src/stm32l0xx_hal.o
 .comment       0x0000000000000043       0x44 ./Drivers/STM32L0xx_HAL_Driver/Src/stm32l0xx_hal_cortex.o
 .comment       0x0000000000000043       0x44 ./Drivers/STM32L0xx_HAL_Driver/Src/stm32l0xx_hal_dma.o
 .comment       0x0000000000000043       0x44 ./Drivers/STM32L0xx_HAL_Driver/Src/stm32l0xx_hal_flash.o
 .comment       0x0000000000000043       0x44 ./Drivers/STM32L0xx_HAL_Driver/Src/stm32l0xx_hal_flash_ex.o
 .comment       0x0000000000000043       0x44 ./Drivers/STM32L0xx_HAL_Driver/Src/stm32l0xx_hal_gpio.o
 .comment       0x0000000000000043       0x44 ./Drivers/STM32L0xx_HAL_Driver/Src/stm32l0xx_hal_i2c.o
 .comment       0x0000000000000043       0x44 ./Drivers/STM32L0xx_HAL_Driver/Src/stm32l0xx_hal_i2c_ex.o
 .comment       0x0000000000000043       0x44 ./Drivers/STM32L0xx_HAL_Driver/Src/stm32l0xx_hal_rcc.o
 .comment       0x0000000000000043       0x44 ./Drivers/STM32L0xx_HAL_Driver/Src/stm32l0xx_hal_rcc_ex.o
 .comment       0x0000000000000043       0x44 ./Drivers/STM32L0xx_HAL_Driver/Src/stm32l0xx_hal_spi.o
 .comment       0x0000000000000043       0x44 ./Drivers/STM32L0xx_HAL_Driver/Src/stm32l0xx_hal_tim.o
 .comment       0x0000000000000043       0x44 ./Drivers/STM32L0xx_HAL_Driver/Src/stm32l0xx_hal_tim_ex.o

.debug_info     0x0000000000000000    0x10e8d
 .debug_info    0x0000000000000000      0x2d3 ./Core/Src/dma.o
 .debug_info    0x00000000000002d3      0x38f ./Core/Src/gpio.o
 .debug_info    0x0000000000000662      0x93f ./Core/Src/i2c.o
 .debug_info    0x0000000000000fa1      0x3e4 ./Core/Src/input_handler.o
 .debug_info    0x0000000000001385      0x8d3 ./Core/Src/led_driver.o
 .debug_info    0x0000000000001c58      0xeac ./Core/Src/main.o
 .debug_info    0x0000000000002b04      0x903 ./Core/Src/output_handler.o
 .debug_info    0x0000000000003407      0x9b8 ./Core/Src/output_mixer.o
 .debug_info    0x0000000000003dbf      0x896 ./Core/Src/spi.o
 .debug_info    0x0000000000004655      0x1da ./Core/Src/stm32l0xx_hal_msp.o
 .debug_info    0x000000000000482f      0x69e ./Core/Src/stm32l0xx_it.o
 .debug_info    0x0000000000004ecd      0x2d0 ./Core/Src/system_stm32l0xx.o
 .debug_info    0x000000000000519d      0xcb4 ./Core/Src/tim.o
 .debug_info    0x0000000000005e51      0xa4b ./Core/Src/time_hander.o
 .debug_info    0x000000000000689c       0x23 ./Core/Startup/startup_stm32l031f6px.o
 .debug_info    0x00000000000068bf      0x818 ./Drivers/STM32L0xx_HAL_Driver/Src/stm32l0xx_hal.o
 .debug_info    0x00000000000070d7      0x678 ./Drivers/STM32L0xx_HAL_Driver/Src/stm32l0xx_hal_cortex.o
 .debug_info    0x000000000000774f      0x70b ./Drivers/STM32L0xx_HAL_Driver/Src/stm32l0xx_hal_dma.o
 .debug_info    0x0000000000007e5a      0x574 ./Drivers/STM32L0xx_HAL_Driver/Src/stm32l0xx_hal_flash.o
 .debug_info    0x00000000000083ce      0x9c8 ./Drivers/STM32L0xx_HAL_Driver/Src/stm32l0xx_hal_flash_ex.o
 .debug_info    0x0000000000008d96      0x624 ./Drivers/STM32L0xx_HAL_Driver/Src/stm32l0xx_hal_gpio.o
 .debug_info    0x00000000000093ba     0x205f ./Drivers/STM32L0xx_HAL_Driver/Src/stm32l0xx_hal_i2c.o
 .debug_info    0x000000000000b419      0x884 ./Drivers/STM32L0xx_HAL_Driver/Src/stm32l0xx_hal_i2c_ex.o
 .debug_info    0x000000000000bc9d      0x96f ./Drivers/STM32L0xx_HAL_Driver/Src/stm32l0xx_hal_rcc.o
 .debug_info    0x000000000000c60c      0x46d ./Drivers/STM32L0xx_HAL_Driver/Src/stm32l0xx_hal_rcc_ex.o
 .debug_info    0x000000000000ca79     0x15b2 ./Drivers/STM32L0xx_HAL_Driver/Src/stm32l0xx_hal_spi.o
 .debug_info    0x000000000000e02b     0x27b3 ./Drivers/STM32L0xx_HAL_Driver/Src/stm32l0xx_hal_tim.o
 .debug_info    0x00000000000107de      0x6af ./Drivers/STM32L0xx_HAL_Driver/Src/stm32l0xx_hal_tim_ex.o

.debug_abbrev   0x0000000000000000     0x368d
 .debug_abbrev  0x0000000000000000       0xfc ./Core/Src/dma.o
 .debug_abbrev  0x00000000000000fc      0x14e ./Core/Src/gpio.o
 .debug_abbrev  0x000000000000024a      0x209 ./Core/Src/i2c.o
 .debug_abbrev  0x0000000000000453      0x18e ./Core/Src/input_handler.o
 .debug_abbrev  0x00000000000005e1      0x217 ./Core/Src/led_driver.o
 .debug_abbrev  0x00000000000007f8      0x2d3 ./Core/Src/main.o
 .debug_abbrev  0x0000000000000acb      0x215 ./Core/Src/output_handler.o
 .debug_abbrev  0x0000000000000ce0      0x250 ./Core/Src/output_mixer.o
 .debug_abbrev  0x0000000000000f30      0x1e4 ./Core/Src/spi.o
 .debug_abbrev  0x0000000000001114       0xb2 ./Core/Src/stm32l0xx_hal_msp.o
 .debug_abbrev  0x00000000000011c6      0x1d0 ./Core/Src/stm32l0xx_it.o
 .debug_abbrev  0x0000000000001396      0x11c ./Core/Src/system_stm32l0xx.o
 .debug_abbrev  0x00000000000014b2      0x246 ./Core/Src/tim.o
 .debug_abbrev  0x00000000000016f8      0x20e ./Core/Src/time_hander.o
 .debug_abbrev  0x0000000000001906       0x12 ./Core/Startup/startup_stm32l031f6px.o
 .debug_abbrev  0x0000000000001918      0x2a4 ./Drivers/STM32L0xx_HAL_Driver/Src/stm32l0xx_hal.o
 .debug_abbrev  0x0000000000001bbc      0x26f ./Drivers/STM32L0xx_HAL_Driver/Src/stm32l0xx_hal_cortex.o
 .debug_abbrev  0x0000000000001e2b      0x1cd ./Drivers/STM32L0xx_HAL_Driver/Src/stm32l0xx_hal_dma.o
 .debug_abbrev  0x0000000000001ff8      0x2b5 ./Drivers/STM32L0xx_HAL_Driver/Src/stm32l0xx_hal_flash.o
 .debug_abbrev  0x00000000000022ad      0x2eb ./Drivers/STM32L0xx_HAL_Driver/Src/stm32l0xx_hal_flash_ex.o
 .debug_abbrev  0x0000000000002598      0x1ca ./Drivers/STM32L0xx_HAL_Driver/Src/stm32l0xx_hal_gpio.o
 .debug_abbrev  0x0000000000002762      0x270 ./Drivers/STM32L0xx_HAL_Driver/Src/stm32l0xx_hal_i2c.o
 .debug_abbrev  0x00000000000029d2      0x1b9 ./Drivers/STM32L0xx_HAL_Driver/Src/stm32l0xx_hal_i2c_ex.o
 .debug_abbrev  0x0000000000002b8b      0x295 ./Drivers/STM32L0xx_HAL_Driver/Src/stm32l0xx_hal_rcc.o
 .debug_abbrev  0x0000000000002e20      0x1d2 ./Drivers/STM32L0xx_HAL_Driver/Src/stm32l0xx_hal_rcc_ex.o
 .debug_abbrev  0x0000000000002ff2      0x27e ./Drivers/STM32L0xx_HAL_Driver/Src/stm32l0xx_hal_spi.o
 .debug_abbrev  0x0000000000003270      0x272 ./Drivers/STM32L0xx_HAL_Driver/Src/stm32l0xx_hal_tim.o
 .debug_abbrev  0x00000000000034e2      0x1ab ./Drivers/STM32L0xx_HAL_Driver/Src/stm32l0xx_hal_tim_ex.o

.debug_aranges  0x0000000000000000     0x10d8
 .debug_aranges
                0x0000000000000000       0x20 ./Core/Src/dma.o
 .debug_aranges
                0x0000000000000020       0x20 ./Core/Src/gpio.o
 .debug_aranges
                0x0000000000000040       0x30 ./Core/Src/i2c.o
 .debug_aranges
                0x0000000000000070       0x38 ./Core/Src/input_handler.o
 .debug_aranges
                0x00000000000000a8       0x30 ./Core/Src/led_driver.o
 .debug_aranges
                0x00000000000000d8       0x48 ./Core/Src/main.o
 .debug_aranges
                0x0000000000000120       0x48 ./Core/Src/output_handler.o
 .debug_aranges
                0x0000000000000168       0x58 ./Core/Src/output_mixer.o
 .debug_aranges
                0x00000000000001c0       0x30 ./Core/Src/spi.o
 .debug_aranges
                0x00000000000001f0       0x20 ./Core/Src/stm32l0xx_hal_msp.o
 .debug_aranges
                0x0000000000000210       0x50 ./Core/Src/stm32l0xx_it.o
 .debug_aranges
                0x0000000000000260       0x28 ./Core/Src/system_stm32l0xx.o
 .debug_aranges
                0x0000000000000288       0x40 ./Core/Src/tim.o
 .debug_aranges
                0x00000000000002c8       0x58 ./Core/Src/time_hander.o
 .debug_aranges
                0x0000000000000320       0x28 ./Core/Startup/startup_stm32l031f6px.o
 .debug_aranges
                0x0000000000000348      0x110 ./Drivers/STM32L0xx_HAL_Driver/Src/stm32l0xx_hal.o
 .debug_aranges
                0x0000000000000458       0xc0 ./Drivers/STM32L0xx_HAL_Driver/Src/stm32l0xx_hal_cortex.o
 .debug_aranges
                0x0000000000000518       0x80 ./Drivers/STM32L0xx_HAL_Driver/Src/stm32l0xx_hal_dma.o
 .debug_aranges
                0x0000000000000598       0x80 ./Drivers/STM32L0xx_HAL_Driver/Src/stm32l0xx_hal_flash.o
 .debug_aranges
                0x0000000000000618       0xe0 ./Drivers/STM32L0xx_HAL_Driver/Src/stm32l0xx_hal_flash_ex.o
 .debug_aranges
                0x00000000000006f8       0x58 ./Drivers/STM32L0xx_HAL_Driver/Src/stm32l0xx_hal_gpio.o
 .debug_aranges
                0x0000000000000750      0x2a0 ./Drivers/STM32L0xx_HAL_Driver/Src/stm32l0xx_hal_i2c.o
 .debug_aranges
                0x00000000000009f0       0x48 ./Drivers/STM32L0xx_HAL_Driver/Src/stm32l0xx_hal_i2c_ex.o
 .debug_aranges
                0x0000000000000a38       0x80 ./Drivers/STM32L0xx_HAL_Driver/Src/stm32l0xx_hal_rcc.o
 .debug_aranges
                0x0000000000000ab8       0x58 ./Drivers/STM32L0xx_HAL_Driver/Src/stm32l0xx_hal_rcc_ex.o
 .debug_aranges
                0x0000000000000b10      0x1d0 ./Drivers/STM32L0xx_HAL_Driver/Src/stm32l0xx_hal_spi.o
 .debug_aranges
                0x0000000000000ce0      0x3d0 ./Drivers/STM32L0xx_HAL_Driver/Src/stm32l0xx_hal_tim.o
 .debug_aranges
                0x00000000000010b0       0x28 ./Drivers/STM32L0xx_HAL_Driver/Src/stm32l0xx_hal_tim_ex.o

.debug_rnglists
                0x0000000000000000      0xce8
 .debug_rnglists
                0x0000000000000000       0x13 ./Core/Src/dma.o
 .debug_rnglists
                0x0000000000000013       0x14 ./Core/Src/gpio.o
 .debug_rnglists
                0x0000000000000027       0x21 ./Core/Src/i2c.o
 .debug_rnglists
                0x0000000000000048       0x29 ./Core/Src/input_handler.o
 .debug_rnglists
                0x0000000000000071       0x21 ./Core/Src/led_driver.o
 .debug_rnglists
                0x0000000000000092       0x33 ./Core/Src/main.o
 .debug_rnglists
                0x00000000000000c5       0x33 ./Core/Src/output_handler.o
 .debug_rnglists
                0x00000000000000f8       0x45 ./Core/Src/output_mixer.o
 .debug_rnglists
                0x000000000000013d       0x20 ./Core/Src/spi.o
 .debug_rnglists
                0x000000000000015d       0x13 ./Core/Src/stm32l0xx_hal_msp.o
 .debug_rnglists
                0x0000000000000170       0x37 ./Core/Src/stm32l0xx_it.o
 .debug_rnglists
                0x00000000000001a7       0x1a ./Core/Src/system_stm32l0xx.o
 .debug_rnglists
                0x00000000000001c1       0x2e ./Core/Src/tim.o
 .debug_rnglists
                0x00000000000001ef       0x42 ./Core/Src/time_hander.o
 .debug_rnglists
                0x0000000000000231       0x19 ./Core/Startup/startup_stm32l031f6px.o
 .debug_rnglists
                0x000000000000024a       0xc7 ./Drivers/STM32L0xx_HAL_Driver/Src/stm32l0xx_hal.o
 .debug_rnglists
                0x0000000000000311       0x8c ./Drivers/STM32L0xx_HAL_Driver/Src/stm32l0xx_hal_cortex.o
 .debug_rnglists
                0x000000000000039d       0x65 ./Drivers/STM32L0xx_HAL_Driver/Src/stm32l0xx_hal_dma.o
 .debug_rnglists
                0x0000000000000402       0x5f ./Drivers/STM32L0xx_HAL_Driver/Src/stm32l0xx_hal_flash.o
 .debug_rnglists
                0x0000000000000461       0xae ./Drivers/STM32L0xx_HAL_Driver/Src/stm32l0xx_hal_flash_ex.o
 .debug_rnglists
                0x000000000000050f       0x3f ./Drivers/STM32L0xx_HAL_Driver/Src/stm32l0xx_hal_gpio.o
 .debug_rnglists
                0x000000000000054e      0x229 ./Drivers/STM32L0xx_HAL_Driver/Src/stm32l0xx_hal_i2c.o
 .debug_rnglists
                0x0000000000000777       0x35 ./Drivers/STM32L0xx_HAL_Driver/Src/stm32l0xx_hal_i2c_ex.o
 .debug_rnglists
                0x00000000000007ac       0x61 ./Drivers/STM32L0xx_HAL_Driver/Src/stm32l0xx_hal_rcc.o
 .debug_rnglists
                0x000000000000080d       0x40 ./Drivers/STM32L0xx_HAL_Driver/Src/stm32l0xx_hal_rcc_ex.o
 .debug_rnglists
                0x000000000000084d      0x171 ./Drivers/STM32L0xx_HAL_Driver/Src/stm32l0xx_hal_spi.o
 .debug_rnglists
                0x00000000000009be      0x310 ./Drivers/STM32L0xx_HAL_Driver/Src/stm32l0xx_hal_tim.o
 .debug_rnglists
                0x0000000000000cce       0x1a ./Drivers/STM32L0xx_HAL_Driver/Src/stm32l0xx_hal_tim_ex.o

.debug_macro    0x0000000000000000    0x13962
 .debug_macro   0x0000000000000000      0x1dc ./Core/Src/dma.o
 .debug_macro   0x00000000000001dc      0xa7e ./Core/Src/dma.o
 .debug_macro   0x0000000000000c5a      0x125 ./Core/Src/dma.o
 .debug_macro   0x0000000000000d7f       0x2e ./Core/Src/dma.o
 .debug_macro   0x0000000000000dad       0x28 ./Core/Src/dma.o
 .debug_macro   0x0000000000000dd5       0x22 ./Core/Src/dma.o
 .debug_macro   0x0000000000000df7       0x8e ./Core/Src/dma.o
 .debug_macro   0x0000000000000e85       0x51 ./Core/Src/dma.o
 .debug_macro   0x0000000000000ed6      0x103 ./Core/Src/dma.o
 .debug_macro   0x0000000000000fd9       0x6a ./Core/Src/dma.o
 .debug_macro   0x0000000000001043      0x1df ./Core/Src/dma.o
 .debug_macro   0x0000000000001222       0x1c ./Core/Src/dma.o
 .debug_macro   0x000000000000123e       0x22 ./Core/Src/dma.o
 .debug_macro   0x0000000000001260       0xaf ./Core/Src/dma.o
 .debug_macro   0x000000000000130f      0x3ad ./Core/Src/dma.o
 .debug_macro   0x00000000000016bc     0x7f07 ./Core/Src/dma.o
 .debug_macro   0x00000000000095c3       0x66 ./Core/Src/dma.o
 .debug_macro   0x0000000000009629     0x3590 ./Core/Src/dma.o
 .debug_macro   0x000000000000cbb9      0x174 ./Core/Src/dma.o
 .debug_macro   0x000000000000cd2d       0x5c ./Core/Src/dma.o
 .debug_macro   0x000000000000cd89      0x8b4 ./Core/Src/dma.o
 .debug_macro   0x000000000000d63d      0x474 ./Core/Src/dma.o
 .debug_macro   0x000000000000dab1      0x189 ./Core/Src/dma.o
 .debug_macro   0x000000000000dc3a      0x13f ./Core/Src/dma.o
 .debug_macro   0x000000000000dd79      0x10d ./Core/Src/dma.o
 .debug_macro   0x000000000000de86       0x82 ./Core/Src/dma.o
 .debug_macro   0x000000000000df08      0x28e ./Core/Src/dma.o
 .debug_macro   0x000000000000e196       0x28 ./Core/Src/dma.o
 .debug_macro   0x000000000000e1be      0x128 ./Core/Src/dma.o
 .debug_macro   0x000000000000e2e6      0x23b ./Core/Src/dma.o
 .debug_macro   0x000000000000e521      0x22c ./Core/Src/dma.o
 .debug_macro   0x000000000000e74d       0x5b ./Core/Src/dma.o
 .debug_macro   0x000000000000e7a8       0xa5 ./Core/Src/dma.o
 .debug_macro   0x000000000000e84d      0x186 ./Core/Src/dma.o
 .debug_macro   0x000000000000e9d3       0x16 ./Core/Src/dma.o
 .debug_macro   0x000000000000e9e9      0x22c ./Core/Src/dma.o
 .debug_macro   0x000000000000ec15      0x788 ./Core/Src/dma.o
 .debug_macro   0x000000000000f39d       0xc6 ./Core/Src/dma.o
 .debug_macro   0x000000000000f463      0x12a ./Core/Src/dma.o
 .debug_macro   0x000000000000f58d       0x22 ./Core/Src/dma.o
 .debug_macro   0x000000000000f5af       0x5e ./Core/Src/dma.o
 .debug_macro   0x000000000000f60d      0x1dc ./Core/Src/gpio.o
 .debug_macro   0x000000000000f7e9      0x1dc ./Core/Src/i2c.o
 .debug_macro   0x000000000000f9c5      0x1ea ./Core/Src/input_handler.o
 .debug_macro   0x000000000000fbaf      0xb56 ./Core/Src/input_handler.o
 .debug_macro   0x0000000000010705       0x1c ./Core/Src/input_handler.o
 .debug_macro   0x0000000000010721      0x3ad ./Core/Src/input_handler.o
 .debug_macro   0x0000000000010ace      0x17b ./Core/Src/input_handler.o
 .debug_macro   0x0000000000010c49       0x16 ./Core/Src/input_handler.o
 .debug_macro   0x0000000000010c5f       0x40 ./Core/Src/input_handler.o
 .debug_macro   0x0000000000010c9f      0x1fe ./Core/Src/led_driver.o
 .debug_macro   0x0000000000010e9d       0x40 ./Core/Src/led_driver.o
 .debug_macro   0x0000000000010edd      0x246 ./Core/Src/main.o
 .debug_macro   0x0000000000011123       0x8e ./Core/Src/main.o
 .debug_macro   0x00000000000111b1       0x10 ./Core/Src/main.o
 .debug_macro   0x00000000000111c1       0x1c ./Core/Src/main.o
 .debug_macro   0x00000000000111dd      0x1f7 ./Core/Src/output_handler.o
 .debug_macro   0x00000000000113d4      0x240 ./Core/Src/output_mixer.o
 .debug_macro   0x0000000000011614       0x88 ./Core/Src/output_mixer.o
 .debug_macro   0x000000000001169c      0x1dc ./Core/Src/spi.o
 .debug_macro   0x0000000000011878      0x1d2 ./Core/Src/stm32l0xx_hal_msp.o
 .debug_macro   0x0000000000011a4a      0x1dc ./Core/Src/stm32l0xx_it.o
 .debug_macro   0x0000000000011c26      0x1ba ./Core/Src/system_stm32l0xx.o
 .debug_macro   0x0000000000011de0      0x1dc ./Core/Src/tim.o
 .debug_macro   0x0000000000011fbc      0x1f6 ./Core/Src/time_hander.o
 .debug_macro   0x00000000000121b2      0x1de ./Drivers/STM32L0xx_HAL_Driver/Src/stm32l0xx_hal.o
 .debug_macro   0x0000000000012390      0x1ba ./Drivers/STM32L0xx_HAL_Driver/Src/stm32l0xx_hal_cortex.o
 .debug_macro   0x000000000001254a      0x1ba ./Drivers/STM32L0xx_HAL_Driver/Src/stm32l0xx_hal_dma.o
 .debug_macro   0x0000000000012704      0x1bb ./Drivers/STM32L0xx_HAL_Driver/Src/stm32l0xx_hal_flash.o
 .debug_macro   0x00000000000128bf      0x1ba ./Drivers/STM32L0xx_HAL_Driver/Src/stm32l0xx_hal_flash_ex.o
 .debug_macro   0x0000000000012a79      0x1c1 ./Drivers/STM32L0xx_HAL_Driver/Src/stm32l0xx_hal_gpio.o
 .debug_macro   0x0000000000012c3a      0x286 ./Drivers/STM32L0xx_HAL_Driver/Src/stm32l0xx_hal_i2c.o
 .debug_macro   0x0000000000012ec0      0x1ba ./Drivers/STM32L0xx_HAL_Driver/Src/stm32l0xx_hal_i2c_ex.o
 .debug_macro   0x000000000001307a      0x1f0 ./Drivers/STM32L0xx_HAL_Driver/Src/stm32l0xx_hal_rcc.o
 .debug_macro   0x000000000001326a      0x1ba ./Drivers/STM32L0xx_HAL_Driver/Src/stm32l0xx_hal_rcc_ex.o
 .debug_macro   0x0000000000013424      0x1c9 ./Drivers/STM32L0xx_HAL_Driver/Src/stm32l0xx_hal_spi.o
 .debug_macro   0x00000000000135ed      0x1bb ./Drivers/STM32L0xx_HAL_Driver/Src/stm32l0xx_hal_tim.o
 .debug_macro   0x00000000000137a8      0x1ba ./Drivers/STM32L0xx_HAL_Driver/Src/stm32l0xx_hal_tim_ex.o

.debug_line     0x0000000000000000    0x177c8
 .debug_line    0x0000000000000000      0x76c ./Core/Src/dma.o
 .debug_line    0x000000000000076c      0x796 ./Core/Src/gpio.o
 .debug_line    0x0000000000000f02      0x7ed ./Core/Src/i2c.o
 .debug_line    0x00000000000016ef      0x921 ./Core/Src/input_handler.o
 .debug_line    0x0000000000002010      0x8cd ./Core/Src/led_driver.o
 .debug_line    0x00000000000028dd      0xa55 ./Core/Src/main.o
 .debug_line    0x0000000000003332      0x939 ./Core/Src/output_handler.o
 .debug_line    0x0000000000003c6b     0x1198 ./Core/Src/output_mixer.o
 .debug_line    0x0000000000004e03      0x7e2 ./Core/Src/spi.o
 .debug_line    0x00000000000055e5      0x770 ./Core/Src/stm32l0xx_hal_msp.o
 .debug_line    0x0000000000005d55      0x808 ./Core/Src/stm32l0xx_it.o
 .debug_line    0x000000000000655d      0x812 ./Core/Src/system_stm32l0xx.o
 .debug_line    0x0000000000006d6f      0x8e8 ./Core/Src/tim.o
 .debug_line    0x0000000000007657      0xb29 ./Core/Src/time_hander.o
 .debug_line    0x0000000000008180       0x7b ./Core/Startup/startup_stm32l031f6px.o
 .debug_line    0x00000000000081fb      0xab5 ./Drivers/STM32L0xx_HAL_Driver/Src/stm32l0xx_hal.o
 .debug_line    0x0000000000008cb0      0xa8c ./Drivers/STM32L0xx_HAL_Driver/Src/stm32l0xx_hal_cortex.o
 .debug_line    0x000000000000973c      0xca4 ./Drivers/STM32L0xx_HAL_Driver/Src/stm32l0xx_hal_dma.o
 .debug_line    0x000000000000a3e0      0xb35 ./Drivers/STM32L0xx_HAL_Driver/Src/stm32l0xx_hal_flash.o
 .debug_line    0x000000000000af15      0xd85 ./Drivers/STM32L0xx_HAL_Driver/Src/stm32l0xx_hal_flash_ex.o
 .debug_line    0x000000000000bc9a      0xb2f ./Drivers/STM32L0xx_HAL_Driver/Src/stm32l0xx_hal_gpio.o
 .debug_line    0x000000000000c7c9     0x37f2 ./Drivers/STM32L0xx_HAL_Driver/Src/stm32l0xx_hal_i2c.o
 .debug_line    0x000000000000ffbb      0x97f ./Drivers/STM32L0xx_HAL_Driver/Src/stm32l0xx_hal_i2c_ex.o
 .debug_line    0x000000000001093a      0xef4 ./Drivers/STM32L0xx_HAL_Driver/Src/stm32l0xx_hal_rcc.o
 .debug_line    0x000000000001182e      0xab8 ./Drivers/STM32L0xx_HAL_Driver/Src/stm32l0xx_hal_rcc_ex.o
 .debug_line    0x00000000000122e6     0x1ce1 ./Drivers/STM32L0xx_HAL_Driver/Src/stm32l0xx_hal_spi.o
 .debug_line    0x0000000000013fc7     0x2fd2 ./Drivers/STM32L0xx_HAL_Driver/Src/stm32l0xx_hal_tim.o
 .debug_line    0x0000000000016f99      0x82f ./Drivers/STM32L0xx_HAL_Driver/Src/stm32l0xx_hal_tim_ex.o

.debug_str      0x0000000000000000    0x69f06
 .debug_str     0x0000000000000000    0x64754 ./Core/Src/dma.o
                                      0x64a70 (size before relaxing)
 .debug_str     0x0000000000064754       0xce ./Core/Src/gpio.o
                                      0x649c3 (size before relaxing)
 .debug_str     0x0000000000064822      0x42b ./Core/Src/i2c.o
                                      0x64ef2 (size before relaxing)
 .debug_str     0x0000000000064c4d      0x941 ./Core/Src/input_handler.o
                                      0x65066 (size before relaxing)
 .debug_str     0x000000000006558e      0x477 ./Core/Src/led_driver.o
                                      0x65578 (size before relaxing)
 .debug_str     0x0000000000065a05      0x6b5 ./Core/Src/main.o
                                      0x65d95 (size before relaxing)
 .debug_str     0x00000000000660ba      0x2cd ./Core/Src/output_handler.o
                                      0x6549f (size before relaxing)
 .debug_str     0x0000000000066387      0x2c5 ./Core/Src/output_mixer.o
                                      0x6569f (size before relaxing)
 .debug_str     0x000000000006664c       0x4b ./Core/Src/spi.o
                                      0x64dd4 (size before relaxing)
 .debug_str     0x0000000000066697       0x2c ./Core/Src/stm32l0xx_hal_msp.o
                                      0x648f1 (size before relaxing)
 .debug_str     0x00000000000666c3       0xe0 ./Core/Src/stm32l0xx_it.o
                                      0x64dd3 (size before relaxing)
 .debug_str     0x00000000000667a3       0x99 ./Core/Src/system_stm32l0xx.o
                                      0x647a5 (size before relaxing)
 .debug_str     0x000000000006683c      0x21e ./Core/Src/tim.o
                                      0x65241 (size before relaxing)
 .debug_str     0x0000000000066a5a      0x1cc ./Core/Src/time_hander.o
                                      0x65761 (size before relaxing)
 .debug_str     0x0000000000066c26       0x34 ./Core/Startup/startup_stm32l031f6px.o
                                         0x74 (size before relaxing)
 .debug_str     0x0000000000066c5a      0x415 ./Drivers/STM32L0xx_HAL_Driver/Src/stm32l0xx_hal.o
                                      0x64e4c (size before relaxing)
 .debug_str     0x000000000006706f      0x1b0 ./Drivers/STM32L0xx_HAL_Driver/Src/stm32l0xx_hal_cortex.o
                                      0x64aa1 (size before relaxing)
 .debug_str     0x000000000006721f      0x238 ./Drivers/STM32L0xx_HAL_Driver/Src/stm32l0xx_hal_dma.o
                                      0x64b19 (size before relaxing)
 .debug_str     0x0000000000067457      0x24d ./Drivers/STM32L0xx_HAL_Driver/Src/stm32l0xx_hal_flash.o
                                      0x6499f (size before relaxing)
 .debug_str     0x00000000000676a4      0x399 ./Drivers/STM32L0xx_HAL_Driver/Src/stm32l0xx_hal_flash_ex.o
                                      0x64c8a (size before relaxing)
 .debug_str     0x0000000000067a3d       0xe8 ./Drivers/STM32L0xx_HAL_Driver/Src/stm32l0xx_hal_gpio.o
                                      0x64945 (size before relaxing)
 .debug_str     0x0000000000067b25      0xd6d ./Drivers/STM32L0xx_HAL_Driver/Src/stm32l0xx_hal_i2c.o
                                      0x65ab3 (size before relaxing)
 .debug_str     0x0000000000068892       0xb8 ./Drivers/STM32L0xx_HAL_Driver/Src/stm32l0xx_hal_i2c_ex.o
                                      0x64d33 (size before relaxing)
 .debug_str     0x000000000006894a      0x2ac ./Drivers/STM32L0xx_HAL_Driver/Src/stm32l0xx_hal_rcc.o
                                      0x64ca6 (size before relaxing)
 .debug_str     0x0000000000068bf6      0x120 ./Drivers/STM32L0xx_HAL_Driver/Src/stm32l0xx_hal_rcc_ex.o
                                      0x649a9 (size before relaxing)
 .debug_str     0x0000000000068d16      0x53f ./Drivers/STM32L0xx_HAL_Driver/Src/stm32l0xx_hal_spi.o
                                      0x65094 (size before relaxing)
 .debug_str     0x0000000000069255      0xc5a ./Drivers/STM32L0xx_HAL_Driver/Src/stm32l0xx_hal_tim.o
                                      0x65a6d (size before relaxing)
 .debug_str     0x0000000000069eaf       0x57 ./Drivers/STM32L0xx_HAL_Driver/Src/stm32l0xx_hal_tim_ex.o
                                      0x64c22 (size before relaxing)

.debug_frame    0x0000000000000000     0x3aac
 .debug_frame   0x0000000000000000       0x30 ./Core/Src/dma.o
 .debug_frame   0x0000000000000030       0x30 ./Core/Src/gpio.o
 .debug_frame   0x0000000000000060       0x6c ./Core/Src/i2c.o
 .debug_frame   0x00000000000000cc       0x8c ./Core/Src/input_handler.o
 .debug_frame   0x0000000000000158       0x70 ./Core/Src/led_driver.o
 .debug_frame   0x00000000000001c8       0xcc ./Core/Src/main.o
 .debug_frame   0x0000000000000294       0xc4 ./Core/Src/output_handler.o
 .debug_frame   0x0000000000000358      0x118 ./Core/Src/output_mixer.o
 .debug_frame   0x0000000000000470       0x6c ./Core/Src/spi.o
 .debug_frame   0x00000000000004dc       0x2c ./Core/Src/stm32l0xx_hal_msp.o
 .debug_frame   0x0000000000000508       0xd4 ./Core/Src/stm32l0xx_it.o
 .debug_frame   0x00000000000005dc       0x4c ./Core/Src/system_stm32l0xx.o
 .debug_frame   0x0000000000000628       0xb0 ./Core/Src/tim.o
 .debug_frame   0x00000000000006d8      0x10c ./Core/Src/time_hander.o
 .debug_frame   0x00000000000007e4      0x394 ./Drivers/STM32L0xx_HAL_Driver/Src/stm32l0xx_hal.o
 .debug_frame   0x0000000000000b78      0x2a0 ./Drivers/STM32L0xx_HAL_Driver/Src/stm32l0xx_hal_cortex.o
 .debug_frame   0x0000000000000e18      0x1b0 ./Drivers/STM32L0xx_HAL_Driver/Src/stm32l0xx_hal_dma.o
 .debug_frame   0x0000000000000fc8      0x1a4 ./Drivers/STM32L0xx_HAL_Driver/Src/stm32l0xx_hal_flash.o
 .debug_frame   0x000000000000116c      0x344 ./Drivers/STM32L0xx_HAL_Driver/Src/stm32l0xx_hal_flash_ex.o
 .debug_frame   0x00000000000014b0      0x110 ./Drivers/STM32L0xx_HAL_Driver/Src/stm32l0xx_hal_gpio.o
 .debug_frame   0x00000000000015c0      0xa64 ./Drivers/STM32L0xx_HAL_Driver/Src/stm32l0xx_hal_i2c.o
 .debug_frame   0x0000000000002024       0xd0 ./Drivers/STM32L0xx_HAL_Driver/Src/stm32l0xx_hal_i2c_ex.o
 .debug_frame   0x00000000000020f4      0x1a8 ./Drivers/STM32L0xx_HAL_Driver/Src/stm32l0xx_hal_rcc.o
 .debug_frame   0x000000000000229c       0xfc ./Drivers/STM32L0xx_HAL_Driver/Src/stm32l0xx_hal_rcc_ex.o
 .debug_frame   0x0000000000002398      0x6f0 ./Drivers/STM32L0xx_HAL_Driver/Src/stm32l0xx_hal_spi.o
 .debug_frame   0x0000000000002a88      0xef8 ./Drivers/STM32L0xx_HAL_Driver/Src/stm32l0xx_hal_tim.o
 .debug_frame   0x0000000000003980       0x50 ./Drivers/STM32L0xx_HAL_Driver/Src/stm32l0xx_hal_tim_ex.o
 .debug_frame   0x00000000000039d0       0x20 C:/Program Files/STMicroelectronics/STM32Cube/STM32CubeIDE_1.13.2/STM32CubeIDE/plugins/com.st.stm32cube.ide.mcu.externaltools.gnu-tools-for-stm32.11.3.rel1.win32_1.1.1.202309131626/tools/bin/../lib/gcc/arm-none-eabi/11.3.1/../../../../arm-none-eabi/lib/thumb/v6-m/nofp\libc_nano.a(libc_a-memset.o)
 .debug_frame   0x00000000000039f0       0x2c C:/Program Files/STMicroelectronics/STM32Cube/STM32CubeIDE_1.13.2/STM32CubeIDE/plugins/com.st.stm32cube.ide.mcu.externaltools.gnu-tools-for-stm32.11.3.rel1.win32_1.1.1.202309131626/tools/bin/../lib/gcc/arm-none-eabi/11.3.1/../../../../arm-none-eabi/lib/thumb/v6-m/nofp\libc_nano.a(libc_a-init.o)
 .debug_frame   0x0000000000003a1c       0x20 C:/Program Files/STMicroelectronics/STM32Cube/STM32CubeIDE_1.13.2/STM32CubeIDE/plugins/com.st.stm32cube.ide.mcu.externaltools.gnu-tools-for-stm32.11.3.rel1.win32_1.1.1.202309131626/tools/bin/../lib/gcc/arm-none-eabi/11.3.1/thumb/v6-m/nofp\libgcc.a(_udivsi3.o)
 .debug_frame   0x0000000000003a3c       0x34 C:/Program Files/STMicroelectronics/STM32Cube/STM32CubeIDE_1.13.2/STM32CubeIDE/plugins/com.st.stm32cube.ide.mcu.externaltools.gnu-tools-for-stm32.11.3.rel1.win32_1.1.1.202309131626/tools/bin/../lib/gcc/arm-none-eabi/11.3.1/thumb/v6-m/nofp\libgcc.a(_muldi3.o)
 .debug_frame   0x0000000000003a70       0x3c C:/Program Files/STMicroelectronics/STM32Cube/STM32CubeIDE_1.13.2/STM32CubeIDE/plugins/com.st.stm32cube.ide.mcu.externaltools.gnu-tools-for-stm32.11.3.rel1.win32_1.1.1.202309131626/tools/bin/../lib/gcc/arm-none-eabi/11.3.1/thumb/v6-m/nofp\libgcc.a(_udivmoddi4.o)

.debug_line_str
                0x0000000000000000       0x68
 .debug_line_str
                0x0000000000000000       0x68 ./Core/Startup/startup_stm32l031f6px.o
                                         0x80 (size before relaxing)
